<html>
<body>
<pre>
<h1>µVision Build Log</h1>
<h2>Tool Versions:</h2>
IDE-Version: µVision V5.28.0.0
Copyright (C) 2019 ARM Ltd and ARM Germany GmbH. All rights reserved.
License Information: Madeline Wilkinson Duke University Flex license: MDK Professional 5.28 (Flex) (mdk_pro) Operation stops: 8 Aug 2020
 
Tool Versions:
Toolchain:       MDK Professional 5.28 (Flex)  Version: 5.28.0.0
Toolchain Path:  C:\Keil_v5\ARM\ARMCC\Bin
C Compiler:      Armcc.exe V5.06 update 6 (build 750)
Assembler:       Armasm.exe V5.06 update 6 (build 750)
Linker/Locator:  ArmLink.exe V5.06 update 6 (build 750)
Library Manager: ArmAr.exe V5.06 update 6 (build 750)
Hex Converter:   FromElf.exe V5.06 update 6 (build 750)
CPU DLL:         SARMCM3.DLL V5.28.0.0
Dialog DLL:      DARMP1.DLL V1.27.0.0
Target DLL:      CMSIS_AGDI.dll V1.31.18.0
Dialog DLL:      TARMP1.DLL V1.26.0.0
 
<h2>Project:</h2>
C:\Users\Madeline Wilkinson\Documents\School\ECE459\ECE459_Lab5\mbed_nanoRK_B-MAC_round_trip_skeleton_Mole1\mbed_nanoRK_B-MAC_round_trip_skeleton\mRK_B-MAC_round_trip\mRK.uvprojx
Project File Date:  11/06/2019

<h2>Output:</h2>
*** Using Compiler 'V5.06 update 6 (build 750)', folder: 'C:\Keil_v5\ARM\ARMCC\Bin'
Build target 'mbed LPC1768'
compiling main.cpp...
mRK\NanoRk\src\main.cpp(106): warning:  #111-D: statement is unreachable
  	return 0;
mRK\NanoRk\src\main.cpp(112): warning:  #550-D: variable "val"  was set but never used
    int8_t val;
mRK\NanoRk\src\main.cpp(113): warning:  #550-D: variable "local_rx_buf"  was set but never used
  	char *local_rx_buf;
mRK\NanoRk\src\main.cpp(201): warning:  #177-D: variable "j"  was declared but never referenced
    uint8_t j, i, val, len, cnt;
mRK\NanoRk\src\main.cpp(201): warning:  #177-D: variable "i"  was declared but never referenced
    uint8_t j, i, val, len, cnt;
mRK\NanoRk\src\main.cpp(201): warning:  #177-D: variable "len"  was declared but never referenced
    uint8_t j, i, val, len, cnt;
mRK\NanoRk\src\main.cpp(202): warning:  #177-D: variable "v"  was declared but never referenced
    int8_t v;
mRK\NanoRk\src\main.cpp(204): warning:  #177-D: variable "ret"  was declared but never referenced
    nrk_sig_mask_t ret;
mRK\NanoRk\src\main.cpp(205): warning:  #177-D: variable "r_period"  was declared but never referenced
    nrk_time_t r_period;
mRK\NanoRk\src\main.cpp(372): warning:  #1-D: last line of file ends without a newline
  }
mRK\NanoRk\src\main.cpp(50): warning:  #177-D: variable "rxContentSuccess3"  was declared but never referenced
  static uint16_t rxContentSuccess3 = 0;
mRK\NanoRk\src\main.cpp: 11 warnings, 0 errors
linking...
Program Size: Code=31776 RO-data=1644 RW-data=364 ZI-data=3112  
After Build - User command #1: fromelf --bin -o F:\mRK.bin .\Objects\mRK.axf
".\Objects\mRK.axf" - 0 Error(s), 11 Warning(s).

<h2>Software Packages used:</h2>

Package Vendor: ARM
                http://www.keil.com/pack/ARM.CMSIS.5.6.0.pack
                ARM.CMSIS.5.6.0
                CMSIS (Cortex Microcontroller Software Interface Standard)
   * Component: CORE Version: 5.3.0

Package Vendor: Keil
                http://www.keil.com/pack/Keil.LPC1700_DFP.2.6.0.pack
                Keil.LPC1700_DFP.2.6.0
                NXP LPC1700 Series Device Support, Drivers and Examples for MCB1700 and LPC1788-32

<h2>Collection of Component include folders:</h2>
  .\RTE\_mbed_LPC1768
  C:\Users\Madeline Wilkinson\AppData\Local\Arm\Packs\ARM\CMSIS\5.6.0\CMSIS\Core\Include
  C:\Users\Madeline Wilkinson\AppData\Local\Arm\Packs\Keil\LPC1700_DFP\2.6.0\Device\Include

<h2>Collection of Component Files used:</h2>

   * Component: ARM::CMSIS:CORE:5.3.0
Build Time Elapsed:  00:00:02
</pre>
</body>
</html>
