Component: ARM Compiler 5.06 update 6 (build 750) Tool: armlink [4d35ed]

==============================================================================

Section Cross References

    my_asm.o(.text) refers to nrk.o(i._nrk_timer_tick) for _nrk_timer_tick
    my_asm.o(.text) refers to nrk.o(.data) for nrk_high_ready_TCB
    hal_wait.o(.ARM.exidx) refers to hal_wait.o(i._Z7halWaitt) for i._Z7halWaitt
    nrk_eeprom.o(.ARM.exidx) refers to nrk_eeprom.o(i._Z20nrk_eeprom_read_bytet) for i._Z20nrk_eeprom_read_bytet
    nrk_eeprom.o(.ARM.exidx) refers to nrk_eeprom.o(i._Z21nrk_eeprom_write_byteth) for i._Z21nrk_eeprom_write_byteth
    nrk_eeprom.o(.ARM.exidx) refers to nrk_eeprom.o(i._Z23read_eeprom_mac_addressPj) for i._Z23read_eeprom_mac_addressPj
    nrk_eeprom.o(.ARM.exidx) refers to nrk_eeprom.o(i._Z19read_eeprom_channelPh) for i._Z19read_eeprom_channelPh
    nrk_eeprom.o(.ARM.exidx) refers to nrk_eeprom.o(i._Z27write_eeprom_load_img_pagesPh) for i._Z27write_eeprom_load_img_pagesPh
    nrk_eeprom.o(.ARM.exidx) refers to nrk_eeprom.o(i._Z26read_eeprom_load_img_pagesPh) for i._Z26read_eeprom_load_img_pagesPh
    nrk_eeprom.o(.ARM.exidx) refers to nrk_eeprom.o(i._Z19read_eeprom_aes_keyPh) for i._Z19read_eeprom_aes_keyPh
    nrk_eeprom.o(.ARM.exidx) refers to nrk_eeprom.o(i._Z20write_eeprom_aes_keyPh) for i._Z20write_eeprom_aes_keyPh
    nrk_eeprom.o(.ARM.exidx) refers to nrk_eeprom.o(i._Z34read_eeprom_current_image_checksumPh) for i._Z34read_eeprom_current_image_checksumPh
    nrk_eeprom.o(.ARM.exidx) refers to nrk_eeprom.o(i._Z35write_eeprom_current_image_checksumPh) for i._Z35write_eeprom_current_image_checksumPh
    ulib.o(i._Z11GPIO_SetDirhjh) refers to ulib.o(i._Z15GPIO_GetPointerh) for GPIO_GetPointer(unsigned char)
    ulib.o(i._Z11GPIO_Togglehj) refers to ulib.o(i._Z15GPIO_GetPointerh) for GPIO_GetPointer(unsigned char)
    ulib.o(i._Z11nrk_led_clri) refers to ulib.o(i._Z12nrk_gpio_clrj) for nrk_gpio_clr(unsigned)
    ulib.o(i._Z11nrk_led_seti) refers to ulib.o(i._Z12nrk_gpio_setj) for nrk_gpio_set(unsigned)
    ulib.o(i._Z11setup_uart2t) refers to ulib.o(i._Z21UART_ConfigStructInitP13UART_CFG_Type) for UART_ConfigStructInit(UART_CFG_Type*)
    ulib.o(i._Z11setup_uart2t) refers to ulib.o(i._Z9UART_InitP16LPC_UART_TypeDefP13UART_CFG_Type) for UART_Init(LPC_UART_TypeDef*, UART_CFG_Type*)
    ulib.o(i._Z11setup_uart3j) refers to ulib.o(i._Z21UART_ConfigStructInitP13UART_CFG_Type) for UART_ConfigStructInit(UART_CFG_Type*)
    ulib.o(i._Z11setup_uart3j) refers to ulib.o(i._Z9UART_InitP16LPC_UART_TypeDefP13UART_CFG_Type) for UART_Init(LPC_UART_TypeDef*, UART_CFG_Type*)
    ulib.o(i._Z12nrk_gpio_clrj) refers to ulib.o(i._Z15GPIO_ClearValuehj) for GPIO_ClearValue(unsigned char, unsigned)
    ulib.o(i._Z12nrk_gpio_geth) refers to ulib.o(i._Z14GPIO_ReadValueh) for GPIO_ReadValue(unsigned char)
    ulib.o(i._Z12nrk_gpio_setj) refers to ulib.o(i._Z13GPIO_SetValuehj) for GPIO_SetValue(unsigned char, unsigned)
    ulib.o(i._Z12setupSPIPinsv) refers to ulib.o(i._Z16PINSEL_ConfigPinP15PINSEL_CFG_Type) for PINSEL_ConfigPin(PINSEL_CFG_Type*)
    ulib.o(i._Z13GPIO_SetValuehj) refers to ulib.o(i._Z15GPIO_GetPointerh) for GPIO_GetPointer(unsigned char)
    ulib.o(i._Z14CLKPWR_GetPCLKj) refers to ulib.o(i._Z17CLKPWR_GetPCLKSELj) for CLKPWR_GetPCLKSEL(unsigned)
    ulib.o(i._Z14CLKPWR_GetPCLKj) refers to system_LPC17xx.o(.data) for SystemCoreClock
    ulib.o(i._Z14GPIO_ReadValueh) refers to ulib.o(i._Z15GPIO_GetPointerh) for GPIO_GetPointer(unsigned char)
    ulib.o(i._Z14nrk_led_togglei) refers to ulib.o(i._Z15nrk_gpio_togglej) for nrk_gpio_toggle(unsigned)
    ulib.o(i._Z14nrk_setup_uartj) refers to ulib.o(i._Z11setup_uart3j) for setup_uart3(unsigned)
    ulib.o(i._Z14setup_uartPinsv) refers to ulib.o(i._Z16PINSEL_ConfigPinP15PINSEL_CFG_Type) for PINSEL_ConfigPin(PINSEL_CFG_Type*)
    ulib.o(i._Z15GPIO_ClearValuehj) refers to ulib.o(i._Z15GPIO_GetPointerh) for GPIO_GetPointer(unsigned char)
    ulib.o(i._Z15nrk_gpio_togglej) refers to ulib.o(i._Z11GPIO_Togglehj) for GPIO_Toggle(unsigned char, unsigned)
    ulib.o(i._Z15nrk_setup_portsv) refers to ulib.o(i._Z9PORT_INITv) for PORT_INIT()
    ulib.o(i._Z16PINSEL_ConfigPinP15PINSEL_CFG_Type) refers to ulib.o(i._Z11set_PinFunchhh) for set_PinFunc(unsigned char, unsigned char, unsigned char)
    ulib.o(i._Z16PINSEL_ConfigPinP15PINSEL_CFG_Type) refers to ulib.o(i._Z16set_ResistorModehhh) for set_ResistorMode(unsigned char, unsigned char, unsigned char)
    ulib.o(i._Z16PINSEL_ConfigPinP15PINSEL_CFG_Type) refers to ulib.o(i._Z17set_OpenDrainModehhh) for set_OpenDrainMode(unsigned char, unsigned char, unsigned char)
    ulib.o(i._Z17uart_set_divisorsP16LPC_UART_TypeDefj) refers to ulib.o(i._Z14CLKPWR_GetPCLKj) for CLKPWR_GetPCLK(unsigned)
    ulib.o(i._Z17uart_set_divisorsP16LPC_UART_TypeDefj) refers to lludivv7m.o(.text) for __aeabi_uldivmod
    ulib.o(i._Z18nrk_gpio_directionjh) refers to ulib.o(i._Z11GPIO_SetDirhjh) for GPIO_SetDir(unsigned char, unsigned, unsigned char)
[...]
    gpio_write                               0x00006c65   Thumb Code    24  gpio_api.c.lpc1768.arm.o(i.gpio_write)
    ldexp                                    0x00006c7d   Thumb Code   116  ldexp.o(i.ldexp)
    main                                     0x00006cf1   Thumb Code    80  main.o(i.main)
    mbed_die                                 0x00006d49   Thumb Code   114  utils_api.c.lpc1768.arm.o(i.mbed_die)
    pin_function                             0x00006dc1   Thumb Code    52  pinmap.c.lpc1768.arm.o(i.pin_function)
    pin_mode                                 0x00006df9   Thumb Code    52  pinmap.c.lpc1768.arm.o(i.pin_mode)
    pinmap_merge                             0x00006e31   Thumb Code    36  pinmap.c.lpc1768.arm.o(i.pinmap_merge)
    pinmap_peripheral                        0x00006e6d   Thumb Code    50  pinmap.c.lpc1768.arm.o(i.pinmap_peripheral)
    pinmap_pinout                            0x00006ec5   Thumb Code   134  pinmap.c.lpc1768.arm.o(i.pinmap_pinout)
    scalbnf                                  0x00006f69   Thumb Code    84  scalbnf.o(i.scalbnf)
    semihost_exit                            0x00006fbd   Thumb Code    12  semihost_api.c.lpc1768.arm.o(i.semihost_exit)
    serial_baud                              0x00006fc9   Thumb Code   218  serial_api.c.lpc1768.arm.o(i.serial_baud)
    serial_format                            0x000070c9   Thumb Code   132  serial_api.c.lpc1768.arm.o(i.serial_format)
    serial_init                              0x0000715d   Thumb Code   178  serial_api.c.lpc1768.arm.o(i.serial_init)
    serial_putc                              0x00007241   Thumb Code    12  serial_api.c.lpc1768.arm.o(i.serial_putc)
    timer_frequency                          0x0000724d   Thumb Code    16  timer_api.c.lpc1768.arm.o(i.timer_frequency)
    timer_init                               0x00007261   Thumb Code   100  timer_api.c.lpc1768.arm.o(i.timer_init)
    timer_read                               0x000072d1   Thumb Code     4  timer_api.c.lpc1768.arm.o(i.timer_read)
    timer_start                              0x000072d5   Thumb Code    12  timer_api.c.lpc1768.arm.o(i.timer_start)
    us_ticker_read                           0x000072e1   Thumb Code    44  us_ticker_api.c.lpc1768.arm.o(i.us_ticker_read)
    wait_ms                                  0x00007319   Thumb Code    28  wait_api.c.lpc1768.arm.o(i.wait_ms)
    wait_us                                  0x00007335   Thumb Code    22  wait_api.c.lpc1768.arm.o(i.wait_us)
    _get_lc_ctype                            0x0000734d   Thumb Code    44  lc_ctype_c.o(locale$$code)
    _get_lc_numeric                          0x00007379   Thumb Code    44  lc_numeric_c.o(locale$$code)
    __aeabi_d2f                              0x000073a5   Thumb Code     0  d2f.o(x$fpl$d2f)
    _d2f                                     0x000073a5   Thumb Code    98  d2f.o(x$fpl$d2f)
    __fpl_dcheck_NaN1                        0x00007409   Thumb Code    10  dcheck1.o(x$fpl$dcheck1)
    __fpl_dcmp_Inf                           0x00007419   Thumb Code    24  dcmpi.o(x$fpl$dcmpinf)
    __aeabi_cdcmpeq                          0x00007431   Thumb Code     0  deqf.o(x$fpl$deqf)
    _dcmpeq                                  0x00007431   Thumb Code   120  deqf.o(x$fpl$deqf)
    __aeabi_cdcmple                          0x000074a9   Thumb Code     0  dleqf.o(x$fpl$dleqf)
    _dcmple                                  0x000074a9   Thumb Code   120  dleqf.o(x$fpl$dleqf)
    __fpl_dcmple_InfNaN                      0x0000750b   Thumb Code     0  dleqf.o(x$fpl$dleqf)
    __fpl_dnaninf                            0x00007521   Thumb Code   156  dnaninf.o(x$fpl$dnaninf)
    __aeabi_cdrcmple                         0x000075bd   Thumb Code     0  drleqf.o(x$fpl$drleqf)
    _drcmple                                 0x000075bd   Thumb Code   108  drleqf.o(x$fpl$drleqf)
    __aeabi_fadd                             0x00007629   Thumb Code     0  faddsub_clz.o(x$fpl$fadd)
    _fadd                                    0x00007629   Thumb Code   196  faddsub_clz.o(x$fpl$fadd)
    __fpl_fcheck_NaN1                        0x000076ed   Thumb Code     6  fcheck1.o(x$fpl$fcheck1)
    __aeabi_fdiv                             0x000076f9   Thumb Code     0  fdiv.o(x$fpl$fdiv)
    _fdiv                                    0x000076f9   Thumb Code   384  fdiv.o(x$fpl$fdiv)
    __aeabi_f2iz                             0x0000787d   Thumb Code     0  ffix.o(x$fpl$ffix)
    _ffix                                    0x0000787d   Thumb Code    54  ffix.o(x$fpl$ffix)
    __aeabi_i2f                              0x000078b5   Thumb Code     0  fflt_clz.o(x$fpl$fflt)
    _fflt                                    0x000078b5   Thumb Code    48  fflt_clz.o(x$fpl$fflt)
    __aeabi_ui2f                             0x000078e5   Thumb Code     0  fflt_clz.o(x$fpl$ffltu)
    _ffltu                                   0x000078e5   Thumb Code    38  fflt_clz.o(x$fpl$ffltu)
    __aeabi_fmul                             0x0000790d   Thumb Code     0  fmul.o(x$fpl$fmul)
    _fmul                                    0x0000790d   Thumb Code   258  fmul.o(x$fpl$fmul)
    __fpl_fnaninf                            0x00007a0f   Thumb Code   140  fnaninf.o(x$fpl$fnaninf)
    __fpl_fretinf                            0x00007a9b   Thumb Code    10  fretinf.o(x$fpl$fretinf)
    __aeabi_fsub                             0x00007aa5   Thumb Code     0  faddsub_clz.o(x$fpl$fsub)
    _fsub                                    0x00007aa5   Thumb Code   234  faddsub_clz.o(x$fpl$fsub)
    __ieee_status                            0x00007b8f   Thumb Code     6  istatus.o(x$fpl$ieeestatus)
    _printf_fp_dec                           0x00007b95   Thumb Code     4  printf1.o(x$fpl$printf1)
    _printf_fp_hex                           0x00007b99   Thumb Code     4  printf2.o(x$fpl$printf2)
    __fpl_return_NaN                         0x00007b9d   Thumb Code   100  retnan.o(x$fpl$retnan)
    __ARM_scalbn                             0x00007c01   Thumb Code    92  scalbn.o(x$fpl$scalbn)
    __ARM_scalbnf                            0x00007c5d   Thumb Code    76  scalbnf.o(x$fpl$scalbnf)
    _scanf_real                              0x00007ca9   Thumb Code     4  scanf1.o(x$fpl$scanf1)
    _scanf_hex_real                          0x00007cad   Thumb Code     4  scanf2.o(x$fpl$scanf2)
    _scanf_infnan                            0x00007cb1   Thumb Code     4  scanf2.o(x$fpl$scanf2)
    __fpl_cmpreturn                          0x00007cb5   Thumb Code    48  trapv.o(x$fpl$trapveneer)
    mbed::Base::_base_funcs                  0x00007ce4   Data          24  Base.cpp.lpc1768.arm.o(.constdata)
    __I$use$fp                               0x00007ce4   Number         0  usenofp.o(x$fpl$usenofp)
    __stdin_name                             0x00007cfc   Data           7  stdio.cpp.lpc1768.arm.o(.constdata)
    __stdout_name                            0x00007d03   Data           8  stdio.cpp.lpc1768.arm.o(.constdata)
    __stderr_name                            0x00007d0b   Data           8  stdio.cpp.lpc1768.arm.o(.constdata)
    __aeabi_CLOCKS_PER_SEC                   0x00007ea4   Data           4  aeabi_clocks.o(.constdata)
    typeinfo for __cxxabiv1::__class_type_info 0x00007f6c   Data          12  lib_rtti_impl.o(.constdata__ZTIN10__cxxabiv117__class_type_infoE)
    typeinfo for __cxxabiv1::__si_class_type_info 0x00007f78   Data          12  lib_rtti_impl.o(.constdata__ZTIN10__cxxabiv120__si_class_type_infoE)
    typeinfo for __cxxabiv1::__vmi_class_type_info 0x00007f84   Data          12  lib_rtti_impl.o(.constdata__ZTIN10__cxxabiv121__vmi_class_type_infoE)
    typeinfo for mbed::FileHandle            0x00007f90   Data           8  stdio.cpp.lpc1768.arm.o(.constdata__ZTIN4mbed10FileHandleE)
    typeinfo for mbed::FileSystemLike        0x00007f98   Data          12  Base.cpp.lpc1768.arm.o(.constdata__ZTIN4mbed14FileSystemLikeE)
    typeinfo for mbed::Base                  0x00007fa4   Data           8  Base.cpp.lpc1768.arm.o(.constdata__ZTIN4mbed4BaseE)
    typeinfo for mbed::FileLike              0x00007fac   Data          32  stdio.cpp.lpc1768.arm.o(.constdata__ZTIN4mbed8FileLikeE)
    typeinfo for mbed::DigitalIn             0x00007fcc   Data          12  DigitalIn.cpp.lpc1768.arm.o(.constdata__ZTIN4mbed9DigitalInE)
    typeinfo for std::type_info              0x00007fd8   Data           8  type_info_dtor.o(.constdata__ZTISt9type_info)
    typeinfo name for __cxxabiv1::__class_type_info 0x00007fe0   Data          34  lib_rtti_impl.o(.constdata__ZTSN10__cxxabiv117__class_type_infoE)
    typeinfo name for __cxxabiv1::__si_class_type_info 0x00008002   Data          37  lib_rtti_impl.o(.constdata__ZTSN10__cxxabiv120__si_class_type_infoE)
    typeinfo name for __cxxabiv1::__vmi_class_type_info 0x00008027   Data          38  lib_rtti_impl.o(.constdata__ZTSN10__cxxabiv121__vmi_class_type_infoE)
    typeinfo name for mbed::FileHandle       0x0000804d   Data          20  stdio.cpp.lpc1768.arm.o(.constdata__ZTSN4mbed10FileHandleE)
    typeinfo name for mbed::FileSystemLike   0x00008061   Data          24  Base.cpp.lpc1768.arm.o(.constdata__ZTSN4mbed14FileSystemLikeE)
    typeinfo name for mbed::Base             0x00008079   Data          13  Base.cpp.lpc1768.arm.o(.constdata__ZTSN4mbed4BaseE)
    typeinfo name for mbed::FileLike         0x00008086   Data          17  stdio.cpp.lpc1768.arm.o(.constdata__ZTSN4mbed8FileLikeE)
    typeinfo name for mbed::DigitalIn        0x00008097   Data          18  DigitalIn.cpp.lpc1768.arm.o(.constdata__ZTSN4mbed9DigitalInE)
    typeinfo name for std::type_info         0x000080a9   Data          13  type_info_dtor.o(.constdata__ZTSSt9type_info)
    vtable for __cxxabiv1::__class_type_info 0x000080b8   Data          16  lib_rtti_impl.o(.constdata__ZTVN10__cxxabiv117__class_type_infoE)
    vtable for __cxxabiv1::__si_class_type_info 0x000080c8   Data          16  lib_rtti_impl.o(.constdata__ZTVN10__cxxabiv120__si_class_type_infoE)
    vtable for __cxxabiv1::__vmi_class_type_info 0x000080d8   Data          16  lib_rtti_impl.o(.constdata__ZTVN10__cxxabiv121__vmi_class_type_infoE)
    vtable for mbed::Base                    0x000080e8   Data          24  Base.cpp.lpc1768.arm.o(.constdata__ZTVN4mbed4BaseE)
    vtable for mbed::DigitalIn               0x00008100   Data          24  DigitalIn.cpp.lpc1768.arm.o(.constdata__ZTVN4mbed9DigitalInE)
    Region$$Table$$Base                      0x0000812c   Number         0  anon$$obj.o(Region$$Table)
    Region$$Table$$Limit                     0x0000814c   Number         0  anon$$obj.o(Region$$Table)
    __aeabi_HUGE_VAL                         0x0000814c   Data           0  fpconst.o(c$$dinf)
    __aeabi_HUGE_VALL                        0x0000814c   Data           0  fpconst.o(c$$dinf)
    __aeabi_INFINITY                         0x0000814c   Data           0  fpconst.o(c$$dinf)
    __dInf                                   0x0000814c   Data           0  fpconst.o(c$$dinf)
    __huge_val                               0x0000814c   Data           0  fpconst.o(c$$dinf)
    __dbl_max                                0x00008154   Data           0  fpconst.o(c$$dmax)
    __ctype                                  0x00008169   Data           0  lc_ctype_c.o(locale$$data)
    SHT$$INIT_ARRAY$$Base                    0x00008288   Number         0  main.o(.init_array)
    SHT$$INIT_ARRAY$$Limit                   0x0000828c   Number         0  init_aeabi.o(.init_array)
    _nrk_prev_timer_val                      0x100000c4   Data           1  nrk_timer.o(.data)
    _nrk_time_trigger                        0x100000c5   Data           1  nrk_timer.o(.data)
    nrk_kernel_stk_ptr                       0x100000c8   Data           4  nrk.o(.data)
    nrk_wakeup_signal                        0x100000cc   Data           1  nrk.o(.data)
    nrk_cur_task_prio                        0x100000d0   Data           1  nrk.o(.data)
    nrk_high_ready_prio                      0x100000d1   Data           1  nrk.o(.data)
    nrk_task_init_cnt                        0x100000d2   Data           1  nrk.o(.data)
    _free_node                               0x100000d4   Data           4  nrk.o(.data)
    _head_node                               0x100000d8   Data           4  nrk.o(.data)
    nrk_cur_task_TCB                         0x100000dc   Data           4  nrk.o(.data)
    nrk_high_ready_TCB                       0x100000e0   Data           4  nrk.o(.data)
    nrk_system_time                          0x100000e4   Data           8  nrk.o(.data)
    error_task                               0x100000ec   Data           1  nrk_error.o(.data)
    error_num                                0x100000ed   Data           1  nrk_error.o(.data)
    _nrk_signal_list                         0x100000f0   Data           4  nrk_events.o(.data)
    _nrk_cpu_state                           0x100000f4   Data           1  nrk_scheduler.o(.data)
    task_addr                                0x100000f8   Data           4  nrk_scheduler.o(.data)
    myAddr                                   0x100000fc   Data           2  mrf24j40.o(.data)
    myPanid                                  0x100000fe   Data           2  mrf24j40.o(.data)
    rx_ready                                 0x10000100   Data           1  basic_rf.o(.data)
    auto_ack_enable                          0x10000101   Data           1  basic_rf.o(.data)
    security_enable                          0x10000102   Data           1  basic_rf.o(.data)
    rx_data_ready                            0x10000103   Data           1  basic_rf.o(.data)
    tx_status_ready                          0x10000104   Data           1  basic_rf.o(.data)
    rssi_cca_thold                           0x10000105   Data           1  basic_rf.o(.data)
    bmac_rx_pkt_signal                       0x10000108   Data           1  bmac.o(.data)
    bmac_tx_pkt_done_signal                  0x10000109   Data           1  bmac.o(.data)
    bmac_enable_signal                       0x1000010a   Data           1  bmac.o(.data)
    timeup                                   0x10000128   Data           4  main.o(.data)
    molehit                                  0x1000012c   Data           4  main.o(.data)
    waittime                                 0x10000130   Data           4  main.o(.data)
    starttime                                0x10000134   Data           4  main.o(.data)
    hit                                      0x10000138   Data           4  main.o(.data)
    ctr_cnt                                  0x1000013c   Data           4  main.o(.data)
    SystemCoreClock                          0x10000140   Data           4  system_LPC17xx.o(.data)
    mbed::Base::_head                        0x10000144   Data           4  Base.cpp.lpc1768.arm.o(.data)
    mbed::Base::_classes                     0x10000148   Data           4  Base.cpp.lpc1768.arm.o(.data)
    mbed::Base::_base_class                  0x1000014c   Data          12  Base.cpp.lpc1768.arm.o(.data)
    __aeabi_stdin                            0x1000015c   Data           4  stdio_streams.o(.data)
    __aeabi_stdout                           0x10000160   Data           4  stdio_streams.o(.data)
    __aeabi_stderr                           0x10000164   Data           4  stdio_streams.o(.data)
    nrk_kernel_stk                           0x1000016c   Data         128  nrk.o(.bss)
    nrk_idle_task_stk                        0x100001ec   Data         128  nrk.o(.bss)
    nrk_task_TCB                             0x1000026c   Data         440  nrk.o(.bss)
    _nrk_readyQ                              0x10000424   Data         132  nrk.o(.bss)
    rfSettings                               0x100004a8   Data          12  basic_rf.o(.bss)
    bmac_rfRxInfo                            0x100005e0   Data          16  bmac.o(.bss)
    bmac_rfTxInfo                            0x100005f0   Data          12  bmac.o(.bss)
    RX_TASK                                  0x100005fc   Data          44  main.o(.bss)
    rx_task_stack                            0x10000628   Data         512  main.o(.bss)
    TX_TASK                                  0x10000828   Data          44  main.o(.bss)
    tx_task_stack                            0x10000854   Data         512  main.o(.bss)
    tx_buf                                   0x10000a54   Data         115  main.o(.bss)
    rx_buf                                   0x10000ac7   Data         115  main.o(.bss)
    pr_covered                               0x10000b3c   Data          20  main.o(.bss)
    __stdin                                  0x10000b90   Data          84  stdio_streams.o(.bss)
    __stdout                                 0x10000be4   Data          84  stdio_streams.o(.bss)
    __stderr                                 0x10000c38   Data          84  stdio_streams.o(.bss)
    _random_number_data                      0x10000c8c   Data         228  rand.o(.bss)
    Image$$RW_IRAM1$$ZI$$Limit               0x10000d94   Number         0  anon$$obj.o ABSOLUTE



==============================================================================

Memory Map of the image

  Image Entry point : 0x000000c5

  Load Region LR_IROM1 (Base: 0x00000000, Size: 0x000083f8, Max: 0x00080000, ABSOLUTE, COMPRESSED[0x000082a4])

    Execution Region ER_IROM1 (Exec base: 0x00000000, Load base: 0x00000000, Size: 0x0000828c, Max: 0x00080000, ABSOLUTE)

    Exec Addr    Load Addr    Size         Type   Attr      Idx    E Section Name        Object

    0x00000000   0x00000000   0x000000c4   Data   RO         2597    RESET               startup_LPC17xx.o
    0x000000c4   0x000000c4   0x00000008   Code   RO         3064  * !!!main             c_w.l(__main.o)
    0x000000cc   0x000000cc   0x00000034   Code   RO         3960    !!!scatter          c_w.l(__scatter.o)
    0x00000100   0x00000100   0x0000003a   Code   RO         3958    !!dczerorl          c_w.l(__dczerorl.o)
    0x0000013a   0x0000013a   0x00000002   PAD
    0x0000013c   0x0000013c   0x0000001c   Code   RO         3962    !!handler_zi        c_w.l(__scatter_zi.o)
    0x00000158   0x00000158   0x00000000   Code   RO         3017    .ARM.Collect$$_printf_percent$$00000000  c_w.l(_printf_percent.o)
    0x00000158   0x00000158   0x00000006   Code   RO         3382    .ARM.Collect$$_printf_percent$$00000001  c_w.l(_printf_n.o)
    0x0000015e   0x0000015e   0x00000006   Code   RO         3383    .ARM.Collect$$_printf_percent$$00000002  c_w.l(_printf_p.o)
    0x00000164   0x00000164   0x00000006   Code   RO         3387    .ARM.Collect$$_printf_percent$$00000003  c_w.l(_printf_f.o)
    0x0000016a   0x0000016a   0x00000006   Code   RO         3388    .ARM.Collect$$_printf_percent$$00000004  c_w.l(_printf_e.o)
    0x00000170   0x00000170   0x00000006   Code   RO         3389    .ARM.Collect$$_printf_percent$$00000005  c_w.l(_printf_g.o)
    0x00000176   0x00000176   0x00000006   Code   RO         3390    .ARM.Collect$$_printf_percent$$00000006  c_w.l(_printf_a.o)
    0x0000017c   0x0000017c   0x0000000a   Code   RO         3395    .ARM.Collect$$_printf_percent$$00000007  c_w.l(_printf_ll.o)
    0x00000186   0x00000186   0x00000006   Code   RO         3385    .ARM.Collect$$_printf_percent$$00000008  c_w.l(_printf_i.o)
    0x0000018c   0x0000018c   0x00000006   Code   RO         3016    .ARM.Collect$$_printf_percent$$00000009  c_w.l(_printf_d.o)
    0x00000192   0x00000192   0x00000006   Code   RO         3386    .ARM.Collect$$_printf_percent$$0000000A  c_w.l(_printf_u.o)
    0x00000198   0x00000198   0x00000006   Code   RO         3384    .ARM.Collect$$_printf_percent$$0000000B  c_w.l(_printf_o.o)
    0x0000019e   0x0000019e   0x00000006   Code   RO         3015    .ARM.Collect$$_printf_percent$$0000000C  c_w.l(_printf_x.o)
    0x000001a4   0x000001a4   0x00000006   Code   RO         3392    .ARM.Collect$$_printf_percent$$0000000D  c_w.l(_printf_lli.o)
    0x000001aa   0x000001aa   0x00000006   Code   RO         3393    .ARM.Collect$$_printf_percent$$0000000E  c_w.l(_printf_lld.o)
    0x000001b0   0x000001b0   0x00000006   Code   RO         3394    .ARM.Collect$$_printf_percent$$0000000F  c_w.l(_printf_llu.o)
    0x000001b6   0x000001b6   0x00000006   Code   RO         3399    .ARM.Collect$$_printf_percent$$00000010  c_w.l(_printf_llo.o)
    0x000001bc   0x000001bc   0x00000006   Code   RO         3400    .ARM.Collect$$_printf_percent$$00000011  c_w.l(_printf_llx.o)
    0x000001c2   0x000001c2   0x0000000a   Code   RO         3396    .ARM.Collect$$_printf_percent$$00000012  c_w.l(_printf_l.o)
    0x000001cc   0x000001cc   0x00000006   Code   RO         3014    .ARM.Collect$$_printf_percent$$00000013  c_w.l(_printf_c.o)
    0x000001d2   0x000001d2   0x00000006   Code   RO         3381    .ARM.Collect$$_printf_percent$$00000014  c_w.l(_printf_s.o)
    0x000001d8   0x000001d8   0x00000006   Code   RO         3397    .ARM.Collect$$_printf_percent$$00000015  c_w.l(_printf_lc.o)
    0x000001de   0x000001de   0x00000006   Code   RO         3398    .ARM.Collect$$_printf_percent$$00000016  c_w.l(_printf_ls.o)
    0x000001e4   0x000001e4   0x00000004   Code   RO         3391    .ARM.Collect$$_printf_percent$$00000017  c_w.l(_printf_percent_end.o)
    0x000001e8   0x000001e8   0x00000002   Code   RO         3828    .ARM.Collect$$libinit$$00000000  c_w.l(libinit.o)
    0x000001ea   0x000001ea   0x00000000   Code   RO         3446    .ARM.Collect$$libinit$$00000002  c_w.l(libinit2.o)
    0x000001ea   0x000001ea   0x00000000   Code   RO         3448    .ARM.Collect$$libinit$$00000004  c_w.l(libinit2.o)
    0x000001ea   0x000001ea   0x00000008   Code   RO         3449    .ARM.Collect$$libinit$$00000005  c_w.l(libinit2.o)
    0x000001f2   0x000001f2   0x00000000   Code   RO         3451    .ARM.Collect$$libinit$$0000000A  c_w.l(libinit2.o)
    0x000001f2   0x000001f2   0x00000000   Code   RO         3453    .ARM.Collect$$libinit$$0000000C  c_w.l(libinit2.o)
    0x000001f2   0x000001f2   0x00000004   Code   RO         3454    .ARM.Collect$$libinit$$0000000D  c_w.l(libinit2.o)
    0x000001f6   0x000001f6   0x00000000   Code   RO         3455    .ARM.Collect$$libinit$$0000000E  c_w.l(libinit2.o)
    0x000001f6   0x000001f6   0x00000006   Code   RO         3456    .ARM.Collect$$libinit$$0000000F  c_w.l(libinit2.o)
    0x000001fc   0x000001fc   0x00000000   Code   RO         3458    .ARM.Collect$$libinit$$00000011  c_w.l(libinit2.o)
    0x000001fc   0x000001fc   0x0000000c   Code   RO         3459    .ARM.Collect$$libinit$$00000012  c_w.l(libinit2.o)
    0x00000208   0x00000208   0x00000000   Code   RO         3460    .ARM.Collect$$libinit$$00000013  c_w.l(libinit2.o)
    0x00000208   0x00000208   0x00000000   Code   RO         3462    .ARM.Collect$$libinit$$00000015  c_w.l(libinit2.o)
    0x00000208   0x00000208   0x0000000a   Code   RO         3463    .ARM.Collect$$libinit$$00000016  c_w.l(libinit2.o)
    0x00000212   0x00000212   0x00000000   Code   RO         3464    .ARM.Collect$$libinit$$00000017  c_w.l(libinit2.o)
    0x00000212   0x00000212   0x00000000   Code   RO         3466    .ARM.Collect$$libinit$$00000019  c_w.l(libinit2.o)
    0x00000212   0x00000212   0x00000000   Code   RO         3468    .ARM.Collect$$libinit$$0000001B  c_w.l(libinit2.o)
    0x00000212   0x00000212   0x00000000   Code   RO         3470    .ARM.Collect$$libinit$$0000001D  c_w.l(libinit2.o)
    0x00000212   0x00000212   0x00000000   Code   RO         3472    .ARM.Collect$$libinit$$0000001F  c_w.l(libinit2.o)
    0x00000212   0x00000212   0x00000000   Code   RO         3474    .ARM.Collect$$libinit$$00000021  c_w.l(libinit2.o)
    0x00000212   0x00000212   0x00000000   Code   RO         3476    .ARM.Collect$$libinit$$00000023  c_w.l(libinit2.o)
    0x00000212   0x00000212   0x00000004   Code   RO         3477    .ARM.Collect$$libinit$$00000024  c_w.l(libinit2.o)
    0x00000216   0x00000216   0x00000000   Code   RO         3478    .ARM.Collect$$libinit$$00000025  c_w.l(libinit2.o)
    0x00000216   0x00000216   0x00000000   Code   RO         3482    .ARM.Collect$$libinit$$0000002C  c_w.l(libinit2.o)
    0x00000216   0x00000216   0x00000000   Code   RO         3484    .ARM.Collect$$libinit$$0000002E  c_w.l(libinit2.o)
    0x00000216   0x00000216   0x00000000   Code   RO         3486    .ARM.Collect$$libinit$$00000030  c_w.l(libinit2.o)
    0x00000216   0x00000216   0x00000004   Code   RO         3487    .ARM.Collect$$libinit$$00000031  c_w.l(libinit2.o)
    0x0000021a   0x0000021a   0x00000000   Code   RO         3488    .ARM.Collect$$libinit$$00000032  c_w.l(libinit2.o)
    0x0000021a   0x0000021a   0x00000002   Code   RO         3489    .ARM.Collect$$libinit$$00000033  c_w.l(libinit2.o)
    0x0000021c   0x0000021c   0x00000000   Code   RO         3687    .ARM.Collect$$libshutdown$$00000002  c_w.l(libshutdown2.o)
    0x0000021c   0x0000021c   0x00000000   Code   RO         3689    .ARM.Collect$$libshutdown$$00000004  c_w.l(libshutdown2.o)
    0x0000021c   0x0000021c   0x00000000   Code   RO         3268    .ARM.Collect$$rtentry$$00000000  c_w.l(__rtentry.o)
    0x0000021c   0x0000021c   0x00000000   Code   RO         3575    .ARM.Collect$$rtentry$$00000002  c_w.l(__rtentry2.o)
    0x0000021c   0x0000021c   0x00000006   Code   RO         3587    .ARM.Collect$$rtentry$$00000004  c_w.l(__rtentry4.o)
    0x00000222   0x00000222   0x00000000   Code   RO         3577    .ARM.Collect$$rtentry$$00000009  c_w.l(__rtentry2.o)
    0x00000222   0x00000222   0x00000004   Code   RO         3578    .ARM.Collect$$rtentry$$0000000A  c_w.l(__rtentry2.o)
    0x00000226   0x00000226   0x00000000   Code   RO         3580    .ARM.Collect$$rtentry$$0000000C  c_w.l(__rtentry2.o)
    0x00000226   0x00000226   0x00000008   Code   RO         3581    .ARM.Collect$$rtentry$$0000000D  c_w.l(__rtentry2.o)
    0x0000022e   0x0000022e   0x00000002   PAD
    0x00000230   0x00000230   0x00000034   Code   RO         3030    .emb_text           c_w.l(rand.o)
    0x00000264   0x00000264   0x00000000   Code   RO         3750    .emb_text           c_w.l(maybetermalloc1.o)
    0x00000264   0x00000264   0x00000078   Code   RO            1    .text               my_asm.o
    0x000002dc   0x000002dc   0x00000014   Code   RO         2955    .text               c_w.l(fprintf.o)
    0x000002f0   0x000002f0   0x00000008   Code   RO         3280    .text               c_w.l(rt_ddtor_pointer_addr.o)
    0x000002f8   0x000002f8   0x00000004   Code   RO         3490    .text               cpprt_w.l(arm_bad_typeid_noexceptions.o)
    0x000002fc   0x000002fc   0x00000004   Code   RO         2598    .ARM.__at_0x02FC    startup_LPC17xx.o
    0x00000300   0x00000300   0x00000024   Code   RO         2599    .text               startup_LPC17xx.o
    0x00000324   0x00000324   0x000000ee   Code   RO         2953    .text               c_w.l(lludivv7m.o)
    0x00000412   0x00000412   0x00000002   PAD
    0x00000414   0x00000414   0x0000002c   Code   RO         2957    .text               c_w.l(sprintf.o)
    0x00000440   0x00000440   0x00000018   Code   RO         2959    .text               c_w.l(__2printf.o)
    0x00000458   0x00000458   0x0000002c   Code   RO         2961    .text               c_w.l(__2sprintf.o)
    0x00000484   0x00000484   0x00000052   Code   RO         2969    .text               c_w.l(_printf_str.o)
    0x000004d6   0x000004d6   0x00000002   PAD
    0x000004d8   0x000004d8   0x00000078   Code   RO         2971    .text               c_w.l(_printf_dec.o)
    0x00000550   0x00000550   0x00000094   Code   RO         2991    .text               c_w.l(_printf_hex_int_ll_ptr.o)
    0x000005e4   0x000005e4   0x00000188   Code   RO         3011    .text               c_w.l(__printf_flags_ss_wp.o)
    0x0000076c   0x0000076c   0x0000003c   Code   RO         3018    .text               c_w.l(sscanf.o)
    0x000007a8   0x000007a8   0x0000003c   Code   RO         3031    .text               c_w.l(rand.o)
    0x000007e4   0x000007e4   0x0000002e   Code   RO         3038    .text               c_w.l(aeabi_atexit.o)
    0x00000812   0x00000812   0x00000002   PAD
    0x00000814   0x00000814   0x00000080   Code   RO         3041    .text               c_w.l(assert.o)
    0x00000894   0x00000894   0x0000003e   Code   RO         3045    .text               c_w.l(strlen.o)
    0x000008d2   0x000008d2   0x00000096   Code   RO         3047    .text               c_w.l(strncmp.o)
    0x00000968   0x00000968   0x00000080   Code   RO         3055    .text               c_w.l(strcmpv7m.o)
    0x000009e8   0x000009e8   0x00000024   Code   RO         3069    .text               c_w.l(init_aeabi.o)
    0x00000a0c   0x00000a0c   0x00000010   Code   RO         3269    .text               c_w.l(rt_ctype_table.o)
    0x00000a1c   0x00000a1c   0x00000008   Code   RO         3285    .text               c_w.l(rt_errno_addr.o)
    0x00000a24   0x00000a24   0x0000005e   Code   RO         3294    .text               c_w.l(h1_alloc.o)
    0x00000a82   0x00000a82   0x0000004e   Code   RO         3296    .text               c_w.l(h1_free.o)
    0x00000ad0   0x00000ad0   0x00000016   Code   RO         3352    .text               c_w.l(_rserrno.o)
    0x00000ae6   0x00000ae6   0x0000004e   Code   RO         3354    .text               c_w.l(_printf_pad.o)
    0x00000b34   0x00000b34   0x00000024   Code   RO         3356    .text               c_w.l(_printf_truncate.o)
    0x00000b58   0x00000b58   0x000000b2   Code   RO         3358    .text               c_w.l(_printf_intcommon.o)
    0x00000c0a   0x00000c0a   0x00000028   Code   RO         3360    .text               c_w.l(_printf_charcount.o)
    0x00000c32   0x00000c32   0x00000002   PAD
    0x00000c34   0x00000c34   0x00000030   Code   RO         3362    .text               c_w.l(_printf_char_common.o)
    0x00000c64   0x00000c64   0x0000000a   Code   RO         3364    .text               c_w.l(_sputc.o)
    0x00000c6e   0x00000c6e   0x0000002c   Code   RO         3366    .text               c_w.l(_printf_char.o)
    0x00000c9a   0x00000c9a   0x00000002   PAD
    0x00000c9c   0x00000c9c   0x00000024   Code   RO         3368    .text               c_w.l(_printf_char_file.o)
    0x00000cc0   0x00000cc0   0x000000bc   Code   RO         3370    .text               c_w.l(_printf_wctomb.o)
    0x00000d7c   0x00000d7c   0x0000007c   Code   RO         3373    .text               c_w.l(_printf_longlong_dec.o)
    0x00000df8   0x00000df8   0x00000070   Code   RO         3379    .text               c_w.l(_printf_oct_int_ll.o)
    0x00000e68   0x00000e68   0x00000156   Code   RO         3401    .text               c_w.l(_scanf_longlong.o)
    0x00000fbe   0x00000fbe   0x0000014c   Code   RO         3403    .text               c_w.l(_scanf_int.o)
    0x0000110a   0x0000110a   0x000000e0   Code   RO         3405    .text               c_w.l(_scanf_str.o)
    0x000011ea   0x000011ea   0x00000002   PAD
    0x000011ec   0x000011ec   0x0000002c   Code   RO         3407    .text               c_w.l(scanf_char.o)
    0x00001218   0x00001218   0x00000040   Code   RO         3409    .text               c_w.l(_sgetc.o)
    0x00001258   0x00001258   0x00000114   Code   RO         3413    .text               c_w.l(_scanf_mbtowc.o)
    0x0000136c   0x0000136c   0x000000e8   Code   RO         3415    .text               c_w.l(_scanf_wctomb.o)
    0x00001454   0x00001454   0x000000d0   Code   RO         3417    .text               c_w.l(_scanf_wstr.o)
    0x00001524   0x00001524   0x00000138   Code   RO         3423    .text               c_w.l(initio.o)
    0x0000165c   0x0000165c   0x00000016   Code   RO         3429    .text               c_w.l(abort.o)
    0x00001672   0x00001672   0x00000042   Code   RO         3431    .text               c_w.l(cxa_finalize.o)
    0x000016b4   0x000016b4   0x0000000e   Code   RO         3565    .text               c_w.l(sys_wrch.o)
    0x000016c2   0x000016c2   0x00000002   PAD
    0x000016c4   0x000016c4   0x0000000c   Code   RO         3567    .text               c_w.l(sys_exit.o)
    0x000016d0   0x000016d0   0x00000008   Code   RO         3593    .text               c_w.l(rt_heap_descriptor.o)
    0x000016d8   0x000016d8   0x00000008   Code   RO         3598    .text               c_w.l(rt_locale.o)
    0x000016e0   0x000016e0   0x00000004   Code   RO         3603    .text               c_w.l(hguard.o)
    0x000016e4   0x000016e4   0x0000008a   Code   RO         3605    .text               c_w.l(init_alloc.o)
    0x0000176e   0x0000176e   0x0000000e   Code   RO         3609    .text               c_w.l(h1_init.o)
    0x0000177c   0x0000177c   0x0000008a   Code   RO         3623    .text               c_w.l(lludiv10.o)
    0x00001806   0x00001806   0x00000012   Code   RO         3625    .text               c_w.l(isspace.o)
    0x00001818   0x00001818   0x0000041e   Code   RO         3627    .text               c_w.l(_printf_fp_dec.o)
    0x00001c36   0x00001c36   0x00000002   PAD
    0x00001c38   0x00001c38   0x000002fc   Code   RO         3629    .text               c_w.l(_printf_fp_hex.o)
    0x00001f34   0x00001f34   0x0000002c   Code   RO         3634    .text               c_w.l(_printf_wchar.o)
    0x00001f60   0x00001f60   0x0000001c   Code   RO         3636    .text               c_w.l(_chval.o)
    0x00001f7c   0x00001f7c   0x00000374   Code   RO         3638    .text               c_w.l(_scanf.o)
    0x000022f0   0x000022f0   0x000004f8   Code   RO         3640    .text               c_w.l(scanf_fp.o)
    0x000027e8   0x000027e8   0x0000001e   Code   RO         3642    .text               c_w.l(_scanf_wcharmap.o)
    0x00002806   0x00002806   0x00000008   Code   RO         3644    .text               c_w.l(ferror.o)
    0x0000280e   0x0000280e   0x000001d6   Code   RO         3646    .text               c_w.l(flsbuf.o)
    0x000029e4   0x000029e4   0x00000046   Code   RO         3648    .text               c_w.l(setvbuf.o)
    0x00002a2a   0x00002a2a   0x00000002   PAD
    0x00002a2c   0x00002a2c   0x000000ec   Code   RO         3651    .text               c_w.l(fopen.o)
    0x00002b18   0x00002b18   0x0000004c   Code   RO         3653    .text               c_w.l(fclose.o)
    0x00002b64   0x00002b64   0x0000003c   Code   RO         3661    .text               c_w.l(_mbrtowc.o)
    0x00002ba0   0x00002ba0   0x00000040   Code   RO         3663    .text               c_w.l(_wcrtomb.o)
    0x00002be0   0x00002be0   0x0000000a   Code   RO         3668    .text               c_w.l(defsig_exit.o)
    0x00002bea   0x00002bea   0x0000000e   Code   RO         3670    .text               c_w.l(defsig_abrt_outer.o)
    0x00002bf8   0x00002bf8   0x0000000e   Code   RO         3674    .text               c_w.l(defsig_rtred_outer.o)
    0x00002c06   0x00002c06   0x0000004e   Code   RO         3680    .text               c_w.l(rt_memclr_w.o)
    0x00002c54   0x00002c54   0x0000001a   Code   RO         3723    .text               cpprt_w.l(arm_exceptions_terminate.o)
    0x00002c6e   0x00002c6e   0x00000002   PAD
    0x00002c70   0x00002c70   0x00000050   Code   RO         3730    .text               cpprt_w.l(arm_exceptions_globs.o)
    0x00002cc0   0x00002cc0   0x00000002   Code   RO         3740    .text               c_w.l(use_no_semi.o)
    0x00002cc2   0x00002cc2   0x00000000   Code   RO         3742    .text               c_w.l(indicate_semi.o)
    0x00002cc2   0x00002cc2   0x00000002   PAD
    0x00002cc4   0x00002cc4   0x00000008   Code   RO         3743    .text               c_w.l(rt_eh_globals_addr.o)
    0x00002ccc   0x00002ccc   0x00000034   Code   RO         3752    .text               c_w.l(h1_extend.o)
    0x00002d00   0x00002d00   0x00000080   Code   RO         3756    .text               c_w.l(_printf_fp_infnan.o)
    0x00002d80   0x00002d80   0x000000e4   Code   RO         3760    .text               c_w.l(bigflt0.o)
    0x00002e64   0x00002e64   0x000000f8   Code   RO         3785    .text               c_w.l(fseek.o)
    0x00002f5c   0x00002f5c   0x000000f0   Code   RO         3787    .text               c_w.l(stdio.o)
    0x0000304c   0x0000304c   0x00000032   Code   RO         3798    .text               c_w.l(defsig_general.o)
    0x0000307e   0x0000307e   0x00000002   PAD
    0x00003080   0x00003080   0x00000030   Code   RO         3800    .text               c_w.l(defsig_abrt_inner.o)
    0x000030b0   0x000030b0   0x00000034   Code   RO         3806    .text               c_w.l(defsig_rtred_inner.o)
    0x000030e4   0x000030e4   0x0000000e   Code   RO         3808    .text               c_w.l(defsig_rtmem_outer.o)
    0x000030f2   0x000030f2   0x00000002   PAD
    0x000030f4   0x000030f4   0x00000018   Code   RO         3812    .text               c_w.l(assert_stdio.o)
    0x0000310c   0x0000310c   0x00000050   Code   RO         3814    .text               c_w.l(heapauxa.o)
    0x0000315c   0x0000315c   0x0000003c   Code   RO         3832    .text               cpprt_w.l(arm_exceptions_mem.o)
    0x00003198   0x00003198   0x00000320   Code   RO         3864    .text               c_w.l(scanf_hexfp.o)
    0x000034b8   0x000034b8   0x00000134   Code   RO         3866    .text               c_w.l(scanf_infnan.o)
    0x000035ec   0x000035ec   0x00000064   Code   RO         3868    .text               c_w.l(fflush.o)
    0x00003650   0x00003650   0x00000022   Code   RO         3870    .text               c_w.l(fputs.o)
    0x00003672   0x00003672   0x00000042   Code   RO         3872    .text               c_w.l(ftell.o)
    0x000036b4   0x000036b4   0x00000050   Code   RO         3882    .text               c_w.l(defsig_rtmem_inner.o)
    0x00003704   0x00003704   0x00000026   Code   RO         3902    .text               c_w.l(llshl.o)
    0x0000372a   0x0000372a   0x0000003e   Code   RO         3763    CL$$btod_d2e        c_w.l(btod.o)
    0x00003768   0x00003768   0x00000046   Code   RO         3765    CL$$btod_d2e_denorm_low  c_w.l(btod.o)
    0x000037ae   0x000037ae   0x00000060   Code   RO         3764    CL$$btod_d2e_norm_op1  c_w.l(btod.o)
    0x0000380e   0x0000380e   0x00000338   Code   RO         3773    CL$$btod_div_common  c_w.l(btod.o)
    0x00003b46   0x00003b46   0x00000002   PAD
    0x00003b48   0x00003b48   0x00000084   Code   RO         3771    CL$$btod_e2d        c_w.l(btod.o)
    0x00003bcc   0x00003bcc   0x000000dc   Code   RO         3770    CL$$btod_e2e        c_w.l(btod.o)
    0x00003ca8   0x00003ca8   0x0000002a   Code   RO         3767    CL$$btod_ediv       c_w.l(btod.o)
    0x00003cd2   0x00003cd2   0x0000002a   Code   RO         3769    CL$$btod_edivd      c_w.l(btod.o)
    0x00003cfc   0x00003cfc   0x0000002a   Code   RO         3766    CL$$btod_emul       c_w.l(btod.o)
    0x00003d26   0x00003d26   0x0000002a   Code   RO         3768    CL$$btod_emuld      c_w.l(btod.o)
    0x00003d50   0x00003d50   0x00000244   Code   RO         3772    CL$$btod_mult_common  c_w.l(btod.o)
    0x00003f94   0x00003f94   0x00000068   Code   RO         1926    i.EINT3_IRQHandler  basic_rf.o
    0x00003ffc   0x00003ffc   0x00000078   Code   RO         2602    i.SystemInit        system_LPC17xx.o
    0x00004074   0x00004074   0x0000001c   Code   RO          744    i.TIMER0_IRQHandler  nrk_timer.o
    0x00004090   0x00004090   0x00000018   Code   RO          745    i.TIMER1_IRQHandler  nrk_timer.o
    0x000040a8   0x000040a8   0x0000001c   Code   RO         1774    i._Z10mrf_cs_seth   mrf24j40.o
    0x000040c4   0x000040c4   0x00000020   Code   RO          289    i._Z11GPIO_SetDirhjh  ulib.o
    0x000040e4   0x000040e4   0x00000018   Code   RO          290    i._Z11GPIO_Togglehj  ulib.o
    0x000040fc   0x000040fc   0x00000044   Code   RO         2212    i._Z11bmac_tx_pktPch  bmac.o
    0x00004140   0x00004140   0x0000002c   Code   RO          292    i._Z11nrk_led_clri  ulib.o
    0x0000416c   0x0000416c   0x0000002c   Code   RO          293    i._Z11nrk_led_seti  ulib.o
    0x00004198   0x00004198   0x00000028   Code   RO          294    i._Z11set_PinFunchhh  ulib.o
    0x000041c0   0x000041c0   0x0000001e   Code   RO         2503    i._Z12all_LEDs_clrv  main.o
    0x000041de   0x000041de   0x0000001e   Code   RO         2504    i._Z12all_LEDs_setv  main.o
    0x000041fc   0x000041fc   0x0000006c   Code   RO         2214    i._Z12bmac_nw_taskv  bmac.o
    0x00004268   0x00004268   0x0000000c   Code   RO         2215    i._Z12bmac_startedv  bmac.o
    0x00004274   0x00004274   0x00000028   Code   RO         1775    i._Z12mrf_set_addrt  mrf24j40.o
    0x0000429c   0x0000429c   0x000000b4   Code   RO         1776    i._Z12mrf_spi_inithhi  mrf24j40.o
    0x00004350   0x00004350   0x00000184   Code   RO          951    i._Z12nrk_TCB_initP9task_typePjS1_tPvt  nrk.o
    0x000044d4   0x000044d4   0x00000042   Code   RO          297    i._Z12nrk_gpio_clrj  ulib.o
    0x00004516   0x00004516   0x00000042   Code   RO          299    i._Z12nrk_gpio_setj  ulib.o
    0x00004558   0x00004558   0x0000000a   Code   RO         1929    i._Z12rf_data_modev  basic_rf.o
    0x00004562   0x00004562   0x00000002   PAD
    0x00004564   0x00004564   0x00000018   Code   RO         1930    i._Z12rf_rx_packetv  basic_rf.o
    0x0000457c   0x0000457c   0x0000000a   Code   RO         1931    i._Z12rf_test_modev  basic_rf.o
    0x00004586   0x00004586   0x00000002   PAD
    0x00004588   0x00004588   0x00000188   Code   RO         1932    i._Z12rf_tx_packetP10RF_TX_INFO  basic_rf.o
    0x00004710   0x00004710   0x00000048   Code   RO          300    i._Z12setupSPIPinsv  ulib.o
    0x00004758   0x00004758   0x00000014   Code   RO          301    i._Z13GPIO_SetValuehj  ulib.o
    0x0000476c   0x0000476c   0x00000060   Code   RO         1778    i._Z13mrf_gpio_initv  mrf24j40.o
    0x000047cc   0x000047cc   0x00000054   Code   RO         1779    i._Z13mrf_read_longt  mrf24j40.o
    0x00004820   0x00004820   0x0000001c   Code   RO         1780    i._Z13mrf_reset_seth  mrf24j40.o
    0x0000483c   0x0000483c   0x00000030   Code   RO         1781    i._Z13mrf_set_panidt  mrf24j40.o
    0x0000486c   0x0000486c   0x0000001c   Code   RO         1782    i._Z13mrf_spi_writet  mrf24j40.o
    0x00004888   0x00004888   0x00000018   Code   RO         1197    i._Z13nrk_error_addh  nrk_error.o
    0x000048a0   0x000048a0   0x00000020   Code   RO         1394    i._Z13nrk_idle_taskv  nrk_idle_task.o
    0x000048c0   0x000048c0   0x00000022   Code   RO         1933    i._Z13rf_carrier_onv  basic_rf.o
    0x000048e2   0x000048e2   0x00000016   Code   RO          746    i._Z14NVIC_EnableIRQ4IRQn  nrk_timer.o
    0x000048f8   0x000048f8   0x0000000c   Code   RO         1199    i._Z14_nrk_errno_seth  nrk_error.o
    0x00004904   0x00004904   0x00000294   Code   RO         1413    i._Z14_nrk_schedulerv  nrk_scheduler.o
    0x00004b98   0x00004b98   0x00000010   Code   RO         2505    i._Z14mrfIsrCallbackv  main.o
    0x00004ba8   0x00004ba8   0x00000046   Code   RO         1784    i._Z14mrf_read_shorth  mrf24j40.o
    0x00004bee   0x00004bee   0x00000058   Code   RO         1785    i._Z14mrf_write_longth  mrf24j40.o
    0x00004c46   0x00004c46   0x00000002   PAD
    0x00004c48   0x00004c48   0x0000003c   Code   RO         1290    i._Z14nrk_event_waitj  nrk_events.o
    0x00004c84   0x00004c84   0x00000004   Code   RO          952    i._Z14nrk_int_enablev  nrk.o
    0x00004c88   0x00004c88   0x0000002c   Code   RO          305    i._Z14nrk_led_togglei  ulib.o
    0x00004cb4   0x00004cb4   0x00000022   Code   RO         1935    i._Z14rf_carrier_offv  basic_rf.o
    0x00004cd6   0x00004cd6   0x00000018   Code   RO         1938    i._Z14rf_set_rx_modeh  basic_rf.o
    0x00004cee   0x00004cee   0x00000046   Code   RO          307    i._Z14setup_uartPinsv  ulib.o
    0x00004d34   0x00004d34   0x00000014   Code   RO          308    i._Z15GPIO_ClearValuehj  ulib.o
    0x00004d48   0x00004d48   0x00000034   Code   RO          309    i._Z15GPIO_GetPointerh  ulib.o
    0x00004d7c   0x00004d7c   0x00000028   Code   RO         2216    i._Z15bmac_rx_pkt_getPhS_  bmac.o
    0x00004da4   0x00004da4   0x00000048   Code   RO         1786    i._Z15mrf_write_shorthh  mrf24j40.o
    0x00004dec   0x00004dec   0x00000042   Code   RO          310    i._Z15nrk_gpio_togglej  ulib.o
    0x00004e2e   0x00004e2e   0x00000004   Code   RO          953    i._Z15nrk_int_disablev  nrk.o
    0x00004e32   0x00004e32   0x00000004   Code   RO          311    i._Z15nrk_setup_portsv  ulib.o
    0x00004e36   0x00004e36   0x00000002   Code   RO         1439    i._Z15nrk_stack_checkv  nrk_stack_check.o
    0x00004e38   0x00004e38   0x0000001c   Code   RO         1939    i._Z15rf_rx_check_ccav  basic_rf.o
    0x00004e54   0x00004e54   0x00000026   Code   RO          312    i._Z16PINSEL_ConfigPinP15PINSEL_CFG_Type  ulib.o
    0x00004e7a   0x00004e7a   0x00000002   PAD
    0x00004e7c   0x00004e7c   0x00000098   Code   RO          747    i._Z16_nrk_setup_timerv  nrk_timer.o
    0x00004f14   0x00004f14   0x00000048   Code   RO         2218    i._Z16bmac_task_configv  bmac.o
    0x00004f5c   0x00004f5c   0x00000038   Code   RO         1787    i._Z16mrf_gpioint_initv  mrf24j40.o
    0x00004f94   0x00004f94   0x00000088   Code   RO         1293    i._Z16nrk_event_signala  nrk_events.o
    0x0000501c   0x0000501c   0x00000004   Code   RO          748    i._Z16nrk_spin_wait_usj  nrk_timer.o
    0x00005020   0x00005020   0x0000000a   Code   RO          572    i._Z16nrk_target_startv  nrk_cpu.o
    0x0000502a   0x0000502a   0x0000001e   Code   RO          573    i._Z16nrk_task_set_stkP9task_typePjt  nrk_cpu.o
    0x00005048   0x00005048   0x00000028   Code   RO         1942    i._Z16rf_polling_rx_onv  basic_rf.o
    0x00005070   0x00005070   0x00000028   Code   RO          314    i._Z16set_ResistorModehhh  ulib.o
    0x00005098   0x00005098   0x0000000a   Code   RO          749    i._Z17_nrk_os_timer_getv  nrk_timer.o
    0x000050a2   0x000050a2   0x00000002   PAD
    0x000050a4   0x000050a4   0x00000074   Code   RO         1484    i._Z17nrk_activate_taskP9task_type  nrk_task.o
    0x00005118   0x00005118   0x000000b8   Code   RO         1485    i._Z17nrk_add_to_readyQa  nrk_task.o
    0x000051d0   0x000051d0   0x00000030   Code   RO         1294    i._Z17nrk_signal_createv  nrk_events.o
    0x00005200   0x00005200   0x00000080   Code   RO          574    i._Z17nrk_task_stk_initPFvvEPjS1_  nrk_cpu.o
    0x00005280   0x00005280   0x00000044   Code   RO         1486    i._Z17nrk_wait_until_nwv  nrk_task.o
    0x000052c4   0x000052c4   0x0000002c   Code   RO         1946    i._Z17rf_set_cca_thresha  basic_rf.o
    0x000052f0   0x000052f0   0x00000024   Code   RO          316    i._Z17set_OpenDrainModehhh  ulib.o
    0x00005314   0x00005314   0x00000040   Code   RO         1605    i._Z18_nrk_time_to_ticksP10nrk_time_t  nrk_time.o
    0x00005354   0x00005354   0x00000080   Code   RO         2506    i._Z18nrk_create_tasksetv  main.o
    0x000053d4   0x000053d4   0x00000020   Code   RO         1948    i._Z18rf_auto_ack_enablev  basic_rf.o
    0x000053f4   0x000053f4   0x000000b0   Code   RO         1949    i._Z18rf_parse_rx_packetv  basic_rf.o
    0x000054a4   0x000054a4   0x00000020   Code   RO         2221    i._Z19_bmac_channel_checkv  bmac.o
    0x000054c4   0x000054c4   0x00000010   Code   RO          754    i._Z19_nrk_os_timer_resetv  nrk_timer.o
    0x000054d4   0x000054d4   0x0000000e   Code   RO          755    i._Z19_nrk_os_timer_startv  nrk_timer.o
    0x000054e2   0x000054e2   0x00000002   PAD
    0x000054e4   0x000054e4   0x0000000c   Code   RO         2222    i._Z19bmac_rx_pkt_releasev  bmac.o
    0x000054f0   0x000054f0   0x0000000a   Code   RO         2224    i._Z19bmac_set_cca_thresha  bmac.o
    0x000054fa   0x000054fa   0x00000002   PAD
    0x000054fc   0x000054fc   0x00000054   Code   RO         1488    i._Z19nrk_rem_from_readyQa  nrk_task.o
    0x00005550   0x00005550   0x00000028   Code   RO         1296    i._Z19nrk_signal_registera  nrk_events.o
    0x00005578   0x00005578   0x00000020   Code   RO         1951    i._Z19rf_auto_ack_disablev  basic_rf.o
    0x00005598   0x00005598   0x0000000a   Code   RO          758    i._Z20_nrk_get_next_wakeupv  nrk_timer.o
    0x000055a2   0x000055a2   0x00000008   Code   RO          759    i._Z20_nrk_set_next_wakeuph  nrk_timer.o
    0x000055aa   0x000055aa   0x00000002   PAD
    0x000055ac   0x000055ac   0x0000000c   Code   RO         1201    i._Z20nrk_kernel_error_addhh  nrk_error.o
    0x000055b8   0x000055b8   0x00000044   Code   RO         1490    i._Z20nrk_wait_until_tickst  nrk_task.o
    0x000055fc   0x000055fc   0x0000000a   Code   RO         2228    i._Z21bmac_auto_ack_disablev  bmac.o
    0x00005606   0x00005606   0x00000002   PAD
    0x00005608   0x00005608   0x00000020   Code   RO         2231    i._Z22bmac_rx_pkt_set_bufferPch  bmac.o
    0x00005628   0x00005628   0x00000020   Code   RO         2232    i._Z22bmac_set_rx_check_rate10nrk_time_t  bmac.o
    0x00005648   0x00005648   0x00000034   Code   RO         2233    i._Z22bmac_wait_until_rx_pktv  bmac.o
    0x0000567c   0x0000567c   0x00000078   Code   RO          575    i._Z22nrk_stack_pointer_initv  nrk_cpu.o
    0x000056f4   0x000056f4   0x00000016   Code   RO         1956    i._Z22rf_addr_decode_disablev  basic_rf.o
    0x0000570a   0x0000570a   0x00000002   PAD
    0x0000570c   0x0000570c   0x00000014   Code   RO         1588    i._Z23_nrk_wait_for_schedulerv  nrk_task.o
    0x00005720   0x00005720   0x00000018   Code   RO         2237    i._Z23bmac_get_tx_done_signalv  bmac.o
    0x00005738   0x00005738   0x00000014   Code   RO          761    i._Z25_nrk_high_speed_timer_getv  nrk_timer.o
    0x0000574c   0x0000574c   0x0000000c   Code   RO         2241    i._Z25bmac_addr_decode_dest_mact  bmac.o
    0x00005758   0x00005758   0x00000032   Code   RO          762    i._Z25nrk_high_speed_timer_waittt  nrk_timer.o
    0x0000578a   0x0000578a   0x00000002   PAD
    0x0000578c   0x0000578c   0x00000070   Code   RO          576    i._Z25nrk_stack_pointer_restorev  nrk_cpu.o
    0x000057fc   0x000057fc   0x0000000c   Code   RO         1491    i._Z26nrk_get_high_ready_task_IDv  nrk_task.o
    0x00005808   0x00005808   0x00000044   Code   RO         1492    i._Z26nrk_wait_until_next_periodv  nrk_task.o
    0x0000584c   0x0000584c   0x00000018   Code   RO          764    i._Z27_nrk_high_speed_timer_resetv  nrk_timer.o
    0x00005864   0x00005864   0x00000004   Code   RO          577    i._Z27nrk_task_set_entry_functionP9task_typePFvvE  nrk_cpu.o
    0x00005868   0x00005868   0x0000004c   Code   RO         1493    i._Z29nrk_wait_until_next_n_periodst  nrk_task.o
    0x000058b4   0x000058b4   0x00000024   Code   RO         2246    i._Z6_b_powh        bmac.o
    0x000058d8   0x000058d8   0x000000a0   Code   RO          326    i._Z7initLEDv       ulib.o
    0x00005978   0x00005978   0x00000058   Code   RO         1961    i._Z7rf_initP10RF_RX_INFOhtt  basic_rf.o
    0x000059d0   0x000059d0   0x000000d0   Code   RO         2507    i._Z7rx_taskv       main.o
    0x00005aa0   0x00005aa0   0x000000b8   Code   RO         2508    i._Z7tx_taskv       main.o
    0x00005b58   0x00005b58   0x0000006c   Code   RO         2247    i._Z8_bmac_rxv      bmac.o
    0x00005bc4   0x00005bc4   0x000000dc   Code   RO         2248    i._Z8_bmac_txv      bmac.o
    0x00005ca0   0x00005ca0   0x0000002c   Code   RO         1788    i._Z8mrf_inith      mrf24j40.o
    0x00005ccc   0x00005ccc   0x0000002a   Code   RO         1789    i._Z8mrf_rssiv      mrf24j40.o
    0x00005cf6   0x00005cf6   0x00000002   PAD
    0x00005cf8   0x00005cf8   0x000000ac   Code   RO          955    i._Z8nrk_initv      nrk.o
    0x00005da4   0x00005da4   0x00000054   Code   RO         1494    i._Z8nrk_wait10nrk_time_t  nrk_task.o
    0x00005df8   0x00005df8   0x00000020   Code   RO         1962    i._Z8rf_rx_onv      basic_rf.o
    0x00005e18   0x00005e18   0x00000016   Code   RO          327    i._Z9PORT_INITv     ulib.o
    0x00005e2e   0x00005e2e   0x00000002   PAD
    0x00005e30   0x00005e30   0x00000074   Code   RO         2249    i._Z9bmac_inith     bmac.o
    0x00005ea4   0x00005ea4   0x0000009c   Code   RO          329    i._Z9initDEBUGv     ulib.o
    0x00005f40   0x00005f40   0x000000bc   Code   RO         1791    i._Z9mrf_reseth     mrf24j40.o
    0x00005ffc   0x00005ffc   0x00000088   Code   RO          956    i._Z9nrk_startv     nrk.o
    0x00006084   0x00006084   0x00000020   Code   RO         1963    i._Z9rf_rx_offv     basic_rf.o
    0x000060a4   0x000060a4   0x00000046   Code   RO         3089    i._ZN27_INTERNAL_6_rtti_c_066a44b012tbc_downcastEPvPKSt9type_infoP28a_base_class_traversal_blockPN10__cxxabiv122__base_class_type_infoE  cpprt_w.l(rtti.o)
    0x000060ea   0x000060ea   0x00000016   Code   RO         3090    i._ZN27_INTERNAL_6_rtti_c_066a44b017tbc_post_downcastEPvPKSt9type_infoP28a_base_class_traversal_blockPN10__cxxabiv122__base_class_type_infoE  cpprt_w.l(rtti.o)
    0x00006100   0x00006100   0x000000a4   Code   RO         3091    i._ZN27_INTERNAL_6_rtti_c_066a44b021traverse_base_classesEPvPKSt9type_infoP28a_base_class_traversal_blockPN10__cxxabiv122__base_class_type_infoE  cpprt_w.l(rtti.o)
    0x000061a4   0x000061a4   0x000000c0   Code   RO         3092    i._ZN27_INTERNAL_6_rtti_c_066a44b023find_base_class_at_addrEPvS0_PKSt9type_infoS3_Pi  cpprt_w.l(rtti.o)
    0x00006264   0x00006264   0x0000000e   Code   RO         3093    i._ZN27_INTERNAL_6_rtti_c_066a44b024get_virtual_base_pointerEPvPN10__cxxabiv122__base_class_type_infoE  cpprt_w.l(rtti.o)
    0x00006272   0x00006272   0x00000002   PAD
    0x00006274   0x00006274   0x000001e4   Code   RO         3094    i._ZN27_INTERNAL_6_rtti_c_066a44b028derived_to_base_conversion_rEPvPS0_PKSt9type_infoS4_jPiiPS4_P19a_result_virtualityS5_  cpprt_w.l(rtti.o)
    0x00006458   0x00006458   0x00000030   Code   RO         2633    i._ZN4mbed4Base5clearEPKcPc  mbed.ar(Base.cpp.lpc1768.arm.o)
    0x00006488   0x00006488   0x00000038   Code   RO         2634    i._ZN4mbed4Base6lookupEPKcj  mbed.ar(Base.cpp.lpc1768.arm.o)
    0x000064c0   0x000064c0   0x00000040   Code   RO         2637    i._ZN4mbed4Base9list_objsEPKcPc  mbed.ar(Base.cpp.lpc1768.arm.o)
    0x00006500   0x00006500   0x00000024   Code   RO         2638    i._ZN4mbed4BaseC1EPKc  mbed.ar(Base.cpp.lpc1768.arm.o)
    0x00006524   0x00006524   0x00000034   Code   RO         2639    i._ZN4mbed4BaseD0Ev  mbed.ar(Base.cpp.lpc1768.arm.o)
    0x00006558   0x00006558   0x00000038   Code   RO         2640    i._ZN4mbed4BaseD1Ev  mbed.ar(Base.cpp.lpc1768.arm.o)
    0x00006590   0x00006590   0x00000020   Code   RO         2714    i._ZN4mbed9DigitalInC1E7PinNamePKc  mbed.ar(DigitalIn.cpp.lpc1768.arm.o)
    0x000065b0   0x000065b0   0x0000000e   Code   RO         2750    i._ZN4mbed9DigitalInD0Ev  mbed.ar(DigitalIn.cpp.lpc1768.arm.o)
    0x000065be   0x000065be   0x00000004   Code   RO         2738    i._ZN4mbed9DigitalInD1Ev  mbed.ar(DigitalIn.cpp.lpc1768.arm.o)
    0x000065c2   0x000065c2   0x00000006   Code   RO         2715    i._ZN4mbed9DigitalIncviEv  mbed.ar(DigitalIn.cpp.lpc1768.arm.o)
    0x000065c8   0x000065c8   0x00000020   Code   RO         3519    i._ZNKSt9type_infoeqERKS_  cpprt_w.l(type_info_eq.o)
    0x000065e8   0x000065e8   0x00000008   Code   RO         3072    i._ZdaPv            cpprt_w.l(array_del.o)
    0x000065f0   0x000065f0   0x00000008   Code   RO         3079    i._ZdlPv            cpprt_w.l(delete.o)
    0x000065f8   0x000065f8   0x00000020   Code   RO         3117    i.__ARM_common_get_typeid  cpprt_w.l(rtti.o)
    0x00006618   0x00006618   0x00000028   Code   RO         3854    i.__ARM_fpclassify  m_ws.l(fpclassify.o)
    0x00006640   0x00006640   0x00000070   Code   RO         3095    i.__derived_to_base_conversion  cpprt_w.l(rtti.o)
    0x000066b0   0x000066b0   0x000000b4   Code   RO         3096    i.__dynamic_cast    cpprt_w.l(rtti.o)
    0x00006764   0x00006764   0x0000000e   Code   RO         3936    i.__mathlib_dbl_overflow  m_ws.l(dunder.o)
    0x00006772   0x00006772   0x00000002   PAD
    0x00006774   0x00006774   0x00000010   Code   RO         3938    i.__mathlib_dbl_underflow  m_ws.l(dunder.o)
    0x00006784   0x00006784   0x0000000a   Code   RO         3555    i.__mathlib_flt_overflow  m_ws.l(funder.o)
    0x0000678e   0x0000678e   0x0000000a   Code   RO         3557    i.__mathlib_flt_underflow  m_ws.l(funder.o)
    0x00006798   0x00006798   0x00000010   Code   RO         3856    i.__mathlib_narrow  m_ws.l(narrow.o)
    0x000067a8   0x000067a8   0x000000bc   Code   RO         3857    i.__mathlib_tofloat  m_ws.l(narrow.o)
    0x00006864   0x00006864   0x00000028   Code   RO         2509    i.__sti___8_main_cpp_7b2698e3  main.o
    0x0000688c   0x0000688c   0x00000016   Code   RO         3919    i.__support_ldexp   m_ws.l(ldexp.o)
    0x000068a2   0x000068a2   0x00000002   PAD
    0x000068a4   0x000068a4   0x0000000c   Code   RO         2606    i.__user_setup_stackheap  stackheap.o
    0x000068b0   0x000068b0   0x0000000e   Code   RO         3004    i._is_digit         c_w.l(__printf_wp.o)
    0x000068be   0x000068be   0x00000004   Code   RO          957    i._nrk_timer_tick   nrk.o
    0x000068c2   0x000068c2   0x00000002   PAD
    0x000068c4   0x000068c4   0x0000002c   Code   RO         2778    i._sys_close        mbed.ar(stdio.cpp.lpc1768.arm.o)
    0x000068f0   0x000068f0   0x00000028   Code   RO         2781    i._sys_flen         mbed.ar(stdio.cpp.lpc1768.arm.o)
    0x00006918   0x00006918   0x00000028   Code   RO         2782    i._sys_istty        mbed.ar(stdio.cpp.lpc1768.arm.o)
    0x00006940   0x00006940   0x00000184   Code   RO         2783    i._sys_open         mbed.ar(stdio.cpp.lpc1768.arm.o)
    0x00006ac4   0x00006ac4   0x0000002c   Code   RO         2785    i._sys_seek         mbed.ar(stdio.cpp.lpc1768.arm.o)
    0x00006af0   0x00006af0   0x00000054   Code   RO         2786    i._sys_write        mbed.ar(stdio.cpp.lpc1768.arm.o)
    0x00006b44   0x00006b44   0x00000020   Code   RO         2615    i.clock             capi.ar(rtc_time.c.lpc1768.arm.o)
    0x00006b64   0x00006b64   0x00000016   Code   RO         2915    i.exit              capi.ar(exit.c.lpc1768.arm.o)
    0x00006b7a   0x00006b7a   0x0000001a   Code   RO         3420    i.fputc             c_w.l(fputc.o)
    0x00006b94   0x00006b94   0x00000058   Code   RO         3895    i.frexp             m_ws.l(frexp.o)
    0x00006bec   0x00006bec   0x00000030   Code   RO         2763    i.gpio_input        capi.ar(gpio_api.c.lpc1768.arm.o)
    0x00006c1c   0x00006c1c   0x00000030   Code   RO         2765    i.gpio_output       capi.ar(gpio_api.c.lpc1768.arm.o)
    0x00006c4c   0x00006c4c   0x00000018   Code   RO         2766    i.gpio_read         capi.ar(gpio_api.c.lpc1768.arm.o)
    0x00006c64   0x00006c64   0x00000018   Code   RO         2767    i.gpio_write        capi.ar(gpio_api.c.lpc1768.arm.o)
    0x00006c7c   0x00006c7c   0x00000074   Code   RO         3920    i.ldexp             m_ws.l(ldexp.o)
    0x00006cf0   0x00006cf0   0x00000058   Code   RO         2510    i.main              main.o
    0x00006d48   0x00006d48   0x00000078   Code   RO         2917    i.mbed_die          capi.ar(utils_api.c.lpc1768.arm.o)
    0x00006dc0   0x00006dc0   0x00000038   Code   RO         2905    i.pin_function      capi.ar(pinmap.c.lpc1768.arm.o)
    0x00006df8   0x00006df8   0x00000038   Code   RO         2906    i.pin_mode          capi.ar(pinmap.c.lpc1768.arm.o)
    0x00006e30   0x00006e30   0x0000003c   Code   RO         2907    i.pinmap_merge      capi.ar(pinmap.c.lpc1768.arm.o)
    0x00006e6c   0x00006e6c   0x00000058   Code   RO         2908    i.pinmap_peripheral  capi.ar(pinmap.c.lpc1768.arm.o)
    0x00006ec4   0x00006ec4   0x000000a4   Code   RO         2909    i.pinmap_pinout     capi.ar(pinmap.c.lpc1768.arm.o)
    0x00006f68   0x00006f68   0x00000054   Code   RO         3261    i.scalbnf           m_ws.l(scalbnf.o)
    0x00006fbc   0x00006fbc   0x0000000c   Code   RO         2927    i.semihost_exit     capi.ar(semihost_api.c.lpc1768.arm.o)
    0x00006fc8   0x00006fc8   0x00000100   Code   RO         2884    i.serial_baud       capi.ar(serial_api.c.lpc1768.arm.o)
    0x000070c8   0x000070c8   0x00000094   Code   RO         2886    i.serial_format     capi.ar(serial_api.c.lpc1768.arm.o)
    0x0000715c   0x0000715c   0x000000e4   Code   RO         2889    i.serial_init       capi.ar(serial_api.c.lpc1768.arm.o)
    0x00007240   0x00007240   0x0000000c   Code   RO         2891    i.serial_putc       capi.ar(serial_api.c.lpc1768.arm.o)
    0x0000724c   0x0000724c   0x00000014   Code   RO         2871    i.timer_frequency   capi.ar(timer_api.c.lpc1768.arm.o)
    0x00007260   0x00007260   0x00000070   Code   RO         2872    i.timer_init        capi.ar(timer_api.c.lpc1768.arm.o)
    0x000072d0   0x000072d0   0x00000004   Code   RO         2873    i.timer_read        capi.ar(timer_api.c.lpc1768.arm.o)
    0x000072d4   0x000072d4   0x0000000c   Code   RO         2874    i.timer_start       capi.ar(timer_api.c.lpc1768.arm.o)
    0x000072e0   0x000072e0   0x00000038   Code   RO         2773    i.us_ticker_read    capi.ar(us_ticker_api.c.lpc1768.arm.o)
    0x00007318   0x00007318   0x0000001c   Code   RO         2622    i.wait_ms           capi.ar(wait_api.c.lpc1768.arm.o)
    0x00007334   0x00007334   0x00000016   Code   RO         2623    i.wait_us           capi.ar(wait_api.c.lpc1768.arm.o)
    0x0000734a   0x0000734a   0x00000002   PAD
    0x0000734c   0x0000734c   0x0000002c   Code   RO         3666    locale$$code        c_w.l(lc_ctype_c.o)
    0x00007378   0x00007378   0x0000002c   Code   RO         3794    locale$$code        c_w.l(lc_numeric_c.o)
    0x000073a4   0x000073a4   0x00000062   Code   RO         3886    x$fpl$d2f           fz_ws.l(d2f.o)
    0x00007406   0x00007406   0x00000002   PAD
    0x00007408   0x00007408   0x00000010   Code   RO         3930    x$fpl$dcheck1       fz_ws.l(dcheck1.o)
    0x00007418   0x00007418   0x00000018   Code   RO         3912    x$fpl$dcmpinf       fz_ws.l(dcmpi.o)
    0x00007430   0x00007430   0x00000078   Code   RO         3888    x$fpl$deqf          fz_ws.l(deqf.o)
    0x000074a8   0x000074a8   0x00000078   Code   RO         3914    x$fpl$dleqf         fz_ws.l(dleqf.o)
    0x00007520   0x00007520   0x0000009c   Code   RO         3528    x$fpl$dnaninf       fz_ws.l(dnaninf.o)
    0x000075bc   0x000075bc   0x0000006c   Code   RO         3890    x$fpl$drleqf        fz_ws.l(drleqf.o)
    0x00007628   0x00007628   0x000000c4   Code   RO         3234    x$fpl$fadd          fz_ws.l(faddsub_clz.o)
    0x000076ec   0x000076ec   0x0000000c   Code   RO         3736    x$fpl$fcheck1       fz_ws.l(fcheck1.o)
    0x000076f8   0x000076f8   0x00000184   Code   RO         3241    x$fpl$fdiv          fz_ws.l(fdiv.o)
    0x0000787c   0x0000787c   0x00000036   Code   RO         3244    x$fpl$ffix          fz_ws.l(ffix.o)
    0x000078b2   0x000078b2   0x00000002   PAD
    0x000078b4   0x000078b4   0x00000030   Code   RO         3253    x$fpl$fflt          fz_ws.l(fflt_clz.o)
    0x000078e4   0x000078e4   0x00000026   Code   RO         3252    x$fpl$ffltu         fz_ws.l(fflt_clz.o)
    0x0000790a   0x0000790a   0x00000002   PAD
    0x0000790c   0x0000790c   0x00000102   Code   RO         3258    x$fpl$fmul          fz_ws.l(fmul.o)
    0x00007a0e   0x00007a0e   0x0000008c   Code   RO         3532    x$fpl$fnaninf       fz_ws.l(fnaninf.o)
    0x00007a9a   0x00007a9a   0x0000000a   Code   RO         3534    x$fpl$fretinf       fz_ws.l(fretinf.o)
    0x00007aa4   0x00007aa4   0x000000ea   Code   RO         3236    x$fpl$fsub          fz_ws.l(faddsub_clz.o)
    0x00007b8e   0x00007b8e   0x00000006   Code   RO         3536    x$fpl$ieeestatus    fz_ws.l(istatus.o)
    0x00007b94   0x00007b94   0x00000004   Code   RO         3538    x$fpl$printf1       fz_ws.l(printf1.o)
    0x00007b98   0x00007b98   0x00000004   Code   RO         3540    x$fpl$printf2       fz_ws.l(printf2.o)
    0x00007b9c   0x00007b9c   0x00000064   Code   RO         3846    x$fpl$retnan        fz_ws.l(retnan.o)
    0x00007c00   0x00007c00   0x0000005c   Code   RO         3916    x$fpl$scalbn        fz_ws.l(scalbn.o)
    0x00007c5c   0x00007c5c   0x0000004c   Code   RO         3546    x$fpl$scalbnf       fz_ws.l(scalbnf.o)
    0x00007ca8   0x00007ca8   0x00000004   Code   RO         3548    x$fpl$scanf1        fz_ws.l(scanf1.o)
    0x00007cac   0x00007cac   0x00000008   Code   RO         3848    x$fpl$scanf2        fz_ws.l(scanf2.o)
    0x00007cb4   0x00007cb4   0x00000030   Code   RO         3892    x$fpl$trapveneer    fz_ws.l(trapv.o)
    0x00007ce4   0x00007ce4   0x00000000   Code   RO         3550    x$fpl$usenofp       fz_ws.l(usenofp.o)
    0x00007ce4   0x00007ce4   0x00000018   Data   RO         2660    .constdata          mbed.ar(Base.cpp.lpc1768.arm.o)
    0x00007cfc   0x00007cfc   0x00000017   Data   RO         2837    .constdata          mbed.ar(stdio.cpp.lpc1768.arm.o)
    0x00007d13   0x00007d13   0x00000001   PAD
    0x00007d14   0x00007d14   0x00000154   Data   RO         2894    .constdata          capi.ar(serial_api.c.lpc1768.arm.o)
    0x00007e68   0x00007e68   0x00000028   Data   RO         2992    .constdata          c_w.l(_printf_hex_int_ll_ptr.o)
    0x00007e90   0x00007e90   0x00000011   Data   RO         3012    .constdata          c_w.l(__printf_flags_ss_wp.o)
    0x00007ea1   0x00007ea1   0x00000003   PAD
    0x00007ea4   0x00007ea4   0x00000004   Data   RO         3062    .constdata          c_w.l(aeabi_clocks.o)
    0x00007ea8   0x00007ea8   0x00000008   Data   RO         3371    .constdata          c_w.l(_printf_wctomb.o)
    0x00007eb0   0x00007eb0   0x00000026   Data   RO         3630    .constdata          c_w.l(_printf_fp_hex.o)
    0x00007ed6   0x00007ed6   0x00000002   PAD
    0x00007ed8   0x00007ed8   0x00000094   Data   RO         3761    .constdata          c_w.l(bigflt0.o)
    0x00007f6c   0x00007f6c   0x0000000c   Data   RO         3207    .constdata__ZTIN10__cxxabiv117__class_type_infoE  cpprt_w.l(lib_rtti_impl.o)
    0x00007f78   0x00007f78   0x0000000c   Data   RO         3208    .constdata__ZTIN10__cxxabiv120__si_class_type_infoE  cpprt_w.l(lib_rtti_impl.o)
    0x00007f84   0x00007f84   0x0000000c   Data   RO         3209    .constdata__ZTIN10__cxxabiv121__vmi_class_type_infoE  cpprt_w.l(lib_rtti_impl.o)
    0x00007f90   0x00007f90   0x00000008   Data   RO         2867    .constdata__ZTIN4mbed10FileHandleE  mbed.ar(stdio.cpp.lpc1768.arm.o)
    0x00007f98   0x00007f98   0x0000000c   Data   RO         2708    .constdata__ZTIN4mbed14FileSystemLikeE  mbed.ar(Base.cpp.lpc1768.arm.o)
    0x00007fa4   0x00007fa4   0x00000008   Data   RO         2685    .constdata__ZTIN4mbed4BaseE  mbed.ar(Base.cpp.lpc1768.arm.o)
    0x00007fac   0x00007fac   0x00000020   Data   RO         2866    .constdata__ZTIN4mbed8FileLikeE  mbed.ar(stdio.cpp.lpc1768.arm.o)
    0x00007fcc   0x00007fcc   0x0000000c   Data   RO         2753    .constdata__ZTIN4mbed9DigitalInE  mbed.ar(DigitalIn.cpp.lpc1768.arm.o)
    0x00007fd8   0x00007fd8   0x00000008   Data   RO         3517    .constdata__ZTISt9type_info  cpprt_w.l(type_info_dtor.o)
    0x00007fe0   0x00007fe0   0x00000022   Data   RO         3217    .constdata__ZTSN10__cxxabiv117__class_type_infoE  cpprt_w.l(lib_rtti_impl.o)
    0x00008002   0x00008002   0x00000025   Data   RO         3218    .constdata__ZTSN10__cxxabiv120__si_class_type_infoE  cpprt_w.l(lib_rtti_impl.o)
    0x00008027   0x00008027   0x00000026   Data   RO         3219    .constdata__ZTSN10__cxxabiv121__vmi_class_type_infoE  cpprt_w.l(lib_rtti_impl.o)
    0x0000804d   0x0000804d   0x00000014   Data   RO         2869    .constdata__ZTSN4mbed10FileHandleE  mbed.ar(stdio.cpp.lpc1768.arm.o)
    0x00008061   0x00008061   0x00000018   Data   RO         2709    .constdata__ZTSN4mbed14FileSystemLikeE  mbed.ar(Base.cpp.lpc1768.arm.o)
    0x00008079   0x00008079   0x0000000d   Data   RO         2689    .constdata__ZTSN4mbed4BaseE  mbed.ar(Base.cpp.lpc1768.arm.o)
    0x00008086   0x00008086   0x00000011   Data   RO         2868    .constdata__ZTSN4mbed8FileLikeE  mbed.ar(stdio.cpp.lpc1768.arm.o)
    0x00008097   0x00008097   0x00000012   Data   RO         2754    .constdata__ZTSN4mbed9DigitalInE  mbed.ar(DigitalIn.cpp.lpc1768.arm.o)
    0x000080a9   0x000080a9   0x0000000d   Data   RO         3518    .constdata__ZTSSt9type_info  cpprt_w.l(type_info_dtor.o)
    0x000080b6   0x000080b6   0x00000002   PAD
    0x000080b8   0x000080b8   0x00000010   Data   RO         3189    .constdata__ZTVN10__cxxabiv117__class_type_infoE  cpprt_w.l(lib_rtti_impl.o)
    0x000080c8   0x000080c8   0x00000010   Data   RO         3191    .constdata__ZTVN10__cxxabiv120__si_class_type_infoE  cpprt_w.l(lib_rtti_impl.o)
    0x000080d8   0x000080d8   0x00000010   Data   RO         3193    .constdata__ZTVN10__cxxabiv121__vmi_class_type_infoE  cpprt_w.l(lib_rtti_impl.o)
    0x000080e8   0x000080e8   0x00000018   Data   RO         2681    .constdata__ZTVN4mbed4BaseE  mbed.ar(Base.cpp.lpc1768.arm.o)
    0x00008100   0x00008100   0x00000018   Data   RO         2734    .constdata__ZTVN4mbed9DigitalInE  mbed.ar(DigitalIn.cpp.lpc1768.arm.o)
    0x00008118   0x00008118   0x0000000e   Data   RO         2662    .conststring        mbed.ar(Base.cpp.lpc1768.arm.o)
    0x00008126   0x00008126   0x00000005   Data   RO         2663    .conststring        mbed.ar(Base.cpp.lpc1768.arm.o)
    0x0000812b   0x0000812b   0x00000001   PAD
    0x0000812c   0x0000812c   0x00000020   Data   RO         3957    Region$$Table       anon$$obj.o
    0x0000814c   0x0000814c   0x00000008   Data   RO         3842    c$$dinf             fz_ws.l(fpconst.o)
    0x00008154   0x00008154   0x00000008   Data   RO         3845    c$$dmax             fz_ws.l(fpconst.o)
    0x0000815c   0x0000815c   0x00000110   Data   RO         3665    locale$$data        c_w.l(lc_ctype_c.o)
    0x0000826c   0x0000826c   0x0000001c   Data   RO         3793    locale$$data        c_w.l(lc_numeric_c.o)
    0x00008288   0x00008288   0x00000004   Data   RO         2525    .init_array         main.o
    0x0000828c   0x00008288   0x00000000   Data   RO         3067    .init_array         c_w.l(init_aeabi.o)


    Execution Region RW_IRAM1 (Exec base: 0x10000000, Load base: 0x0000828c, Size: 0x00000d94, Max: 0x00008000, ABSOLUTE, COMPRESSED[0x00000018])

    Exec Addr    Load Addr    Size         Type   Attr      Idx    E Section Name        Object

    0x10000000   COMPRESSED   0x000000c4   Data   RW         2612    .ARM.__AT_0x10000000  cmsis_nvic.o
    0x100000c4   COMPRESSED   0x00000002   Data   RW          788    .data               nrk_timer.o
    0x100000c6   COMPRESSED   0x00000002   PAD
    0x100000c8   COMPRESSED   0x00000004   Data   RW          968    .data               nrk.o
    0x100000cc   COMPRESSED   0x00000001   Data   RW          969    .data               nrk.o
    0x100000cd   COMPRESSED   0x00000003   PAD
    0x100000d0   COMPRESSED   0x00000014   Data   RW          970    .data               nrk.o
    0x100000e4   COMPRESSED   0x00000008   Data   RW          973    .data               nrk.o
    0x100000ec   COMPRESSED   0x00000002   Data   RW         1215    .data               nrk_error.o
    0x100000ee   COMPRESSED   0x00000002   PAD
    0x100000f0   COMPRESSED   0x00000004   Data   RW         1313    .data               nrk_events.o
    0x100000f4   COMPRESSED   0x00000008   Data   RW         1415    .data               nrk_scheduler.o
    0x100000fc   COMPRESSED   0x00000004   Data   RW         1814    .data               mrf24j40.o
    0x10000100   COMPRESSED   0x00000006   Data   RW         2005    .data               basic_rf.o
    0x10000106   COMPRESSED   0x00000002   PAD
    0x10000108   COMPRESSED   0x00000018   Data   RW         2290    .data               bmac.o
    0x10000120   COMPRESSED   0x00000020   Data   RW         2523    .data               main.o
    0x10000140   COMPRESSED   0x00000004   Data   RW         2603    .data               system_LPC17xx.o
    0x10000144   COMPRESSED   0x00000008   Data   RW         2664    .data               mbed.ar(Base.cpp.lpc1768.arm.o)
    0x1000014c   COMPRESSED   0x0000000c   Data   RW         2665    .data               mbed.ar(Base.cpp.lpc1768.arm.o)
    0x10000158   COMPRESSED   0x00000004   Data   RW         2774    .data               capi.ar(us_ticker_api.c.lpc1768.arm.o)
    0x1000015c   COMPRESSED   0x00000004   Data   RW         3027    .data               c_w.l(stdio_streams.o)
    0x10000160   COMPRESSED   0x00000004   Data   RW         3028    .data               c_w.l(stdio_streams.o)
    0x10000164   COMPRESSED   0x00000004   Data   RW         3029    .data               c_w.l(stdio_streams.o)
    0x10000168   COMPRESSED   0x00000004   Data   RW         3815    .data               c_w.l(heapauxa.o)
    0x1000016c        -       0x00000080   Zero   RW          966    .bss                nrk.o
    0x100001ec        -       0x000002bc   Zero   RW          967    .bss                nrk.o
    0x100004a8        -       0x0000000c   Zero   RW         2004    .bss                basic_rf.o
    0x100004b4        -       0x00000148   Zero   RW         2289    .bss                bmac.o
    0x100005fc        -       0x00000554   Zero   RW         2519    .bss                main.o
    0x10000b50        -       0x00000040   Zero   RW         2836    .bss                mbed.ar(stdio.cpp.lpc1768.arm.o)
    0x10000b90        -       0x00000054   Zero   RW         3024    .bss                c_w.l(stdio_streams.o)
    0x10000be4        -       0x00000054   Zero   RW         3025    .bss                c_w.l(stdio_streams.o)
    0x10000c38        -       0x00000054   Zero   RW         3026    .bss                c_w.l(stdio_streams.o)
    0x10000c8c        -       0x000000e4   Zero   RW         3032    .bss                c_w.l(rand.o)
    0x10000d70        -       0x00000004   Zero   RW         3281    .bss                c_w.l(rt_ddtor_pointer_addr.o)
    0x10000d74        -       0x00000004   Zero   RW         3286    .bss                c_w.l(rt_errno_addr.o)
    0x10000d78        -       0x00000004   Zero   RW         3594    .bss                c_w.l(rt_heap_descriptor.o)
    0x10000d7c        -       0x00000014   Zero   RW         3599    .bss                c_w.l(rt_locale.o)
    0x10000d90        -       0x00000004   Zero   RW         3744    .bss                c_w.l(rt_eh_globals_addr.o)


    Execution Region RW_IRAM2 (Exec base: 0x2007c000, Load base: 0x000082a4, Size: 0x00000000, Max: 0x00004000, ABSOLUTE)

    **** No section assigned to this execution region ****


    Execution Region RW_IRAM3 (Exec base: 0x20080000, Load base: 0x000082a4, Size: 0x00000000, Max: 0x00004000, ABSOLUTE)

    **** No section assigned to this execution region ****


    Execution Region RW_IRAM4 (Exec base: 0x40038000, Load base: 0x000082a4, Size: 0x00000000, Max: 0x00000800, ABSOLUTE)

    **** No section assigned to this execution region ****


==============================================================================

Image component sizes


      Code (inc. data)   RO Data    RW Data    ZI Data      Debug   Object Name

      1158        112          0          6         12      21002   basic_rf.o
       996        110          0         24        328      16238   bmac.o
         0          0          0        196          0          0   cmsis_nvic.o
         0          0          0          0          0      27865   hal_wait.o
       724        158          4         32       1364       7141   main.o
      1092         72          0          4          0      11637   mrf24j40.o
       120         14          0          0          0        412   my_asm.o
       708         38          0         33        828       6877   nrk.o
       404         26          0          0          0      31660   nrk_cpu.o
         0          0          0          0          0       4382   nrk_eeprom.o
        48         18          0          2          0       3275   nrk_error.o
       284         32          0          4          0       3565   nrk_events.o
        32          6          0          0          0        640   nrk_idle_task.o
       660         42          0          8          0       1798   nrk_scheduler.o
         2          0          0          0          0        578   nrk_stack_check.o
       780         82          0          0          0       9032   nrk_task.o
        64          8          0          0          0       2138   nrk_time.o
       382         36          0          2          0      14869   nrk_timer.o
        12          4          0          0          0         60   stackheap.o
        40         12        196          0          0        220   startup_LPC17xx.o
       120         10          0          4          0         60   system_LPC17xx.o
      1116         34          0          0          0      16476   ulib.o

    ----------------------------------------------------------------------
      8770        814        232        324       2532     179925   Object Totals
         0          0         32          0          0          0   (incl. Generated)
        28          0          0          9          0          0   (incl. Padding)

    ----------------------------------------------------------------------

      Code (inc. data)   RO Data    RW Data    ZI Data      Debug   Library Member Name

        24          4          0          0          0         84   __2printf.o
        44          6          0          0          0         84   __2sprintf.o
        58          0          0          0          0          0   __dczerorl.o
         8          0          0          0          0         68   __main.o
       392          4         17          0          0         92   __printf_flags_ss_wp.o
        14          0          0          0          0         68   __printf_wp.o
         0          0          0          0          0          0   __rtentry.o
        12          0          0          0          0          0   __rtentry2.o
         6          0          0          0          0          0   __rtentry4.o
        52          8          0          0          0          0   __scatter.o
        28          0          0          0          0          0   __scatter_zi.o
        28          0          0          0          0         68   _chval.o
        60          0          0          0          0         92   _mbrtowc.o
         6          0          0          0          0          0   _printf_a.o
         6          0          0          0          0          0   _printf_c.o
        44          0          0          0          0        108   _printf_char.o
        48          6          0          0          0         96   _printf_char_common.o
        36          4          0          0          0         80   _printf_char_file.o
        40          0          0          0          0         68   _printf_charcount.o
         6          0          0          0          0          0   _printf_d.o
       120         16          0          0          0         92   _printf_dec.o
         6          0          0          0          0          0   _printf_e.o
         6          0          0          0          0          0   _printf_f.o
      1054          0          0          0          0        216   _printf_fp_dec.o
       764          8         38          0          0        100   _printf_fp_hex.o
       128         16          0          0          0         84   _printf_fp_infnan.o
         6          0          0          0          0          0   _printf_g.o
       148          4         40          0          0        160   _printf_hex_int_ll_ptr.o
         6          0          0          0          0          0   _printf_i.o
       178          0          0          0          0         88   _printf_intcommon.o
        10          0          0          0          0          0   _printf_l.o
         6          0          0          0          0          0   _printf_lc.o
        10          0          0          0          0          0   _printf_ll.o
         6          0          0          0          0          0   _printf_lld.o
         6          0          0          0          0          0   _printf_lli.o
         6          0          0          0          0          0   _printf_llo.o
         6          0          0          0          0          0   _printf_llu.o
         6          0          0          0          0          0   _printf_llx.o
       124         16          0          0          0         92   _printf_longlong_dec.o
         6          0          0          0          0          0   _printf_ls.o
         6          0          0          0          0          0   _printf_n.o
         6          0          0          0          0          0   _printf_o.o
       112         10          0          0          0        124   _printf_oct_int_ll.o
         6          0          0          0          0          0   _printf_p.o
        78          0          0          0          0        108   _printf_pad.o
         0          0          0          0          0          0   _printf_percent.o
         4          0          0          0          0          0   _printf_percent_end.o
         6          0          0          0          0          0   _printf_s.o
        82          0          0          0          0         80   _printf_str.o
        36          0          0          0          0         84   _printf_truncate.o
         6          0          0          0          0          0   _printf_u.o
        44          0          0          0          0        108   _printf_wchar.o
       188          6          8          0          0         92   _printf_wctomb.o
         6          0          0          0          0          0   _printf_x.o
        22          0          0          0          0        100   _rserrno.o
       884          6          0          0          0        100   _scanf.o
       332          0          0          0          0         96   _scanf_int.o
       342          0          0          0          0        100   _scanf_longlong.o
       276          0          0          0          0        100   _scanf_mbtowc.o
       224          0          0          0          0         96   _scanf_str.o
        30          0          0          0          0         76   _scanf_wcharmap.o
       232          0          0          0          0        100   _scanf_wctomb.o
       208          0          0          0          0         96   _scanf_wstr.o
        64          0          0          0          0         84   _sgetc.o
        10          0          0          0          0         68   _sputc.o
        64          0          0          0          0         92   _wcrtomb.o
        22          0          0          0          0         80   abort.o
        46          0          0          0          0         84   aeabi_atexit.o
         0          0          4          0          0          0   aeabi_clocks.o
       128         42          0          0          0         76   assert.o
        24          6          0          0          0         80   assert_stdio.o
       228          4        148          0          0         96   bigflt0.o
      2152        136          0          0          0        960   btod.o
        66          0          0          0          0         84   cxa_finalize.o
        48         34          0          0          0         76   defsig_abrt_inner.o
        14          0          0          0          0         80   defsig_abrt_outer.o
        10          0          0          0          0         68   defsig_exit.o
        50          0          0          0          0         88   defsig_general.o
        80         58          0          0          0         76   defsig_rtmem_inner.o
        14          0          0          0          0         80   defsig_rtmem_outer.o
        52         38          0          0          0         76   defsig_rtred_inner.o
        14          0          0          0          0         80   defsig_rtred_outer.o
        76          0          0          0          0         88   fclose.o
         8          0          0          0          0         68   ferror.o
       100          4          0          0          0        120   fflush.o
       470          0          0          0          0         88   flsbuf.o
       236          4          0          0          0        128   fopen.o
        20          0          0          0          0         84   fprintf.o
        26          0          0          0          0         68   fputc.o
        34          0          0          0          0         80   fputs.o
       248          6          0          0          0         84   fseek.o
        66          0          0          0          0         76   ftell.o
        94          0          0          0          0         80   h1_alloc.o
        52          0          0          0          0         68   h1_extend.o
        78          0          0          0          0         80   h1_free.o
        14          0          0          0          0         84   h1_init.o
        80          6          0          4          0         96   heapauxa.o
         4          0          0          0          0        136   hguard.o
         0          0          0          0          0          0   indicate_semi.o
        36         10          0          0          0         80   init_aeabi.o
       138          0          0          0          0        168   init_alloc.o
       312         46          0          0          0        112   initio.o
        18          0          0          0          0         76   isspace.o
        44         10        272          0          0         76   lc_ctype_c.o
        44         10         28          0          0         76   lc_numeric_c.o
         2          0          0          0          0          0   libinit.o
        50          0          0          0          0          0   libinit2.o
         0          0          0          0          0          0   libshutdown2.o
        38          0          0          0          0         68   llshl.o
       138          0          0          0          0         80   lludiv10.o
       238          0          0          0          0        100   lludivv7m.o
         0          0          0          0          0          0   maybetermalloc1.o
       112         18          0          0        228        160   rand.o
        16          4          0          0          0         76   rt_ctype_table.o
         8          4          0          0          4         68   rt_ddtor_pointer_addr.o
         8          4          0          0          4         68   rt_eh_globals_addr.o
         8          4          0          0          4         68   rt_errno_addr.o
         8          4          0          0          4         68   rt_heap_descriptor.o
         8          4          0          0         20         68   rt_locale.o
        78          0          0          0          0         80   rt_memclr_w.o
        44          8          0          0          0         84   scanf_char.o
      1272         16          0          0          0        168   scanf_fp.o
       800         14          0          0          0        100   scanf_hexfp.o
       308         16          0          0          0        100   scanf_infnan.o
        70          0          0          0          0         80   setvbuf.o
        44          6          0          0          0         84   sprintf.o
        60          8          0          0          0         84   sscanf.o
       240          6          0          0          0        156   stdio.o
         0          0          0         12        252          0   stdio_streams.o
       128          0          0          0          0         68   strcmpv7m.o
        62          0          0          0          0         76   strlen.o
       150          0          0          0          0         80   strncmp.o
        12          4          0          0          0         68   sys_exit.o
        14          0          0          0          0         76   sys_wrch.o
         2          0          0          0          0         68   use_no_semi.o
        22          0          0          0          0         76   exit.c.lpc1768.arm.o
       144          0          0          0          0        264   gpio_api.c.lpc1768.arm.o
       424        100          0          0          0        332   pinmap.c.lpc1768.arm.o
        32         10          0          0          0         68   rtc_time.c.lpc1768.arm.o
        12          0          0          0          0         68   semihost_api.c.lpc1768.arm.o
       644        110        340          0          0        280   serial_api.c.lpc1768.arm.o
       148         16          0          0          0        240   timer_api.c.lpc1768.arm.o
        56         12          0          4          0         80   us_ticker_api.c.lpc1768.arm.o
       120          6          0          0          0         76   utils_api.c.lpc1768.arm.o
        50          0          0          0          0        144   wait_api.c.lpc1768.arm.o
         4          0          0          0          0         72   arm_bad_typeid_noexceptions.o
        80         12          0          0          0        104   arm_exceptions_globs.o
        60          0          0          0          0        108   arm_exceptions_mem.o
        26          0          0          0          0         76   arm_exceptions_terminate.o
         8          0          0          0          0         76   array_del.o
         8          0          0          0          0         76   delete.o
         0          0        193          0          0          0   lib_rtti_impl.o
      1270         42          0          0          0        780   rtti.o
         0          0         21          0          0          0   type_info_dtor.o
        32          0          0          0          0         80   type_info_eq.o
        98          4          0          0          0         92   d2f.o
        16          4          0          0          0         68   dcheck1.o
        24          0          0          0          0         68   dcmpi.o
       120          4          0          0          0         92   deqf.o
       120          4          0          0          0         92   dleqf.o
       156          4          0          0          0         92   dnaninf.o
       108          0          0          0          0         80   drleqf.o
       430          8          0          0          0        168   faddsub_clz.o
        12          4          0          0          0         68   fcheck1.o
       388         76          0          0          0         96   fdiv.o
        54          4          0          0          0         84   ffix.o
        86          0          0          0          0        136   fflt_clz.o
       258          4          0          0          0         84   fmul.o
       140          4          0          0          0         84   fnaninf.o
         0          0         16          0          0          0   fpconst.o
        10          0          0          0          0         68   fretinf.o
         6          0          0          0          0         68   istatus.o
         4          0          0          0          0         68   printf1.o
         4          0          0          0          0         68   printf2.o
       100          0          0          0          0         68   retnan.o
        92          0          0          0          0         68   scalbn.o
        76          0          0          0          0         68   scalbnf.o
         4          0          0          0          0         68   scanf1.o
         8          0          0          0          0         84   scanf2.o
        48          0          0          0          0         68   trapv.o
         0          0          0          0          0          0   usenofp.o
        30          6          0          0          0        136   dunder.o
        40          0          0          0          0         68   fpclassify.o
        88          8          0          0          0         76   frexp.o
        20          0          0          0          0        136   funder.o
       138          0          0          0          0        160   ldexp.o
       204          4          0          0          0        168   narrow.o
        84          0          0          0          0         76   scalbnf.o
       312         46        124         20          0        396   Base.cpp.lpc1768.arm.o
        56          4         54          0          0        264   DigitalIn.cpp.lpc1768.arm.o
       640         68        100          0         64        404   stdio.cpp.lpc1768.arm.o

    ----------------------------------------------------------------------
     23006       1214       1412         40        580      16624   Library Totals
        46          2          9          0          0          0   (incl. Padding)

    ----------------------------------------------------------------------

      Code (inc. data)   RO Data    RW Data    ZI Data      Debug   Library Name

     15846        648        555         16        516       9740   c_w.l
      1652        254        340          4          0       1628   capi.ar
      1488         54        214          0          0       1372   cpprt_w.l
      2362        120         16          0          0       2000   fz_ws.l
       604         18          0          0          0        820   m_ws.l
      1008        118        278         20         64       1064   mbed.ar

    ----------------------------------------------------------------------
     23006       1214       1412         40        580      16624   Library Totals

    ----------------------------------------------------------------------

==============================================================================


      Code (inc. data)   RO Data    RW Data    ZI Data      Debug   

     31776       2028       1644        364       3112     180461   Grand Totals
     31776       2028       1644         24       3112     180461   ELF Image Totals (compressed)
     31776       2028       1644         24          0          0   ROM Totals

==============================================================================

    Total RO  Size (Code + RO Data)                33420 (  32.64kB)
    Total RW  Size (RW Data + ZI Data)              3476 (   3.39kB)
    Total ROM Size (Code + RO Data + RW Data)      33444 (  32.66kB)

==============================================================================

