Component: ARM Compiler 5.06 update 6 (build 750) Tool: armlink [4d35ed]

==============================================================================

Section Cross References

    my_asm.o(.text) refers to nrk.o(i._nrk_timer_tick) for _nrk_timer_tick
    my_asm.o(.text) refers to nrk.o(.data) for nrk_high_ready_TCB
    hal_wait.o(.ARM.exidx) refers to hal_wait.o(i._Z7halWaitt) for i._Z7halWaitt
    nrk_eeprom.o(.ARM.exidx) refers to nrk_eeprom.o(i._Z20nrk_eeprom_read_bytet) for i._Z20nrk_eeprom_read_bytet
    nrk_eeprom.o(.ARM.exidx) refers to nrk_eeprom.o(i._Z21nrk_eeprom_write_byteth) for i._Z21nrk_eeprom_write_byteth
    nrk_eeprom.o(.ARM.exidx) refers to nrk_eeprom.o(i._Z23read_eeprom_mac_addressPj) for i._Z23read_eeprom_mac_addressPj
    nrk_eeprom.o(.ARM.exidx) refers to nrk_eeprom.o(i._Z19read_eeprom_channelPh) for i._Z19read_eeprom_channelPh
    nrk_eeprom.o(.ARM.exidx) refers to nrk_eeprom.o(i._Z27write_eeprom_load_img_pagesPh) for i._Z27write_eeprom_load_img_pagesPh
    nrk_eeprom.o(.ARM.exidx) refers to nrk_eeprom.o(i._Z26read_eeprom_load_img_pagesPh) for i._Z26read_eeprom_load_img_pagesPh
    nrk_eeprom.o(.ARM.exidx) refers to nrk_eeprom.o(i._Z19read_eeprom_aes_keyPh) for i._Z19read_eeprom_aes_keyPh
    nrk_eeprom.o(.ARM.exidx) refers to nrk_eeprom.o(i._Z20write_eeprom_aes_keyPh) for i._Z20write_eeprom_aes_keyPh
    nrk_eeprom.o(.ARM.exidx) refers to nrk_eeprom.o(i._Z34read_eeprom_current_image_checksumPh) for i._Z34read_eeprom_current_image_checksumPh
    nrk_eeprom.o(.ARM.exidx) refers to nrk_eeprom.o(i._Z35write_eeprom_current_image_checksumPh) for i._Z35write_eeprom_current_image_checksumPh
    ulib.o(i._Z11GPIO_SetDirhjh) refers to ulib.o(i._Z15GPIO_GetPointerh) for GPIO_GetPointer(unsigned char)
    ulib.o(i._Z11GPIO_Togglehj) refers to ulib.o(i._Z15GPIO_GetPointerh) for GPIO_GetPointer(unsigned char)
    ulib.o(i._Z11nrk_led_clri) refers to ulib.o(i._Z12nrk_gpio_clrj) for nrk_gpio_clr(unsigned)
    ulib.o(i._Z11nrk_led_seti) refers to ulib.o(i._Z12nrk_gpio_setj) for nrk_gpio_set(unsigned)
    ulib.o(i._Z11setup_uart2t) refers to ulib.o(i._Z21UART_ConfigStructInitP13UART_CFG_Type) for UART_ConfigStructInit(UART_CFG_Type*)
    ulib.o(i._Z11setup_uart2t) refers to ulib.o(i._Z9UART_InitP16LPC_UART_TypeDefP13UART_CFG_Type) for UART_Init(LPC_UART_TypeDef*, UART_CFG_Type*)
    ulib.o(i._Z11setup_uart3j) refers to ulib.o(i._Z21UART_ConfigStructInitP13UART_CFG_Type) for UART_ConfigStructInit(UART_CFG_Type*)
    ulib.o(i._Z11setup_uart3j) refers to ulib.o(i._Z9UART_InitP16LPC_UART_TypeDefP13UART_CFG_Type) for UART_Init(LPC_UART_TypeDef*, UART_CFG_Type*)
    ulib.o(i._Z12nrk_gpio_clrj) refers to ulib.o(i._Z15GPIO_ClearValuehj) for GPIO_ClearValue(unsigned char, unsigned)
    ulib.o(i._Z12nrk_gpio_geth) refers to ulib.o(i._Z14GPIO_ReadValueh) for GPIO_ReadValue(unsigned char)
    ulib.o(i._Z12nrk_gpio_setj) refers to ulib.o(i._Z13GPIO_SetValuehj) for GPIO_SetValue(unsigned char, unsigned)
    ulib.o(i._Z12setupSPIPinsv) refers to ulib.o(i._Z16PINSEL_ConfigPinP15PINSEL_CFG_Type) for PINSEL_ConfigPin(PINSEL_CFG_Type*)
    ulib.o(i._Z13GPIO_SetValuehj) refers to ulib.o(i._Z15GPIO_GetPointerh) for GPIO_GetPointer(unsigned char)
    ulib.o(i._Z14CLKPWR_GetPCLKj) refers to ulib.o(i._Z17CLKPWR_GetPCLKSELj) for CLKPWR_GetPCLKSEL(unsigned)
    ulib.o(i._Z14CLKPWR_GetPCLKj) refers to system_LPC17xx.o(.data) for SystemCoreClock
    ulib.o(i._Z14GPIO_ReadValueh) refers to ulib.o(i._Z15GPIO_GetPointerh) for GPIO_GetPointer(unsigned char)
    ulib.o(i._Z14nrk_led_togglei) refers to ulib.o(i._Z15nrk_gpio_togglej) for nrk_gpio_toggle(unsigned)
    ulib.o(i._Z14nrk_setup_uartj) refers to ulib.o(i._Z11setup_uart3j) for setup_uart3(unsigned)
    ulib.o(i._Z14setup_uartPinsv) refers to ulib.o(i._Z16PINSEL_ConfigPinP15PINSEL_CFG_Type) for PINSEL_ConfigPin(PINSEL_CFG_Type*)
    ulib.o(i._Z15GPIO_ClearValuehj) refers to ulib.o(i._Z15GPIO_GetPointerh) for GPIO_GetPointer(unsigned char)
    ulib.o(i._Z15nrk_gpio_togglej) refers to ulib.o(i._Z11GPIO_Togglehj) for GPIO_Toggle(unsigned char, unsigned)
    ulib.o(i._Z15nrk_setup_portsv) refers to ulib.o(i._Z9PORT_INITv) for PORT_INIT()
    ulib.o(i._Z16PINSEL_ConfigPinP15PINSEL_CFG_Type) refers to ulib.o(i._Z11set_PinFunchhh) for set_PinFunc(unsigned char, unsigned char, unsigned char)
    ulib.o(i._Z16PINSEL_ConfigPinP15PINSEL_CFG_Type) refers to ulib.o(i._Z16set_ResistorModehhh) for set_ResistorMode(unsigned char, unsigned char, unsigned char)
    ulib.o(i._Z16PINSEL_ConfigPinP15PINSEL_CFG_Type) refers to ulib.o(i._Z17set_OpenDrainModehhh) for set_OpenDrainMode(unsigned char, unsigned char, unsigned char)
    ulib.o(i._Z17uart_set_divisorsP16LPC_UART_TypeDefj) refers to ulib.o(i._Z14CLKPWR_GetPCLKj) for CLKPWR_GetPCLK(unsigned)
    ulib.o(i._Z17uart_set_divisorsP16LPC_UART_TypeDefj) refers to lludivv7m.o(.text) for __aeabi_uldivmod
    ulib.o(i._Z18nrk_gpio_directionjh) refers to ulib.o(i._Z11GPIO_SetDirhjh) for GPIO_SetDir(unsigned char, unsigned, unsigned char)
[...]
    __fpl_fcheck_NaN1                        0x00007a45   Thumb Code     6  fcheck1.o(x$fpl$fcheck1)
    __aeabi_fdiv                             0x00007a51   Thumb Code     0  fdiv.o(x$fpl$fdiv)
    _fdiv                                    0x00007a51   Thumb Code   384  fdiv.o(x$fpl$fdiv)
    __aeabi_f2iz                             0x00007bd5   Thumb Code     0  ffix.o(x$fpl$ffix)
    _ffix                                    0x00007bd5   Thumb Code    54  ffix.o(x$fpl$ffix)
    __aeabi_i2f                              0x00007c0d   Thumb Code     0  fflt_clz.o(x$fpl$fflt)
    _fflt                                    0x00007c0d   Thumb Code    48  fflt_clz.o(x$fpl$fflt)
    __aeabi_ui2f                             0x00007c3d   Thumb Code     0  fflt_clz.o(x$fpl$ffltu)
    _ffltu                                   0x00007c3d   Thumb Code    38  fflt_clz.o(x$fpl$ffltu)
    __aeabi_fmul                             0x00007c65   Thumb Code     0  fmul.o(x$fpl$fmul)
    _fmul                                    0x00007c65   Thumb Code   258  fmul.o(x$fpl$fmul)
    __fpl_fnaninf                            0x00007d67   Thumb Code   140  fnaninf.o(x$fpl$fnaninf)
    __fpl_fretinf                            0x00007df3   Thumb Code    10  fretinf.o(x$fpl$fretinf)
    __aeabi_fsub                             0x00007dfd   Thumb Code     0  faddsub_clz.o(x$fpl$fsub)
    _fsub                                    0x00007dfd   Thumb Code   234  faddsub_clz.o(x$fpl$fsub)
    __ieee_status                            0x00007ee7   Thumb Code     6  istatus.o(x$fpl$ieeestatus)
    _printf_fp_dec                           0x00007eed   Thumb Code     4  printf1.o(x$fpl$printf1)
    _printf_fp_hex                           0x00007ef1   Thumb Code     4  printf2.o(x$fpl$printf2)
    __fpl_return_NaN                         0x00007ef5   Thumb Code   100  retnan.o(x$fpl$retnan)
    __ARM_scalbn                             0x00007f59   Thumb Code    92  scalbn.o(x$fpl$scalbn)
    __ARM_scalbnf                            0x00007fb5   Thumb Code    76  scalbnf.o(x$fpl$scalbnf)
    _scanf_real                              0x00008001   Thumb Code     4  scanf1.o(x$fpl$scanf1)
    _scanf_hex_real                          0x00008005   Thumb Code     4  scanf2.o(x$fpl$scanf2)
    _scanf_infnan                            0x00008009   Thumb Code     4  scanf2.o(x$fpl$scanf2)
    __fpl_cmpreturn                          0x0000800d   Thumb Code    48  trapv.o(x$fpl$trapveneer)
    mbed::Base::_base_funcs                  0x0000803c   Data          24  Base.cpp.lpc1768.arm.o(.constdata)
    __I$use$fp                               0x0000803c   Number         0  usenofp.o(x$fpl$usenofp)
    __stdin_name                             0x00008108   Data           7  stdio.cpp.lpc1768.arm.o(.constdata)
    __stdout_name                            0x0000810f   Data           8  stdio.cpp.lpc1768.arm.o(.constdata)
    __stderr_name                            0x00008117   Data           8  stdio.cpp.lpc1768.arm.o(.constdata)
    __aeabi_CLOCKS_PER_SEC                   0x000082b0   Data           4  aeabi_clocks.o(.constdata)
    typeinfo for __cxxabiv1::__class_type_info 0x00008378   Data          12  lib_rtti_impl.o(.constdata__ZTIN10__cxxabiv117__class_type_infoE)
    typeinfo for __cxxabiv1::__si_class_type_info 0x00008384   Data          12  lib_rtti_impl.o(.constdata__ZTIN10__cxxabiv120__si_class_type_infoE)
    typeinfo for __cxxabiv1::__vmi_class_type_info 0x00008390   Data          12  lib_rtti_impl.o(.constdata__ZTIN10__cxxabiv121__vmi_class_type_infoE)
    typeinfo for mbed::FileHandle            0x0000839c   Data           8  stdio.cpp.lpc1768.arm.o(.constdata__ZTIN4mbed10FileHandleE)
    typeinfo for mbed::FileSystemLike        0x000083a4   Data          12  Base.cpp.lpc1768.arm.o(.constdata__ZTIN4mbed14FileSystemLikeE)
    typeinfo for mbed::Base                  0x000083b0   Data           8  Base.cpp.lpc1768.arm.o(.constdata__ZTIN4mbed4BaseE)
    typeinfo for mbed::PwmOut                0x000083b8   Data          12  PwmOut.cpp.lpc1768.arm.o(.constdata__ZTIN4mbed6PwmOutE)
    typeinfo for mbed::FileLike              0x000083c4   Data          32  stdio.cpp.lpc1768.arm.o(.constdata__ZTIN4mbed8FileLikeE)
    typeinfo for mbed::DigitalIn             0x000083e4   Data          12  DigitalIn.cpp.lpc1768.arm.o(.constdata__ZTIN4mbed9DigitalInE)
    typeinfo for std::type_info              0x000083f0   Data           8  type_info_dtor.o(.constdata__ZTISt9type_info)
    typeinfo name for __cxxabiv1::__class_type_info 0x000083f8   Data          34  lib_rtti_impl.o(.constdata__ZTSN10__cxxabiv117__class_type_infoE)
    typeinfo name for __cxxabiv1::__si_class_type_info 0x0000841a   Data          37  lib_rtti_impl.o(.constdata__ZTSN10__cxxabiv120__si_class_type_infoE)
    typeinfo name for __cxxabiv1::__vmi_class_type_info 0x0000843f   Data          38  lib_rtti_impl.o(.constdata__ZTSN10__cxxabiv121__vmi_class_type_infoE)
    typeinfo name for mbed::FileHandle       0x00008465   Data          20  stdio.cpp.lpc1768.arm.o(.constdata__ZTSN4mbed10FileHandleE)
    typeinfo name for mbed::FileSystemLike   0x00008479   Data          24  Base.cpp.lpc1768.arm.o(.constdata__ZTSN4mbed14FileSystemLikeE)
    typeinfo name for mbed::Base             0x00008491   Data          13  Base.cpp.lpc1768.arm.o(.constdata__ZTSN4mbed4BaseE)
    typeinfo name for mbed::PwmOut           0x0000849e   Data          15  PwmOut.cpp.lpc1768.arm.o(.constdata__ZTSN4mbed6PwmOutE)
    typeinfo name for mbed::FileLike         0x000084ad   Data          17  stdio.cpp.lpc1768.arm.o(.constdata__ZTSN4mbed8FileLikeE)
    typeinfo name for mbed::DigitalIn        0x000084be   Data          18  DigitalIn.cpp.lpc1768.arm.o(.constdata__ZTSN4mbed9DigitalInE)
    typeinfo name for std::type_info         0x000084d0   Data          13  type_info_dtor.o(.constdata__ZTSSt9type_info)
    vtable for __cxxabiv1::__class_type_info 0x000084e0   Data          16  lib_rtti_impl.o(.constdata__ZTVN10__cxxabiv117__class_type_infoE)
    vtable for __cxxabiv1::__si_class_type_info 0x000084f0   Data          16  lib_rtti_impl.o(.constdata__ZTVN10__cxxabiv120__si_class_type_infoE)
    vtable for __cxxabiv1::__vmi_class_type_info 0x00008500   Data          16  lib_rtti_impl.o(.constdata__ZTVN10__cxxabiv121__vmi_class_type_infoE)
    vtable for mbed::Base                    0x00008510   Data          24  Base.cpp.lpc1768.arm.o(.constdata__ZTVN4mbed4BaseE)
    vtable for mbed::PwmOut                  0x00008528   Data          24  PwmOut.cpp.lpc1768.arm.o(.constdata__ZTVN4mbed6PwmOutE)
    vtable for mbed::DigitalIn               0x00008540   Data          24  DigitalIn.cpp.lpc1768.arm.o(.constdata__ZTVN4mbed9DigitalInE)
    Region$$Table$$Base                      0x0000856c   Number         0  anon$$obj.o(Region$$Table)
    Region$$Table$$Limit                     0x0000858c   Number         0  anon$$obj.o(Region$$Table)
    __aeabi_HUGE_VAL                         0x0000858c   Data           0  fpconst.o(c$$dinf)
    __aeabi_HUGE_VALL                        0x0000858c   Data           0  fpconst.o(c$$dinf)
    __aeabi_INFINITY                         0x0000858c   Data           0  fpconst.o(c$$dinf)
    __dInf                                   0x0000858c   Data           0  fpconst.o(c$$dinf)
    __huge_val                               0x0000858c   Data           0  fpconst.o(c$$dinf)
    __dbl_max                                0x00008594   Data           0  fpconst.o(c$$dmax)
    __ctype                                  0x000085a9   Data           0  lc_ctype_c.o(locale$$data)
    SHT$$INIT_ARRAY$$Base                    0x000086c8   Number         0  main.o(.init_array)
    SHT$$INIT_ARRAY$$Limit                   0x000086cc   Number         0  init_aeabi.o(.init_array)
    _nrk_prev_timer_val                      0x100000c4   Data           1  nrk_timer.o(.data)
    _nrk_time_trigger                        0x100000c5   Data           1  nrk_timer.o(.data)
    nrk_kernel_stk_ptr                       0x100000c8   Data           4  nrk.o(.data)
    nrk_wakeup_signal                        0x100000cc   Data           1  nrk.o(.data)
    nrk_cur_task_prio                        0x100000d0   Data           1  nrk.o(.data)
    nrk_high_ready_prio                      0x100000d1   Data           1  nrk.o(.data)
    nrk_task_init_cnt                        0x100000d2   Data           1  nrk.o(.data)
    _free_node                               0x100000d4   Data           4  nrk.o(.data)
    _head_node                               0x100000d8   Data           4  nrk.o(.data)
    nrk_cur_task_TCB                         0x100000dc   Data           4  nrk.o(.data)
    nrk_high_ready_TCB                       0x100000e0   Data           4  nrk.o(.data)
    nrk_system_time                          0x100000e4   Data           8  nrk.o(.data)
    error_task                               0x100000ec   Data           1  nrk_error.o(.data)
    error_num                                0x100000ed   Data           1  nrk_error.o(.data)
    _nrk_signal_list                         0x100000f0   Data           4  nrk_events.o(.data)
    _nrk_cpu_state                           0x100000f4   Data           1  nrk_scheduler.o(.data)
    task_addr                                0x100000f8   Data           4  nrk_scheduler.o(.data)
    myAddr                                   0x100000fc   Data           2  mrf24j40.o(.data)
    myPanid                                  0x100000fe   Data           2  mrf24j40.o(.data)
    rx_ready                                 0x10000100   Data           1  basic_rf.o(.data)
    auto_ack_enable                          0x10000101   Data           1  basic_rf.o(.data)
    security_enable                          0x10000102   Data           1  basic_rf.o(.data)
    rx_data_ready                            0x10000103   Data           1  basic_rf.o(.data)
    tx_status_ready                          0x10000104   Data           1  basic_rf.o(.data)
    rssi_cca_thold                           0x10000105   Data           1  basic_rf.o(.data)
    bmac_rx_pkt_signal                       0x10000108   Data           1  bmac.o(.data)
    bmac_tx_pkt_done_signal                  0x10000109   Data           1  bmac.o(.data)
    bmac_enable_signal                       0x1000010a   Data           1  bmac.o(.data)
    timeup                                   0x10000128   Data           4  main.o(.data)
    molehit                                  0x1000012c   Data           4  main.o(.data)
    waittime                                 0x10000130   Data           4  main.o(.data)
    starttime                                0x10000134   Data           4  main.o(.data)
    hit                                      0x10000138   Data           4  main.o(.data)
    ctr_cnt                                  0x1000013c   Data           4  main.o(.data)
    move_vals                                0x10000140   Data           8  main.o(.data)
    SystemCoreClock                          0x10000148   Data           4  system_LPC17xx.o(.data)
    mbed::Base::_head                        0x1000014c   Data           4  Base.cpp.lpc1768.arm.o(.data)
    mbed::Base::_classes                     0x10000150   Data           4  Base.cpp.lpc1768.arm.o(.data)
    mbed::Base::_base_class                  0x10000154   Data          12  Base.cpp.lpc1768.arm.o(.data)
    PWM_MATCH                                0x10000160   Data          28  pwmout_api.c.lpc1768.arm.o(.data)
    __aeabi_stdin                            0x10000180   Data           4  stdio_streams.o(.data)
    __aeabi_stdout                           0x10000184   Data           4  stdio_streams.o(.data)
    __aeabi_stderr                           0x10000188   Data           4  stdio_streams.o(.data)
    nrk_kernel_stk                           0x10000194   Data         128  nrk.o(.bss)
    nrk_idle_task_stk                        0x10000214   Data         128  nrk.o(.bss)
    nrk_task_TCB                             0x10000294   Data         440  nrk.o(.bss)
    _nrk_readyQ                              0x1000044c   Data         132  nrk.o(.bss)
    rfSettings                               0x100004d0   Data          12  basic_rf.o(.bss)
    bmac_rfRxInfo                            0x10000608   Data          16  bmac.o(.bss)
    bmac_rfTxInfo                            0x10000618   Data          12  bmac.o(.bss)
    RX_TASK                                  0x10000624   Data          44  main.o(.bss)
    rx_task_stack                            0x10000650   Data         512  main.o(.bss)
    TX_TASK                                  0x10000850   Data          44  main.o(.bss)
    tx_task_stack                            0x1000087c   Data         512  main.o(.bss)
    tx_buf                                   0x10000a7c   Data         115  main.o(.bss)
    rx_buf                                   0x10000aef   Data         115  main.o(.bss)
    pr_covered                               0x10000b64   Data          20  main.o(.bss)
    servoL                                   0x10000b78   Data          16  main.o(.bss)
    servoR                                   0x10000b88   Data          16  main.o(.bss)
    __stdin                                  0x10000bd8   Data          84  stdio_streams.o(.bss)
    __stdout                                 0x10000c2c   Data          84  stdio_streams.o(.bss)
    __stderr                                 0x10000c80   Data          84  stdio_streams.o(.bss)
    _random_number_data                      0x10000cd4   Data         228  rand.o(.bss)
    Image$$RW_IRAM1$$ZI$$Limit               0x10000ddc   Number         0  anon$$obj.o ABSOLUTE



==============================================================================

Memory Map of the image

  Image Entry point : 0x000000c5

  Load Region LR_IROM1 (Base: 0x00000000, Size: 0x00008860, Max: 0x00080000, ABSOLUTE, COMPRESSED[0x000086fc])

    Execution Region ER_IROM1 (Exec base: 0x00000000, Load base: 0x00000000, Size: 0x000086cc, Max: 0x00080000, ABSOLUTE)

    Exec Addr    Load Addr    Size         Type   Attr      Idx    E Section Name        Object

    0x00000000   0x00000000   0x000000c4   Data   RO         2805    RESET               startup_LPC17xx.o
    0x000000c4   0x000000c4   0x00000008   Code   RO         3383  * !!!main             c_w.l(__main.o)
    0x000000cc   0x000000cc   0x00000034   Code   RO         4292    !!!scatter          c_w.l(__scatter.o)
    0x00000100   0x00000100   0x0000005a   Code   RO         4290    !!dczerorl2         c_w.l(__dczerorl2.o)
    0x0000015a   0x0000015a   0x00000002   PAD
    0x0000015c   0x0000015c   0x0000001c   Code   RO         4294    !!handler_zi        c_w.l(__scatter_zi.o)
    0x00000178   0x00000178   0x00000000   Code   RO         3333    .ARM.Collect$$_printf_percent$$00000000  c_w.l(_printf_percent.o)
    0x00000178   0x00000178   0x00000006   Code   RO         3717    .ARM.Collect$$_printf_percent$$00000001  c_w.l(_printf_n.o)
    0x0000017e   0x0000017e   0x00000006   Code   RO         3718    .ARM.Collect$$_printf_percent$$00000002  c_w.l(_printf_p.o)
    0x00000184   0x00000184   0x00000006   Code   RO         3332    .ARM.Collect$$_printf_percent$$00000003  c_w.l(_printf_f.o)
    0x0000018a   0x0000018a   0x00000006   Code   RO         3722    .ARM.Collect$$_printf_percent$$00000004  c_w.l(_printf_e.o)
    0x00000190   0x00000190   0x00000006   Code   RO         3723    .ARM.Collect$$_printf_percent$$00000005  c_w.l(_printf_g.o)
    0x00000196   0x00000196   0x00000006   Code   RO         3724    .ARM.Collect$$_printf_percent$$00000006  c_w.l(_printf_a.o)
    0x0000019c   0x0000019c   0x0000000a   Code   RO         3729    .ARM.Collect$$_printf_percent$$00000007  c_w.l(_printf_ll.o)
    0x000001a6   0x000001a6   0x00000006   Code   RO         3720    .ARM.Collect$$_printf_percent$$00000008  c_w.l(_printf_i.o)
    0x000001ac   0x000001ac   0x00000006   Code   RO         3331    .ARM.Collect$$_printf_percent$$00000009  c_w.l(_printf_d.o)
    0x000001b2   0x000001b2   0x00000006   Code   RO         3721    .ARM.Collect$$_printf_percent$$0000000A  c_w.l(_printf_u.o)
    0x000001b8   0x000001b8   0x00000006   Code   RO         3719    .ARM.Collect$$_printf_percent$$0000000B  c_w.l(_printf_o.o)
    0x000001be   0x000001be   0x00000006   Code   RO         3330    .ARM.Collect$$_printf_percent$$0000000C  c_w.l(_printf_x.o)
    0x000001c4   0x000001c4   0x00000006   Code   RO         3726    .ARM.Collect$$_printf_percent$$0000000D  c_w.l(_printf_lli.o)
    0x000001ca   0x000001ca   0x00000006   Code   RO         3727    .ARM.Collect$$_printf_percent$$0000000E  c_w.l(_printf_lld.o)
    0x000001d0   0x000001d0   0x00000006   Code   RO         3728    .ARM.Collect$$_printf_percent$$0000000F  c_w.l(_printf_llu.o)
    0x000001d6   0x000001d6   0x00000006   Code   RO         3733    .ARM.Collect$$_printf_percent$$00000010  c_w.l(_printf_llo.o)
    0x000001dc   0x000001dc   0x00000006   Code   RO         3734    .ARM.Collect$$_printf_percent$$00000011  c_w.l(_printf_llx.o)
    0x000001e2   0x000001e2   0x0000000a   Code   RO         3730    .ARM.Collect$$_printf_percent$$00000012  c_w.l(_printf_l.o)
    0x000001ec   0x000001ec   0x00000006   Code   RO         3329    .ARM.Collect$$_printf_percent$$00000013  c_w.l(_printf_c.o)
    0x000001f2   0x000001f2   0x00000006   Code   RO         3716    .ARM.Collect$$_printf_percent$$00000014  c_w.l(_printf_s.o)
    0x000001f8   0x000001f8   0x00000006   Code   RO         3731    .ARM.Collect$$_printf_percent$$00000015  c_w.l(_printf_lc.o)
    0x000001fe   0x000001fe   0x00000006   Code   RO         3732    .ARM.Collect$$_printf_percent$$00000016  c_w.l(_printf_ls.o)
    0x00000204   0x00000204   0x00000004   Code   RO         3725    .ARM.Collect$$_printf_percent$$00000017  c_w.l(_printf_percent_end.o)
    0x00000208   0x00000208   0x00000002   Code   RO         4176    .ARM.Collect$$libinit$$00000000  c_w.l(libinit.o)
    0x0000020a   0x0000020a   0x00000000   Code   RO         3784    .ARM.Collect$$libinit$$00000002  c_w.l(libinit2.o)
    0x0000020a   0x0000020a   0x00000000   Code   RO         3786    .ARM.Collect$$libinit$$00000004  c_w.l(libinit2.o)
    0x0000020a   0x0000020a   0x00000008   Code   RO         3787    .ARM.Collect$$libinit$$00000005  c_w.l(libinit2.o)
    0x00000212   0x00000212   0x00000000   Code   RO         3789    .ARM.Collect$$libinit$$0000000A  c_w.l(libinit2.o)
    0x00000212   0x00000212   0x00000000   Code   RO         3791    .ARM.Collect$$libinit$$0000000C  c_w.l(libinit2.o)
    0x00000212   0x00000212   0x00000004   Code   RO         3792    .ARM.Collect$$libinit$$0000000D  c_w.l(libinit2.o)
    0x00000216   0x00000216   0x00000000   Code   RO         3793    .ARM.Collect$$libinit$$0000000E  c_w.l(libinit2.o)
    0x00000216   0x00000216   0x00000006   Code   RO         3794    .ARM.Collect$$libinit$$0000000F  c_w.l(libinit2.o)
    0x0000021c   0x0000021c   0x00000000   Code   RO         3796    .ARM.Collect$$libinit$$00000011  c_w.l(libinit2.o)
    0x0000021c   0x0000021c   0x0000000c   Code   RO         3797    .ARM.Collect$$libinit$$00000012  c_w.l(libinit2.o)
    0x00000228   0x00000228   0x00000000   Code   RO         3798    .ARM.Collect$$libinit$$00000013  c_w.l(libinit2.o)
    0x00000228   0x00000228   0x00000000   Code   RO         3800    .ARM.Collect$$libinit$$00000015  c_w.l(libinit2.o)
    0x00000228   0x00000228   0x0000000a   Code   RO         3801    .ARM.Collect$$libinit$$00000016  c_w.l(libinit2.o)
    0x00000232   0x00000232   0x00000000   Code   RO         3802    .ARM.Collect$$libinit$$00000017  c_w.l(libinit2.o)
    0x00000232   0x00000232   0x00000000   Code   RO         3804    .ARM.Collect$$libinit$$00000019  c_w.l(libinit2.o)
    0x00000232   0x00000232   0x00000000   Code   RO         3806    .ARM.Collect$$libinit$$0000001B  c_w.l(libinit2.o)
    0x00000232   0x00000232   0x00000000   Code   RO         3808    .ARM.Collect$$libinit$$0000001D  c_w.l(libinit2.o)
    0x00000232   0x00000232   0x00000000   Code   RO         3810    .ARM.Collect$$libinit$$0000001F  c_w.l(libinit2.o)
    0x00000232   0x00000232   0x00000000   Code   RO         3812    .ARM.Collect$$libinit$$00000021  c_w.l(libinit2.o)
    0x00000232   0x00000232   0x00000000   Code   RO         3814    .ARM.Collect$$libinit$$00000023  c_w.l(libinit2.o)
    0x00000232   0x00000232   0x00000004   Code   RO         3815    .ARM.Collect$$libinit$$00000024  c_w.l(libinit2.o)
    0x00000236   0x00000236   0x00000000   Code   RO         3816    .ARM.Collect$$libinit$$00000025  c_w.l(libinit2.o)
    0x00000236   0x00000236   0x00000000   Code   RO         3820    .ARM.Collect$$libinit$$0000002C  c_w.l(libinit2.o)
    0x00000236   0x00000236   0x00000000   Code   RO         3822    .ARM.Collect$$libinit$$0000002E  c_w.l(libinit2.o)
    0x00000236   0x00000236   0x00000000   Code   RO         3824    .ARM.Collect$$libinit$$00000030  c_w.l(libinit2.o)
    0x00000236   0x00000236   0x00000004   Code   RO         3825    .ARM.Collect$$libinit$$00000031  c_w.l(libinit2.o)
    0x0000023a   0x0000023a   0x00000000   Code   RO         3826    .ARM.Collect$$libinit$$00000032  c_w.l(libinit2.o)
    0x0000023a   0x0000023a   0x00000002   Code   RO         3827    .ARM.Collect$$libinit$$00000033  c_w.l(libinit2.o)
    0x0000023c   0x0000023c   0x00000000   Code   RO         4057    .ARM.Collect$$libshutdown$$00000002  c_w.l(libshutdown2.o)
    0x0000023c   0x0000023c   0x00000000   Code   RO         4059    .ARM.Collect$$libshutdown$$00000004  c_w.l(libshutdown2.o)
    0x0000023c   0x0000023c   0x00000000   Code   RO         3601    .ARM.Collect$$rtentry$$00000000  c_w.l(__rtentry.o)
    0x0000023c   0x0000023c   0x00000000   Code   RO         3911    .ARM.Collect$$rtentry$$00000002  c_w.l(__rtentry2.o)
    0x0000023c   0x0000023c   0x00000006   Code   RO         3923    .ARM.Collect$$rtentry$$00000004  c_w.l(__rtentry4.o)
    0x00000242   0x00000242   0x00000000   Code   RO         3913    .ARM.Collect$$rtentry$$00000009  c_w.l(__rtentry2.o)
    0x00000242   0x00000242   0x00000004   Code   RO         3914    .ARM.Collect$$rtentry$$0000000A  c_w.l(__rtentry2.o)
    0x00000246   0x00000246   0x00000000   Code   RO         3916    .ARM.Collect$$rtentry$$0000000C  c_w.l(__rtentry2.o)
    0x00000246   0x00000246   0x00000008   Code   RO         3917    .ARM.Collect$$rtentry$$0000000D  c_w.l(__rtentry2.o)
    0x0000024e   0x0000024e   0x00000002   PAD
    0x00000250   0x00000250   0x00000034   Code   RO         3346    .emb_text           c_w.l(rand.o)
    0x00000284   0x00000284   0x00000000   Code   RO         4128    .emb_text           c_w.l(maybetermalloc1.o)
    0x00000284   0x00000284   0x00000078   Code   RO            1    .text               my_asm.o
    0x000002fc   0x000002fc   0x00000004   Code   RO         2806    .ARM.__at_0x02FC    startup_LPC17xx.o
    0x00000300   0x00000300   0x00000024   Code   RO         2807    .text               startup_LPC17xx.o
    0x00000324   0x00000324   0x000000ee   Code   RO         3268    .text               c_w.l(lludivv7m.o)
    0x00000412   0x00000412   0x00000014   Code   RO         3270    .text               c_w.l(fprintf.o)
    0x00000426   0x00000426   0x00000002   PAD
    0x00000428   0x00000428   0x0000002c   Code   RO         3272    .text               c_w.l(sprintf.o)
    0x00000454   0x00000454   0x00000018   Code   RO         3274    .text               c_w.l(__2printf.o)
    0x0000046c   0x0000046c   0x0000002c   Code   RO         3276    .text               c_w.l(__2sprintf.o)
    0x00000498   0x00000498   0x00000052   Code   RO         3284    .text               c_w.l(_printf_str.o)
    0x000004ea   0x000004ea   0x00000002   PAD
    0x000004ec   0x000004ec   0x00000078   Code   RO         3286    .text               c_w.l(_printf_dec.o)
    0x00000564   0x00000564   0x00000094   Code   RO         3306    .text               c_w.l(_printf_hex_int_ll_ptr.o)
    0x000005f8   0x000005f8   0x00000188   Code   RO         3326    .text               c_w.l(__printf_flags_ss_wp.o)
    0x00000780   0x00000780   0x0000003c   Code   RO         3334    .text               c_w.l(sscanf.o)
    0x000007bc   0x000007bc   0x0000003c   Code   RO         3347    .text               c_w.l(rand.o)
    0x000007f8   0x000007f8   0x0000002e   Code   RO         3354    .text               c_w.l(aeabi_atexit.o)
    0x00000826   0x00000826   0x00000002   PAD
    0x00000828   0x00000828   0x00000080   Code   RO         3357    .text               c_w.l(assert.o)
    0x000008a8   0x000008a8   0x0000000c   Code   RO         3359    .text               c_w.l(strtok.o)
    0x000008b4   0x000008b4   0x0000003e   Code   RO         3364    .text               c_w.l(strlen.o)
    0x000008f2   0x000008f2   0x00000096   Code   RO         3366    .text               c_w.l(strncmp.o)
    0x00000988   0x00000988   0x00000080   Code   RO         3374    .text               c_w.l(strcmpv7m.o)
    0x00000a08   0x00000a08   0x00000024   Code   RO         3388    .text               c_w.l(init_aeabi.o)
    0x00000a2c   0x00000a2c   0x00000010   Code   RO         3602    .text               c_w.l(rt_ctype_table.o)
    0x00000a3c   0x00000a3c   0x00000008   Code   RO         3613    .text               c_w.l(rt_ddtor_pointer_addr.o)
    0x00000a44   0x00000a44   0x00000008   Code   RO         3618    .text               c_w.l(rt_errno_addr.o)
    0x00000a4c   0x00000a4c   0x0000005e   Code   RO         3627    .text               c_w.l(h1_alloc.o)
    0x00000aaa   0x00000aaa   0x0000004e   Code   RO         3629    .text               c_w.l(h1_free.o)
    0x00000af8   0x00000af8   0x00000016   Code   RO         3685    .text               c_w.l(_rserrno.o)
    0x00000b0e   0x00000b0e   0x0000004e   Code   RO         3687    .text               c_w.l(_printf_pad.o)
    0x00000b5c   0x00000b5c   0x00000024   Code   RO         3689    .text               c_w.l(_printf_truncate.o)
    0x00000b80   0x00000b80   0x000000b2   Code   RO         3691    .text               c_w.l(_printf_intcommon.o)
    0x00000c32   0x00000c32   0x00000028   Code   RO         3693    .text               c_w.l(_printf_charcount.o)
    0x00000c5a   0x00000c5a   0x0000041e   Code   RO         3695    .text               c_w.l(_printf_fp_dec.o)
    0x00001078   0x00001078   0x00000030   Code   RO         3697    .text               c_w.l(_printf_char_common.o)
    0x000010a8   0x000010a8   0x0000000a   Code   RO         3699    .text               c_w.l(_sputc.o)
    0x000010b2   0x000010b2   0x0000002c   Code   RO         3701    .text               c_w.l(_printf_char.o)
    0x000010de   0x000010de   0x00000002   PAD
    0x000010e0   0x000010e0   0x00000024   Code   RO         3703    .text               c_w.l(_printf_char_file.o)
    0x00001104   0x00001104   0x000000bc   Code   RO         3705    .text               c_w.l(_printf_wctomb.o)
    0x000011c0   0x000011c0   0x0000007c   Code   RO         3708    .text               c_w.l(_printf_longlong_dec.o)
    0x0000123c   0x0000123c   0x00000070   Code   RO         3714    .text               c_w.l(_printf_oct_int_ll.o)
    0x000012ac   0x000012ac   0x00000156   Code   RO         3735    .text               c_w.l(_scanf_longlong.o)
    0x00001402   0x00001402   0x0000014c   Code   RO         3737    .text               c_w.l(_scanf_int.o)
    0x0000154e   0x0000154e   0x000000e0   Code   RO         3739    .text               c_w.l(_scanf_str.o)
    0x0000162e   0x0000162e   0x00000002   PAD
    0x00001630   0x00001630   0x0000002c   Code   RO         3741    .text               c_w.l(scanf_char.o)
    0x0000165c   0x0000165c   0x00000040   Code   RO         3743    .text               c_w.l(_sgetc.o)
    0x0000169c   0x0000169c   0x0000001a   Code   RO         3747    .text               c_w.l(strtof.o)
    0x000016b6   0x000016b6   0x00000114   Code   RO         3749    .text               c_w.l(_scanf_mbtowc.o)
    0x000017ca   0x000017ca   0x000000e8   Code   RO         3751    .text               c_w.l(_scanf_wctomb.o)
    0x000018b2   0x000018b2   0x000000d0   Code   RO         3753    .text               c_w.l(_scanf_wstr.o)
    0x00001982   0x00001982   0x00000002   PAD
    0x00001984   0x00001984   0x00000138   Code   RO         3759    .text               c_w.l(initio.o)
    0x00001abc   0x00001abc   0x00000016   Code   RO         3765    .text               c_w.l(abort.o)
    0x00001ad2   0x00001ad2   0x00000042   Code   RO         3767    .text               c_w.l(cxa_finalize.o)
    0x00001b14   0x00001b14   0x00000044   Code   RO         3776    .text               c_w.l(strtok_int.o)
    0x00001b58   0x00001b58   0x00000004   Code   RO         3828    .text               cpprt_w.l(arm_bad_typeid_noexceptions.o)
    0x00001b5c   0x00001b5c   0x0000000e   Code   RO         3901    .text               c_w.l(sys_wrch.o)
    0x00001b6a   0x00001b6a   0x00000002   PAD
    0x00001b6c   0x00001b6c   0x0000000c   Code   RO         3903    .text               c_w.l(sys_exit.o)
    0x00001b78   0x00001b78   0x00000008   Code   RO         3929    .text               c_w.l(rt_heap_descriptor.o)
    0x00001b80   0x00001b80   0x00000008   Code   RO         3934    .text               c_w.l(rt_locale.o)
    0x00001b88   0x00001b88   0x00000004   Code   RO         3939    .text               c_w.l(hguard.o)
    0x00001b8c   0x00001b8c   0x0000008a   Code   RO         3941    .text               c_w.l(init_alloc.o)
    0x00001c16   0x00001c16   0x0000000e   Code   RO         3945    .text               c_w.l(h1_init.o)
    0x00001c24   0x00001c24   0x0000008a   Code   RO         3959    .text               c_w.l(lludiv10.o)
    0x00001cae   0x00001cae   0x00000012   Code   RO         3961    .text               c_w.l(isspace.o)
    0x00001cc0   0x00001cc0   0x000002fc   Code   RO         3963    .text               c_w.l(_printf_fp_hex.o)
    0x00001fbc   0x00001fbc   0x00000080   Code   RO         3966    .text               c_w.l(_printf_fp_infnan.o)
    0x0000203c   0x0000203c   0x0000002c   Code   RO         3970    .text               c_w.l(_printf_wchar.o)
    0x00002068   0x00002068   0x0000001c   Code   RO         3972    .text               c_w.l(_chval.o)
    0x00002084   0x00002084   0x00000374   Code   RO         3974    .text               c_w.l(_scanf.o)
    0x000023f8   0x000023f8   0x000004f8   Code   RO         3976    .text               c_w.l(scanf_fp.o)
    0x000028f0   0x000028f0   0x000000a4   Code   RO         3978    .text               c_w.l(strtod.o)
    0x00002994   0x00002994   0x0000001e   Code   RO         3980    .text               c_w.l(_scanf_wcharmap.o)
    0x000029b2   0x000029b2   0x00000002   PAD
    0x000029b4   0x000029b4   0x000000e4   Code   RO         3982    .text               c_w.l(bigflt0.o)
    0x00002a98   0x00002a98   0x00000008   Code   RO         4007    .text               c_w.l(ferror.o)
    0x00002aa0   0x00002aa0   0x000001d6   Code   RO         4009    .text               c_w.l(flsbuf.o)
    0x00002c76   0x00002c76   0x00000046   Code   RO         4011    .text               c_w.l(setvbuf.o)
    0x00002cbc   0x00002cbc   0x000000ec   Code   RO         4014    .text               c_w.l(fopen.o)
    0x00002da8   0x00002da8   0x0000004c   Code   RO         4016    .text               c_w.l(fclose.o)
    0x00002df4   0x00002df4   0x0000003c   Code   RO         4024    .text               c_w.l(_mbrtowc.o)
    0x00002e30   0x00002e30   0x00000040   Code   RO         4026    .text               c_w.l(_wcrtomb.o)
    0x00002e70   0x00002e70   0x0000000a   Code   RO         4034    .text               c_w.l(defsig_exit.o)
    0x00002e7a   0x00002e7a   0x0000000e   Code   RO         4036    .text               c_w.l(defsig_abrt_outer.o)
    0x00002e88   0x00002e88   0x0000000e   Code   RO         4040    .text               c_w.l(defsig_rtred_outer.o)
    0x00002e96   0x00002e96   0x00000020   Code   RO         4046    .text               c_w.l(strcspn.o)
    0x00002eb6   0x00002eb6   0x0000001c   Code   RO         4048    .text               c_w.l(strspn.o)
    0x00002ed2   0x00002ed2   0x0000004e   Code   RO         4050    .text               c_w.l(rt_memclr_w.o)
    0x00002f20   0x00002f20   0x0000001a   Code   RO         4093    .text               cpprt_w.l(arm_exceptions_terminate.o)
    0x00002f3a   0x00002f3a   0x00000002   PAD
    0x00002f3c   0x00002f3c   0x00000050   Code   RO         4100    .text               cpprt_w.l(arm_exceptions_globs.o)
    0x00002f8c   0x00002f8c   0x00000002   Code   RO         4118    .text               c_w.l(use_no_semi.o)
    0x00002f8e   0x00002f8e   0x00000000   Code   RO         4120    .text               c_w.l(indicate_semi.o)
    0x00002f8e   0x00002f8e   0x00000002   PAD
    0x00002f90   0x00002f90   0x00000008   Code   RO         4121    .text               c_w.l(rt_eh_globals_addr.o)
    0x00002f98   0x00002f98   0x00000034   Code   RO         4130    .text               c_w.l(h1_extend.o)
    0x00002fcc   0x00002fcc   0x000000f8   Code   RO         4136    .text               c_w.l(fseek.o)
    0x000030c4   0x000030c4   0x000000f0   Code   RO         4138    .text               c_w.l(stdio.o)
    0x000031b4   0x000031b4   0x00000032   Code   RO         4146    .text               c_w.l(defsig_general.o)
    0x000031e6   0x000031e6   0x00000002   PAD
    0x000031e8   0x000031e8   0x00000030   Code   RO         4148    .text               c_w.l(defsig_abrt_inner.o)
    0x00003218   0x00003218   0x00000034   Code   RO         4154    .text               c_w.l(defsig_rtred_inner.o)
    0x0000324c   0x0000324c   0x0000000e   Code   RO         4156    .text               c_w.l(defsig_rtmem_outer.o)
    0x0000325a   0x0000325a   0x00000002   PAD
    0x0000325c   0x0000325c   0x00000018   Code   RO         4160    .text               c_w.l(assert_stdio.o)
    0x00003274   0x00003274   0x00000050   Code   RO         4162    .text               c_w.l(heapauxa.o)
    0x000032c4   0x000032c4   0x0000003c   Code   RO         4180    .text               cpprt_w.l(arm_exceptions_mem.o)
    0x00003300   0x00003300   0x00000320   Code   RO         4212    .text               c_w.l(scanf_hexfp.o)
    0x00003620   0x00003620   0x00000134   Code   RO         4214    .text               c_w.l(scanf_infnan.o)
    0x00003754   0x00003754   0x00000064   Code   RO         4216    .text               c_w.l(fflush.o)
    0x000037b8   0x000037b8   0x00000022   Code   RO         4218    .text               c_w.l(fputs.o)
    0x000037da   0x000037da   0x00000042   Code   RO         4220    .text               c_w.l(ftell.o)
    0x0000381c   0x0000381c   0x00000050   Code   RO         4230    .text               c_w.l(defsig_rtmem_inner.o)
    0x0000386c   0x0000386c   0x00000026   Code   RO         4246    .text               c_w.l(llshl.o)
    0x00003892   0x00003892   0x0000003e   Code   RO         3985    CL$$btod_d2e        c_w.l(btod.o)
    0x000038d0   0x000038d0   0x00000046   Code   RO         3987    CL$$btod_d2e_denorm_low  c_w.l(btod.o)
    0x00003916   0x00003916   0x00000060   Code   RO         3986    CL$$btod_d2e_norm_op1  c_w.l(btod.o)
    0x00003976   0x00003976   0x00000338   Code   RO         3995    CL$$btod_div_common  c_w.l(btod.o)
    0x00003cae   0x00003cae   0x00000002   PAD
    0x00003cb0   0x00003cb0   0x00000084   Code   RO         3993    CL$$btod_e2d        c_w.l(btod.o)
    0x00003d34   0x00003d34   0x000000dc   Code   RO         3992    CL$$btod_e2e        c_w.l(btod.o)
    0x00003e10   0x00003e10   0x0000002a   Code   RO         3989    CL$$btod_ediv       c_w.l(btod.o)
    0x00003e3a   0x00003e3a   0x0000002a   Code   RO         3991    CL$$btod_edivd      c_w.l(btod.o)
    0x00003e64   0x00003e64   0x0000002a   Code   RO         3988    CL$$btod_emul       c_w.l(btod.o)
    0x00003e8e   0x00003e8e   0x0000002a   Code   RO         3990    CL$$btod_emuld      c_w.l(btod.o)
    0x00003eb8   0x00003eb8   0x00000244   Code   RO         3994    CL$$btod_mult_common  c_w.l(btod.o)
    0x000040fc   0x000040fc   0x00000068   Code   RO         1926    i.EINT3_IRQHandler  basic_rf.o
    0x00004164   0x00004164   0x00000078   Code   RO         2810    i.SystemInit        system_LPC17xx.o
    0x000041dc   0x000041dc   0x0000001c   Code   RO          744    i.TIMER0_IRQHandler  nrk_timer.o
    0x000041f8   0x000041f8   0x00000018   Code   RO          745    i.TIMER1_IRQHandler  nrk_timer.o
    0x00004210   0x00004210   0x0000001c   Code   RO         1774    i._Z10mrf_cs_seth   mrf24j40.o
    0x0000422c   0x0000422c   0x00000020   Code   RO          289    i._Z11GPIO_SetDirhjh  ulib.o
    0x0000424c   0x0000424c   0x00000018   Code   RO          290    i._Z11GPIO_Togglehj  ulib.o
    0x00004264   0x00004264   0x00000044   Code   RO         2212    i._Z11bmac_tx_pktPch  bmac.o
    0x000042a8   0x000042a8   0x0000002c   Code   RO          292    i._Z11nrk_led_clri  ulib.o
    0x000042d4   0x000042d4   0x0000002c   Code   RO          293    i._Z11nrk_led_seti  ulib.o
    0x00004300   0x00004300   0x00000028   Code   RO          294    i._Z11set_PinFunchhh  ulib.o
    0x00004328   0x00004328   0x0000001e   Code   RO         2503    i._Z12all_LEDs_clrv  main.o
    0x00004346   0x00004346   0x0000001e   Code   RO         2504    i._Z12all_LEDs_setv  main.o
    0x00004364   0x00004364   0x0000006c   Code   RO         2214    i._Z12bmac_nw_taskv  bmac.o
    0x000043d0   0x000043d0   0x0000000c   Code   RO         2215    i._Z12bmac_startedv  bmac.o
    0x000043dc   0x000043dc   0x00000028   Code   RO         1775    i._Z12mrf_set_addrt  mrf24j40.o
    0x00004404   0x00004404   0x000000b4   Code   RO         1776    i._Z12mrf_spi_inithhi  mrf24j40.o
    0x000044b8   0x000044b8   0x00000184   Code   RO          951    i._Z12nrk_TCB_initP9task_typePjS1_tPvt  nrk.o
    0x0000463c   0x0000463c   0x00000042   Code   RO          297    i._Z12nrk_gpio_clrj  ulib.o
    0x0000467e   0x0000467e   0x00000042   Code   RO          299    i._Z12nrk_gpio_setj  ulib.o
    0x000046c0   0x000046c0   0x0000000a   Code   RO         1929    i._Z12rf_data_modev  basic_rf.o
    0x000046ca   0x000046ca   0x00000002   PAD
    0x000046cc   0x000046cc   0x00000018   Code   RO         1930    i._Z12rf_rx_packetv  basic_rf.o
    0x000046e4   0x000046e4   0x0000000a   Code   RO         1931    i._Z12rf_test_modev  basic_rf.o
    0x000046ee   0x000046ee   0x00000002   PAD
    0x000046f0   0x000046f0   0x00000188   Code   RO         1932    i._Z12rf_tx_packetP10RF_TX_INFO  basic_rf.o
    0x00004878   0x00004878   0x00000048   Code   RO          300    i._Z12setupSPIPinsv  ulib.o
    0x000048c0   0x000048c0   0x00000014   Code   RO          301    i._Z13GPIO_SetValuehj  ulib.o
    0x000048d4   0x000048d4   0x00000060   Code   RO         1778    i._Z13mrf_gpio_initv  mrf24j40.o
    0x00004934   0x00004934   0x00000054   Code   RO         1779    i._Z13mrf_read_longt  mrf24j40.o
    0x00004988   0x00004988   0x0000001c   Code   RO         1780    i._Z13mrf_reset_seth  mrf24j40.o
    0x000049a4   0x000049a4   0x00000030   Code   RO         1781    i._Z13mrf_set_panidt  mrf24j40.o
    0x000049d4   0x000049d4   0x0000001c   Code   RO         1782    i._Z13mrf_spi_writet  mrf24j40.o
    0x000049f0   0x000049f0   0x00000018   Code   RO         1197    i._Z13nrk_error_addh  nrk_error.o
    0x00004a08   0x00004a08   0x00000020   Code   RO         1394    i._Z13nrk_idle_taskv  nrk_idle_task.o
    0x00004a28   0x00004a28   0x00000022   Code   RO         1933    i._Z13rf_carrier_onv  basic_rf.o
    0x00004a4a   0x00004a4a   0x00000016   Code   RO          746    i._Z14NVIC_EnableIRQ4IRQn  nrk_timer.o
    0x00004a60   0x00004a60   0x0000000c   Code   RO         1199    i._Z14_nrk_errno_seth  nrk_error.o
    0x00004a6c   0x00004a6c   0x00000294   Code   RO         1413    i._Z14_nrk_schedulerv  nrk_scheduler.o
    0x00004d00   0x00004d00   0x00000010   Code   RO         2505    i._Z14mrfIsrCallbackv  main.o
    0x00004d10   0x00004d10   0x00000046   Code   RO         1784    i._Z14mrf_read_shorth  mrf24j40.o
    0x00004d56   0x00004d56   0x00000058   Code   RO         1785    i._Z14mrf_write_longth  mrf24j40.o
    0x00004dae   0x00004dae   0x00000002   PAD
    0x00004db0   0x00004db0   0x0000003c   Code   RO         1290    i._Z14nrk_event_waitj  nrk_events.o
    0x00004dec   0x00004dec   0x00000004   Code   RO          952    i._Z14nrk_int_enablev  nrk.o
    0x00004df0   0x00004df0   0x0000002c   Code   RO          305    i._Z14nrk_led_togglei  ulib.o
    0x00004e1c   0x00004e1c   0x00000022   Code   RO         1935    i._Z14rf_carrier_offv  basic_rf.o
    0x00004e3e   0x00004e3e   0x00000018   Code   RO         1938    i._Z14rf_set_rx_modeh  basic_rf.o
    0x00004e56   0x00004e56   0x00000046   Code   RO          307    i._Z14setup_uartPinsv  ulib.o
    0x00004e9c   0x00004e9c   0x00000014   Code   RO          308    i._Z15GPIO_ClearValuehj  ulib.o
    0x00004eb0   0x00004eb0   0x00000034   Code   RO          309    i._Z15GPIO_GetPointerh  ulib.o
    0x00004ee4   0x00004ee4   0x00000028   Code   RO         2216    i._Z15bmac_rx_pkt_getPhS_  bmac.o
    0x00004f0c   0x00004f0c   0x00000048   Code   RO         1786    i._Z15mrf_write_shorthh  mrf24j40.o
    0x00004f54   0x00004f54   0x00000042   Code   RO          310    i._Z15nrk_gpio_togglej  ulib.o
    0x00004f96   0x00004f96   0x00000004   Code   RO          953    i._Z15nrk_int_disablev  nrk.o
    0x00004f9a   0x00004f9a   0x00000004   Code   RO          311    i._Z15nrk_setup_portsv  ulib.o
    0x00004f9e   0x00004f9e   0x00000002   Code   RO         1439    i._Z15nrk_stack_checkv  nrk_stack_check.o
    0x00004fa0   0x00004fa0   0x0000001c   Code   RO         1939    i._Z15rf_rx_check_ccav  basic_rf.o
    0x00004fbc   0x00004fbc   0x00000026   Code   RO          312    i._Z16PINSEL_ConfigPinP15PINSEL_CFG_Type  ulib.o
    0x00004fe2   0x00004fe2   0x00000002   PAD
    0x00004fe4   0x00004fe4   0x00000098   Code   RO          747    i._Z16_nrk_setup_timerv  nrk_timer.o
    0x0000507c   0x0000507c   0x00000048   Code   RO         2218    i._Z16bmac_task_configv  bmac.o
    0x000050c4   0x000050c4   0x00000038   Code   RO         1787    i._Z16mrf_gpioint_initv  mrf24j40.o
    0x000050fc   0x000050fc   0x00000088   Code   RO         1293    i._Z16nrk_event_signala  nrk_events.o
    0x00005184   0x00005184   0x00000004   Code   RO          748    i._Z16nrk_spin_wait_usj  nrk_timer.o
    0x00005188   0x00005188   0x0000000a   Code   RO          572    i._Z16nrk_target_startv  nrk_cpu.o
    0x00005192   0x00005192   0x0000001e   Code   RO          573    i._Z16nrk_task_set_stkP9task_typePjt  nrk_cpu.o
    0x000051b0   0x000051b0   0x00000028   Code   RO         1942    i._Z16rf_polling_rx_onv  basic_rf.o
    0x000051d8   0x000051d8   0x00000028   Code   RO          314    i._Z16set_ResistorModehhh  ulib.o
    0x00005200   0x00005200   0x0000000a   Code   RO          749    i._Z17_nrk_os_timer_getv  nrk_timer.o
    0x0000520a   0x0000520a   0x00000002   PAD
    0x0000520c   0x0000520c   0x00000074   Code   RO         1484    i._Z17nrk_activate_taskP9task_type  nrk_task.o
    0x00005280   0x00005280   0x000000b8   Code   RO         1485    i._Z17nrk_add_to_readyQa  nrk_task.o
    0x00005338   0x00005338   0x00000030   Code   RO         1294    i._Z17nrk_signal_createv  nrk_events.o
    0x00005368   0x00005368   0x00000080   Code   RO          574    i._Z17nrk_task_stk_initPFvvEPjS1_  nrk_cpu.o
    0x000053e8   0x000053e8   0x00000044   Code   RO         1486    i._Z17nrk_wait_until_nwv  nrk_task.o
    0x0000542c   0x0000542c   0x0000002c   Code   RO         1946    i._Z17rf_set_cca_thresha  basic_rf.o
    0x00005458   0x00005458   0x00000024   Code   RO          316    i._Z17set_OpenDrainModehhh  ulib.o
    0x0000547c   0x0000547c   0x00000040   Code   RO         1605    i._Z18_nrk_time_to_ticksP10nrk_time_t  nrk_time.o
    0x000054bc   0x000054bc   0x00000080   Code   RO         2506    i._Z18nrk_create_tasksetv  main.o
    0x0000553c   0x0000553c   0x00000020   Code   RO         1948    i._Z18rf_auto_ack_enablev  basic_rf.o
    0x0000555c   0x0000555c   0x000000b0   Code   RO         1949    i._Z18rf_parse_rx_packetv  basic_rf.o
    0x0000560c   0x0000560c   0x00000020   Code   RO         2221    i._Z19_bmac_channel_checkv  bmac.o
    0x0000562c   0x0000562c   0x00000010   Code   RO          754    i._Z19_nrk_os_timer_resetv  nrk_timer.o
    0x0000563c   0x0000563c   0x0000000e   Code   RO          755    i._Z19_nrk_os_timer_startv  nrk_timer.o
    0x0000564a   0x0000564a   0x00000002   PAD
    0x0000564c   0x0000564c   0x0000000c   Code   RO         2222    i._Z19bmac_rx_pkt_releasev  bmac.o
    0x00005658   0x00005658   0x0000000a   Code   RO         2224    i._Z19bmac_set_cca_thresha  bmac.o
    0x00005662   0x00005662   0x00000002   PAD
    0x00005664   0x00005664   0x00000054   Code   RO         1488    i._Z19nrk_rem_from_readyQa  nrk_task.o
    0x000056b8   0x000056b8   0x00000028   Code   RO         1296    i._Z19nrk_signal_registera  nrk_events.o
    0x000056e0   0x000056e0   0x00000020   Code   RO         1951    i._Z19rf_auto_ack_disablev  basic_rf.o
    0x00005700   0x00005700   0x0000000a   Code   RO          758    i._Z20_nrk_get_next_wakeupv  nrk_timer.o
    0x0000570a   0x0000570a   0x00000008   Code   RO          759    i._Z20_nrk_set_next_wakeuph  nrk_timer.o
    0x00005712   0x00005712   0x00000002   PAD
    0x00005714   0x00005714   0x0000000c   Code   RO         1201    i._Z20nrk_kernel_error_addhh  nrk_error.o
    0x00005720   0x00005720   0x00000044   Code   RO         1490    i._Z20nrk_wait_until_tickst  nrk_task.o
    0x00005764   0x00005764   0x0000000a   Code   RO         2228    i._Z21bmac_auto_ack_disablev  bmac.o
    0x0000576e   0x0000576e   0x00000002   PAD
    0x00005770   0x00005770   0x00000020   Code   RO         2231    i._Z22bmac_rx_pkt_set_bufferPch  bmac.o
    0x00005790   0x00005790   0x00000020   Code   RO         2232    i._Z22bmac_set_rx_check_rate10nrk_time_t  bmac.o
    0x000057b0   0x000057b0   0x00000034   Code   RO         2233    i._Z22bmac_wait_until_rx_pktv  bmac.o
    0x000057e4   0x000057e4   0x00000078   Code   RO          575    i._Z22nrk_stack_pointer_initv  nrk_cpu.o
    0x0000585c   0x0000585c   0x00000016   Code   RO         1956    i._Z22rf_addr_decode_disablev  basic_rf.o
    0x00005872   0x00005872   0x00000002   PAD
    0x00005874   0x00005874   0x00000014   Code   RO         1588    i._Z23_nrk_wait_for_schedulerv  nrk_task.o
    0x00005888   0x00005888   0x00000018   Code   RO         2237    i._Z23bmac_get_tx_done_signalv  bmac.o
    0x000058a0   0x000058a0   0x00000014   Code   RO          761    i._Z25_nrk_high_speed_timer_getv  nrk_timer.o
    0x000058b4   0x000058b4   0x0000000c   Code   RO         2241    i._Z25bmac_addr_decode_dest_mact  bmac.o
    0x000058c0   0x000058c0   0x00000032   Code   RO          762    i._Z25nrk_high_speed_timer_waittt  nrk_timer.o
    0x000058f2   0x000058f2   0x00000002   PAD
    0x000058f4   0x000058f4   0x00000070   Code   RO          576    i._Z25nrk_stack_pointer_restorev  nrk_cpu.o
    0x00005964   0x00005964   0x0000000c   Code   RO         1491    i._Z26nrk_get_high_ready_task_IDv  nrk_task.o
    0x00005970   0x00005970   0x00000044   Code   RO         1492    i._Z26nrk_wait_until_next_periodv  nrk_task.o
    0x000059b4   0x000059b4   0x00000018   Code   RO          764    i._Z27_nrk_high_speed_timer_resetv  nrk_timer.o
    0x000059cc   0x000059cc   0x00000004   Code   RO          577    i._Z27nrk_task_set_entry_functionP9task_typePFvvE  nrk_cpu.o
    0x000059d0   0x000059d0   0x0000004c   Code   RO         1493    i._Z29nrk_wait_until_next_n_periodst  nrk_task.o
    0x00005a1c   0x00005a1c   0x00000024   Code   RO         2246    i._Z6_b_powh        bmac.o
    0x00005a40   0x00005a40   0x000000a0   Code   RO          326    i._Z7initLEDv       ulib.o
    0x00005ae0   0x00005ae0   0x00000058   Code   RO         1961    i._Z7rf_initP10RF_RX_INFOhtt  basic_rf.o
    0x00005b38   0x00005b38   0x0000010c   Code   RO         2511    i._Z7rx_taskv       main.o
    0x00005c44   0x00005c44   0x000000b8   Code   RO         2512    i._Z7tx_taskv       main.o
    0x00005cfc   0x00005cfc   0x0000006c   Code   RO         2247    i._Z8_bmac_rxv      bmac.o
    0x00005d68   0x00005d68   0x000000dc   Code   RO         2248    i._Z8_bmac_txv      bmac.o
    0x00005e44   0x00005e44   0x0000002c   Code   RO         1788    i._Z8mrf_inith      mrf24j40.o
    0x00005e70   0x00005e70   0x0000002a   Code   RO         1789    i._Z8mrf_rssiv      mrf24j40.o
    0x00005e9a   0x00005e9a   0x00000002   PAD
    0x00005e9c   0x00005e9c   0x000000ac   Code   RO          955    i._Z8nrk_initv      nrk.o
    0x00005f48   0x00005f48   0x00000054   Code   RO         1494    i._Z8nrk_wait10nrk_time_t  nrk_task.o
    0x00005f9c   0x00005f9c   0x00000020   Code   RO         1962    i._Z8rf_rx_onv      basic_rf.o
    0x00005fbc   0x00005fbc   0x00000016   Code   RO          327    i._Z9PORT_INITv     ulib.o
    0x00005fd2   0x00005fd2   0x00000002   PAD
    0x00005fd4   0x00005fd4   0x00000074   Code   RO         2249    i._Z9bmac_inith     bmac.o
    0x00006048   0x00006048   0x0000009c   Code   RO          329    i._Z9initDEBUGv     ulib.o
    0x000060e4   0x000060e4   0x000000bc   Code   RO         1791    i._Z9mrf_reseth     mrf24j40.o
    0x000061a0   0x000061a0   0x00000088   Code   RO          956    i._Z9nrk_startv     nrk.o
    0x00006228   0x00006228   0x00000020   Code   RO         1963    i._Z9rf_rx_offv     basic_rf.o
    0x00006248   0x00006248   0x00000046   Code   RO         3408    i._ZN27_INTERNAL_6_rtti_c_066a44b012tbc_downcastEPvPKSt9type_infoP28a_base_class_traversal_blockPN10__cxxabiv122__base_class_type_infoE  cpprt_w.l(rtti.o)
    0x0000628e   0x0000628e   0x00000016   Code   RO         3409    i._ZN27_INTERNAL_6_rtti_c_066a44b017tbc_post_downcastEPvPKSt9type_infoP28a_base_class_traversal_blockPN10__cxxabiv122__base_class_type_infoE  cpprt_w.l(rtti.o)
    0x000062a4   0x000062a4   0x000000a4   Code   RO         3410    i._ZN27_INTERNAL_6_rtti_c_066a44b021traverse_base_classesEPvPKSt9type_infoP28a_base_class_traversal_blockPN10__cxxabiv122__base_class_type_infoE  cpprt_w.l(rtti.o)
    0x00006348   0x00006348   0x000000c0   Code   RO         3411    i._ZN27_INTERNAL_6_rtti_c_066a44b023find_base_class_at_addrEPvS0_PKSt9type_infoS3_Pi  cpprt_w.l(rtti.o)
    0x00006408   0x00006408   0x0000000e   Code   RO         3412    i._ZN27_INTERNAL_6_rtti_c_066a44b024get_virtual_base_pointerEPvPN10__cxxabiv122__base_class_type_infoE  cpprt_w.l(rtti.o)
    0x00006416   0x00006416   0x00000002   PAD
    0x00006418   0x00006418   0x000001e4   Code   RO         3413    i._ZN27_INTERNAL_6_rtti_c_066a44b028derived_to_base_conversion_rEPvPS0_PKSt9type_infoS4_jPiiPS4_P19a_result_virtualityS5_  cpprt_w.l(rtti.o)
    0x000065fc   0x000065fc   0x00000030   Code   RO         2931    i._ZN4mbed4Base5clearEPKcPc  mbed.ar(Base.cpp.lpc1768.arm.o)
    0x0000662c   0x0000662c   0x00000038   Code   RO         2932    i._ZN4mbed4Base6lookupEPKcj  mbed.ar(Base.cpp.lpc1768.arm.o)
    0x00006664   0x00006664   0x00000040   Code   RO         2935    i._ZN4mbed4Base9list_objsEPKcPc  mbed.ar(Base.cpp.lpc1768.arm.o)
    0x000066a4   0x000066a4   0x00000024   Code   RO         2936    i._ZN4mbed4BaseC1EPKc  mbed.ar(Base.cpp.lpc1768.arm.o)
    0x000066c8   0x000066c8   0x00000034   Code   RO         2937    i._ZN4mbed4BaseD0Ev  mbed.ar(Base.cpp.lpc1768.arm.o)
    0x000066fc   0x000066fc   0x00000038   Code   RO         2938    i._ZN4mbed4BaseD1Ev  mbed.ar(Base.cpp.lpc1768.arm.o)
    0x00006734   0x00006734   0x00000020   Code   RO         2845    i._ZN4mbed6PwmOutC1E7PinNamePKc  mbed.ar(PwmOut.cpp.lpc1768.arm.o)
    0x00006754   0x00006754   0x0000000e   Code   RO         2914    i._ZN4mbed6PwmOutD0Ev  mbed.ar(PwmOut.cpp.lpc1768.arm.o)
    0x00006762   0x00006762   0x00000004   Code   RO         2887    i._ZN4mbed6PwmOutD1Ev  mbed.ar(PwmOut.cpp.lpc1768.arm.o)
    0x00006766   0x00006766   0x00000002   PAD
    0x00006768   0x00006768   0x00000020   Code   RO         3012    i._ZN4mbed9DigitalInC1E7PinNamePKc  mbed.ar(DigitalIn.cpp.lpc1768.arm.o)
    0x00006788   0x00006788   0x0000000e   Code   RO         3043    i._ZN4mbed9DigitalInD0Ev  mbed.ar(DigitalIn.cpp.lpc1768.arm.o)
    0x00006796   0x00006796   0x00000004   Code   RO         3034    i._ZN4mbed9DigitalInD1Ev  mbed.ar(DigitalIn.cpp.lpc1768.arm.o)
    0x0000679a   0x0000679a   0x00000006   Code   RO         3013    i._ZN4mbed9DigitalIncviEv  mbed.ar(DigitalIn.cpp.lpc1768.arm.o)
    0x000067a0   0x000067a0   0x00000020   Code   RO         3857    i._ZNKSt9type_infoeqERKS_  cpprt_w.l(type_info_eq.o)
    0x000067c0   0x000067c0   0x00000008   Code   RO         3391    i._ZdaPv            cpprt_w.l(array_del.o)
    0x000067c8   0x000067c8   0x00000008   Code   RO         3398    i._ZdlPv            cpprt_w.l(delete.o)
    0x000067d0   0x000067d0   0x00000020   Code   RO         3436    i.__ARM_common_get_typeid  cpprt_w.l(rtti.o)
    0x000067f0   0x000067f0   0x00000028   Code   RO         4110    i.__ARM_fpclassify  m_ws.l(fpclassify.o)
    0x00006818   0x00006818   0x00000070   Code   RO         3414    i.__derived_to_base_conversion  cpprt_w.l(rtti.o)
    0x00006888   0x00006888   0x000000b4   Code   RO         3415    i.__dynamic_cast    cpprt_w.l(rtti.o)
    0x0000693c   0x0000693c   0x0000000e   Code   RO         4274    i.__mathlib_dbl_overflow  m_ws.l(dunder.o)
    0x0000694a   0x0000694a   0x00000002   PAD
    0x0000694c   0x0000694c   0x00000010   Code   RO         4276    i.__mathlib_dbl_underflow  m_ws.l(dunder.o)
    0x0000695c   0x0000695c   0x0000000a   Code   RO         3891    i.__mathlib_flt_overflow  m_ws.l(funder.o)
    0x00006966   0x00006966   0x0000000a   Code   RO         3893    i.__mathlib_flt_underflow  m_ws.l(funder.o)
    0x00006970   0x00006970   0x00000010   Code   RO         4112    i.__mathlib_narrow  m_ws.l(narrow.o)
    0x00006980   0x00006980   0x000000bc   Code   RO         4113    i.__mathlib_tofloat  m_ws.l(narrow.o)
    0x00006a3c   0x00006a3c   0x00000058   Code   RO         2514    i.__sti___8_main_cpp_7b2698e3  main.o
    0x00006a94   0x00006a94   0x00000016   Code   RO         4259    i.__support_ldexp   m_ws.l(ldexp.o)
    0x00006aaa   0x00006aaa   0x00000002   PAD
    0x00006aac   0x00006aac   0x0000000c   Code   RO         2814    i.__user_setup_stackheap  stackheap.o
    0x00006ab8   0x00006ab8   0x0000000e   Code   RO         3319    i._is_digit         c_w.l(__printf_wp.o)
    0x00006ac6   0x00006ac6   0x00000004   Code   RO          957    i._nrk_timer_tick   nrk.o
    0x00006aca   0x00006aca   0x00000002   PAD
    0x00006acc   0x00006acc   0x0000002c   Code   RO         3093    i._sys_close        mbed.ar(stdio.cpp.lpc1768.arm.o)
    0x00006af8   0x00006af8   0x00000028   Code   RO         3096    i._sys_flen         mbed.ar(stdio.cpp.lpc1768.arm.o)
    0x00006b20   0x00006b20   0x00000028   Code   RO         3097    i._sys_istty        mbed.ar(stdio.cpp.lpc1768.arm.o)
    0x00006b48   0x00006b48   0x00000184   Code   RO         3098    i._sys_open         mbed.ar(stdio.cpp.lpc1768.arm.o)
    0x00006ccc   0x00006ccc   0x0000002c   Code   RO         3100    i._sys_seek         mbed.ar(stdio.cpp.lpc1768.arm.o)
    0x00006cf8   0x00006cf8   0x00000054   Code   RO         3101    i._sys_write        mbed.ar(stdio.cpp.lpc1768.arm.o)
    0x00006d4c   0x00006d4c   0x00000020   Code   RO         2823    i.clock             capi.ar(rtc_time.c.lpc1768.arm.o)
    0x00006d6c   0x00006d6c   0x00000016   Code   RO         3230    i.exit              capi.ar(exit.c.lpc1768.arm.o)
    0x00006d82   0x00006d82   0x0000001a   Code   RO         3756    i.fputc             c_w.l(fputc.o)
    0x00006d9c   0x00006d9c   0x00000058   Code   RO         4207    i.frexp             m_ws.l(frexp.o)
    0x00006df4   0x00006df4   0x00000030   Code   RO         3078    i.gpio_input        capi.ar(gpio_api.c.lpc1768.arm.o)
    0x00006e24   0x00006e24   0x00000030   Code   RO         3080    i.gpio_output       capi.ar(gpio_api.c.lpc1768.arm.o)
    0x00006e54   0x00006e54   0x00000018   Code   RO         3081    i.gpio_read         capi.ar(gpio_api.c.lpc1768.arm.o)
    0x00006e6c   0x00006e6c   0x00000018   Code   RO         3082    i.gpio_write        capi.ar(gpio_api.c.lpc1768.arm.o)
    0x00006e84   0x00006e84   0x00000074   Code   RO         4260    i.ldexp             m_ws.l(ldexp.o)
    0x00006ef8   0x00006ef8   0x00000058   Code   RO         2515    i.main              main.o
    0x00006f50   0x00006f50   0x00000078   Code   RO         3232    i.mbed_die          capi.ar(utils_api.c.lpc1768.arm.o)
    0x00006fc8   0x00006fc8   0x00000038   Code   RO         3220    i.pin_function      capi.ar(pinmap.c.lpc1768.arm.o)
    0x00007000   0x00007000   0x00000038   Code   RO         3221    i.pin_mode          capi.ar(pinmap.c.lpc1768.arm.o)
    0x00007038   0x00007038   0x0000003c   Code   RO         3222    i.pinmap_merge      capi.ar(pinmap.c.lpc1768.arm.o)
    0x00007074   0x00007074   0x00000058   Code   RO         3223    i.pinmap_peripheral  capi.ar(pinmap.c.lpc1768.arm.o)
    0x000070cc   0x000070cc   0x000000a4   Code   RO         3224    i.pinmap_pinout     capi.ar(pinmap.c.lpc1768.arm.o)
    0x00007170   0x00007170   0x0000009c   Code   RO         3049    i.pwmout_init       capi.ar(pwmout_api.c.lpc1768.arm.o)
    0x0000720c   0x0000720c   0x0000003c   Code   RO         3052    i.pwmout_period_us  capi.ar(pwmout_api.c.lpc1768.arm.o)
    0x00007248   0x00007248   0x00000054   Code   RO         3590    i.scalbnf           m_ws.l(scalbnf.o)
    0x0000729c   0x0000729c   0x0000000c   Code   RO         3242    i.semihost_exit     capi.ar(semihost_api.c.lpc1768.arm.o)
    0x000072a8   0x000072a8   0x00000100   Code   RO         3199    i.serial_baud       capi.ar(serial_api.c.lpc1768.arm.o)
    0x000073a8   0x000073a8   0x00000094   Code   RO         3201    i.serial_format     capi.ar(serial_api.c.lpc1768.arm.o)
    0x0000743c   0x0000743c   0x000000e4   Code   RO         3204    i.serial_init       capi.ar(serial_api.c.lpc1768.arm.o)
    0x00007520   0x00007520   0x0000000c   Code   RO         3206    i.serial_putc       capi.ar(serial_api.c.lpc1768.arm.o)
    0x0000752c   0x0000752c   0x00000014   Code   RO         3598    i.strtof            m_ws.l(strtof.o)
    0x00007540   0x00007540   0x00000014   Code   RO         3186    i.timer_frequency   capi.ar(timer_api.c.lpc1768.arm.o)
    0x00007554   0x00007554   0x00000070   Code   RO         3187    i.timer_init        capi.ar(timer_api.c.lpc1768.arm.o)
    0x000075c4   0x000075c4   0x00000004   Code   RO         3188    i.timer_read        capi.ar(timer_api.c.lpc1768.arm.o)
    0x000075c8   0x000075c8   0x0000000c   Code   RO         3189    i.timer_start       capi.ar(timer_api.c.lpc1768.arm.o)
    0x000075d4   0x000075d4   0x00000038   Code   RO         3088    i.us_ticker_read    capi.ar(us_ticker_api.c.lpc1768.arm.o)
    0x0000760c   0x0000760c   0x0000001c   Code   RO         2830    i.wait_ms           capi.ar(wait_api.c.lpc1768.arm.o)
    0x00007628   0x00007628   0x00000016   Code   RO         2831    i.wait_us           capi.ar(wait_api.c.lpc1768.arm.o)
    0x0000763e   0x0000763e   0x00000002   PAD
    0x00007640   0x00007640   0x0000002c   Code   RO         4029    locale$$code        c_w.l(lc_ctype_c.o)
    0x0000766c   0x0000766c   0x0000002c   Code   RO         4032    locale$$code        c_w.l(lc_numeric_c.o)
    0x00007698   0x00007698   0x00000062   Code   RO         3545    x$fpl$d2f           fz_ws.l(d2f.o)
    0x000076fa   0x000076fa   0x00000002   PAD
    0x000076fc   0x000076fc   0x00000010   Code   RO         4256    x$fpl$dcheck1       fz_ws.l(dcheck1.o)
    0x0000770c   0x0000770c   0x00000018   Code   RO         4234    x$fpl$dcmpinf       fz_ws.l(dcmpi.o)
    0x00007724   0x00007724   0x00000078   Code   RO         4190    x$fpl$deqf          fz_ws.l(deqf.o)
    0x0000779c   0x0000779c   0x00000078   Code   RO         4236    x$fpl$dleqf         fz_ws.l(dleqf.o)
    0x00007814   0x00007814   0x0000009c   Code   RO         3866    x$fpl$dnaninf       fz_ws.l(dnaninf.o)
    0x000078b0   0x000078b0   0x0000000c   Code   RO         3868    x$fpl$dretinf       fz_ws.l(dretinf.o)
    0x000078bc   0x000078bc   0x0000006c   Code   RO         4192    x$fpl$drleqf        fz_ws.l(drleqf.o)
    0x00007928   0x00007928   0x00000056   Code   RO         3559    x$fpl$f2d           fz_ws.l(f2d.o)
    0x0000797e   0x0000797e   0x00000002   PAD
    0x00007980   0x00007980   0x000000c4   Code   RO         3561    x$fpl$fadd          fz_ws.l(faddsub_clz.o)
    0x00007a44   0x00007a44   0x0000000c   Code   RO         4106    x$fpl$fcheck1       fz_ws.l(fcheck1.o)
    0x00007a50   0x00007a50   0x00000184   Code   RO         3568    x$fpl$fdiv          fz_ws.l(fdiv.o)
    0x00007bd4   0x00007bd4   0x00000036   Code   RO         3571    x$fpl$ffix          fz_ws.l(ffix.o)
    0x00007c0a   0x00007c0a   0x00000002   PAD
    0x00007c0c   0x00007c0c   0x00000030   Code   RO         3580    x$fpl$fflt          fz_ws.l(fflt_clz.o)
    0x00007c3c   0x00007c3c   0x00000026   Code   RO         3579    x$fpl$ffltu         fz_ws.l(fflt_clz.o)
    0x00007c62   0x00007c62   0x00000002   PAD
    0x00007c64   0x00007c64   0x00000102   Code   RO         3585    x$fpl$fmul          fz_ws.l(fmul.o)
    0x00007d66   0x00007d66   0x0000008c   Code   RO         3870    x$fpl$fnaninf       fz_ws.l(fnaninf.o)
    0x00007df2   0x00007df2   0x0000000a   Code   RO         3872    x$fpl$fretinf       fz_ws.l(fretinf.o)
    0x00007dfc   0x00007dfc   0x000000ea   Code   RO         3563    x$fpl$fsub          fz_ws.l(faddsub_clz.o)
    0x00007ee6   0x00007ee6   0x00000006   Code   RO         3874    x$fpl$ieeestatus    fz_ws.l(istatus.o)
    0x00007eec   0x00007eec   0x00000004   Code   RO         3587    x$fpl$printf1       fz_ws.l(printf1.o)
    0x00007ef0   0x00007ef0   0x00000004   Code   RO         3876    x$fpl$printf2       fz_ws.l(printf2.o)
    0x00007ef4   0x00007ef4   0x00000064   Code   RO         4198    x$fpl$retnan        fz_ws.l(retnan.o)
    0x00007f58   0x00007f58   0x0000005c   Code   RO         4238    x$fpl$scalbn        fz_ws.l(scalbn.o)
    0x00007fb4   0x00007fb4   0x0000004c   Code   RO         3882    x$fpl$scalbnf       fz_ws.l(scalbnf.o)
    0x00008000   0x00008000   0x00000004   Code   RO         3884    x$fpl$scanf1        fz_ws.l(scanf1.o)
    0x00008004   0x00008004   0x00000008   Code   RO         4200    x$fpl$scanf2        fz_ws.l(scanf2.o)
    0x0000800c   0x0000800c   0x00000030   Code   RO         4240    x$fpl$trapveneer    fz_ws.l(trapv.o)
    0x0000803c   0x0000803c   0x00000000   Code   RO         3886    x$fpl$usenofp       fz_ws.l(usenofp.o)
    0x0000803c   0x0000803c   0x00000018   Data   RO         2958    .constdata          mbed.ar(Base.cpp.lpc1768.arm.o)
    0x00008054   0x00008054   0x000000b4   Data   RO         3058    .constdata          capi.ar(pwmout_api.c.lpc1768.arm.o)
    0x00008108   0x00008108   0x00000017   Data   RO         3152    .constdata          mbed.ar(stdio.cpp.lpc1768.arm.o)
    0x0000811f   0x0000811f   0x00000001   PAD
    0x00008120   0x00008120   0x00000154   Data   RO         3209    .constdata          capi.ar(serial_api.c.lpc1768.arm.o)
    0x00008274   0x00008274   0x00000028   Data   RO         3307    .constdata          c_w.l(_printf_hex_int_ll_ptr.o)
    0x0000829c   0x0000829c   0x00000011   Data   RO         3327    .constdata          c_w.l(__printf_flags_ss_wp.o)
    0x000082ad   0x000082ad   0x00000003   PAD
    0x000082b0   0x000082b0   0x00000004   Data   RO         3381    .constdata          c_w.l(aeabi_clocks.o)
    0x000082b4   0x000082b4   0x00000008   Data   RO         3706    .constdata          c_w.l(_printf_wctomb.o)
    0x000082bc   0x000082bc   0x00000026   Data   RO         3964    .constdata          c_w.l(_printf_fp_hex.o)
    0x000082e2   0x000082e2   0x00000002   PAD
    0x000082e4   0x000082e4   0x00000094   Data   RO         3983    .constdata          c_w.l(bigflt0.o)
    0x00008378   0x00008378   0x0000000c   Data   RO         3526    .constdata__ZTIN10__cxxabiv117__class_type_infoE  cpprt_w.l(lib_rtti_impl.o)
    0x00008384   0x00008384   0x0000000c   Data   RO         3527    .constdata__ZTIN10__cxxabiv120__si_class_type_infoE  cpprt_w.l(lib_rtti_impl.o)
    0x00008390   0x00008390   0x0000000c   Data   RO         3528    .constdata__ZTIN10__cxxabiv121__vmi_class_type_infoE  cpprt_w.l(lib_rtti_impl.o)
    0x0000839c   0x0000839c   0x00000008   Data   RO         3182    .constdata__ZTIN4mbed10FileHandleE  mbed.ar(stdio.cpp.lpc1768.arm.o)
    0x000083a4   0x000083a4   0x0000000c   Data   RO         3006    .constdata__ZTIN4mbed14FileSystemLikeE  mbed.ar(Base.cpp.lpc1768.arm.o)
    0x000083b0   0x000083b0   0x00000008   Data   RO         2983    .constdata__ZTIN4mbed4BaseE  mbed.ar(Base.cpp.lpc1768.arm.o)
    0x000083b8   0x000083b8   0x0000000c   Data   RO         2923    .constdata__ZTIN4mbed6PwmOutE  mbed.ar(PwmOut.cpp.lpc1768.arm.o)
    0x000083c4   0x000083c4   0x00000020   Data   RO         3181    .constdata__ZTIN4mbed8FileLikeE  mbed.ar(stdio.cpp.lpc1768.arm.o)
    0x000083e4   0x000083e4   0x0000000c   Data   RO         3046    .constdata__ZTIN4mbed9DigitalInE  mbed.ar(DigitalIn.cpp.lpc1768.arm.o)
    0x000083f0   0x000083f0   0x00000008   Data   RO         3855    .constdata__ZTISt9type_info  cpprt_w.l(type_info_dtor.o)
    0x000083f8   0x000083f8   0x00000022   Data   RO         3536    .constdata__ZTSN10__cxxabiv117__class_type_infoE  cpprt_w.l(lib_rtti_impl.o)
    0x0000841a   0x0000841a   0x00000025   Data   RO         3537    .constdata__ZTSN10__cxxabiv120__si_class_type_infoE  cpprt_w.l(lib_rtti_impl.o)
    0x0000843f   0x0000843f   0x00000026   Data   RO         3538    .constdata__ZTSN10__cxxabiv121__vmi_class_type_infoE  cpprt_w.l(lib_rtti_impl.o)
    0x00008465   0x00008465   0x00000014   Data   RO         3184    .constdata__ZTSN4mbed10FileHandleE  mbed.ar(stdio.cpp.lpc1768.arm.o)
    0x00008479   0x00008479   0x00000018   Data   RO         3007    .constdata__ZTSN4mbed14FileSystemLikeE  mbed.ar(Base.cpp.lpc1768.arm.o)
    0x00008491   0x00008491   0x0000000d   Data   RO         2987    .constdata__ZTSN4mbed4BaseE  mbed.ar(Base.cpp.lpc1768.arm.o)
    0x0000849e   0x0000849e   0x0000000f   Data   RO         2924    .constdata__ZTSN4mbed6PwmOutE  mbed.ar(PwmOut.cpp.lpc1768.arm.o)
    0x000084ad   0x000084ad   0x00000011   Data   RO         3183    .constdata__ZTSN4mbed8FileLikeE  mbed.ar(stdio.cpp.lpc1768.arm.o)
    0x000084be   0x000084be   0x00000012   Data   RO         3047    .constdata__ZTSN4mbed9DigitalInE  mbed.ar(DigitalIn.cpp.lpc1768.arm.o)
    0x000084d0   0x000084d0   0x0000000d   Data   RO         3856    .constdata__ZTSSt9type_info  cpprt_w.l(type_info_dtor.o)
    0x000084dd   0x000084dd   0x00000003   PAD
    0x000084e0   0x000084e0   0x00000010   Data   RO         3508    .constdata__ZTVN10__cxxabiv117__class_type_infoE  cpprt_w.l(lib_rtti_impl.o)
    0x000084f0   0x000084f0   0x00000010   Data   RO         3510    .constdata__ZTVN10__cxxabiv120__si_class_type_infoE  cpprt_w.l(lib_rtti_impl.o)
    0x00008500   0x00008500   0x00000010   Data   RO         3512    .constdata__ZTVN10__cxxabiv121__vmi_class_type_infoE  cpprt_w.l(lib_rtti_impl.o)
    0x00008510   0x00008510   0x00000018   Data   RO         2979    .constdata__ZTVN4mbed4BaseE  mbed.ar(Base.cpp.lpc1768.arm.o)
    0x00008528   0x00008528   0x00000018   Data   RO         2883    .constdata__ZTVN4mbed6PwmOutE  mbed.ar(PwmOut.cpp.lpc1768.arm.o)
    0x00008540   0x00008540   0x00000018   Data   RO         3032    .constdata__ZTVN4mbed9DigitalInE  mbed.ar(DigitalIn.cpp.lpc1768.arm.o)
    0x00008558   0x00008558   0x0000000e   Data   RO         2960    .conststring        mbed.ar(Base.cpp.lpc1768.arm.o)
    0x00008566   0x00008566   0x00000005   Data   RO         2961    .conststring        mbed.ar(Base.cpp.lpc1768.arm.o)
    0x0000856b   0x0000856b   0x00000001   PAD
    0x0000856c   0x0000856c   0x00000020   Data   RO         4289    Region$$Table       anon$$obj.o
    0x0000858c   0x0000858c   0x00000008   Data   RO         4194    c$$dinf             fz_ws.l(fpconst.o)
    0x00008594   0x00008594   0x00000008   Data   RO         4197    c$$dmax             fz_ws.l(fpconst.o)
    0x0000859c   0x0000859c   0x00000110   Data   RO         4028    locale$$data        c_w.l(lc_ctype_c.o)
    0x000086ac   0x000086ac   0x0000001c   Data   RO         4031    locale$$data        c_w.l(lc_numeric_c.o)
    0x000086c8   0x000086c8   0x00000004   Data   RO         2535    .init_array         main.o
    0x000086cc   0x000086c8   0x00000000   Data   RO         3386    .init_array         c_w.l(init_aeabi.o)


    Execution Region RW_IRAM1 (Exec base: 0x10000000, Load base: 0x000086cc, Size: 0x00000ddc, Max: 0x00008000, ABSOLUTE, COMPRESSED[0x00000030])

    Exec Addr    Load Addr    Size         Type   Attr      Idx    E Section Name        Object

    0x10000000   COMPRESSED   0x000000c4   Data   RW         2820    .ARM.__AT_0x10000000  cmsis_nvic.o
    0x100000c4   COMPRESSED   0x00000002   Data   RW          788    .data               nrk_timer.o
    0x100000c6   COMPRESSED   0x00000002   PAD
    0x100000c8   COMPRESSED   0x00000004   Data   RW          968    .data               nrk.o
    0x100000cc   COMPRESSED   0x00000001   Data   RW          969    .data               nrk.o
    0x100000cd   COMPRESSED   0x00000003   PAD
    0x100000d0   COMPRESSED   0x00000014   Data   RW          970    .data               nrk.o
    0x100000e4   COMPRESSED   0x00000008   Data   RW          973    .data               nrk.o
    0x100000ec   COMPRESSED   0x00000002   Data   RW         1215    .data               nrk_error.o
    0x100000ee   COMPRESSED   0x00000002   PAD
    0x100000f0   COMPRESSED   0x00000004   Data   RW         1313    .data               nrk_events.o
    0x100000f4   COMPRESSED   0x00000008   Data   RW         1415    .data               nrk_scheduler.o
    0x100000fc   COMPRESSED   0x00000004   Data   RW         1814    .data               mrf24j40.o
    0x10000100   COMPRESSED   0x00000006   Data   RW         2005    .data               basic_rf.o
    0x10000106   COMPRESSED   0x00000002   PAD
    0x10000108   COMPRESSED   0x00000018   Data   RW         2290    .data               bmac.o
    0x10000120   COMPRESSED   0x00000028   Data   RW         2533    .data               main.o
    0x10000148   COMPRESSED   0x00000004   Data   RW         2811    .data               system_LPC17xx.o
    0x1000014c   COMPRESSED   0x00000008   Data   RW         2962    .data               mbed.ar(Base.cpp.lpc1768.arm.o)
    0x10000154   COMPRESSED   0x0000000c   Data   RW         2963    .data               mbed.ar(Base.cpp.lpc1768.arm.o)
    0x10000160   COMPRESSED   0x0000001c   Data   RW         3059    .data               capi.ar(pwmout_api.c.lpc1768.arm.o)
    0x1000017c   COMPRESSED   0x00000004   Data   RW         3089    .data               capi.ar(us_ticker_api.c.lpc1768.arm.o)
    0x10000180   COMPRESSED   0x00000004   Data   RW         3343    .data               c_w.l(stdio_streams.o)
    0x10000184   COMPRESSED   0x00000004   Data   RW         3344    .data               c_w.l(stdio_streams.o)
    0x10000188   COMPRESSED   0x00000004   Data   RW         3345    .data               c_w.l(stdio_streams.o)
    0x1000018c   COMPRESSED   0x00000004   Data   RW         3360    .data               c_w.l(strtok.o)
    0x10000190   COMPRESSED   0x00000004   Data   RW         4163    .data               c_w.l(heapauxa.o)
    0x10000194        -       0x00000080   Zero   RW          966    .bss                nrk.o
    0x10000214        -       0x000002bc   Zero   RW          967    .bss                nrk.o
    0x100004d0        -       0x0000000c   Zero   RW         2004    .bss                basic_rf.o
    0x100004dc        -       0x00000148   Zero   RW         2289    .bss                bmac.o
    0x10000624        -       0x00000574   Zero   RW         2529    .bss                main.o
    0x10000b98        -       0x00000040   Zero   RW         3151    .bss                mbed.ar(stdio.cpp.lpc1768.arm.o)
    0x10000bd8        -       0x00000054   Zero   RW         3340    .bss                c_w.l(stdio_streams.o)
    0x10000c2c        -       0x00000054   Zero   RW         3341    .bss                c_w.l(stdio_streams.o)
    0x10000c80        -       0x00000054   Zero   RW         3342    .bss                c_w.l(stdio_streams.o)
    0x10000cd4        -       0x000000e4   Zero   RW         3348    .bss                c_w.l(rand.o)
    0x10000db8        -       0x00000004   Zero   RW         3614    .bss                c_w.l(rt_ddtor_pointer_addr.o)
    0x10000dbc        -       0x00000004   Zero   RW         3619    .bss                c_w.l(rt_errno_addr.o)
    0x10000dc0        -       0x00000004   Zero   RW         3930    .bss                c_w.l(rt_heap_descriptor.o)
    0x10000dc4        -       0x00000014   Zero   RW         3935    .bss                c_w.l(rt_locale.o)
    0x10000dd8        -       0x00000004   Zero   RW         4122    .bss                c_w.l(rt_eh_globals_addr.o)


    Execution Region RW_IRAM2 (Exec base: 0x2007c000, Load base: 0x000086fc, Size: 0x00000000, Max: 0x00004000, ABSOLUTE)

    **** No section assigned to this execution region ****


    Execution Region RW_IRAM3 (Exec base: 0x20080000, Load base: 0x000086fc, Size: 0x00000000, Max: 0x00004000, ABSOLUTE)

    **** No section assigned to this execution region ****


    Execution Region RW_IRAM4 (Exec base: 0x40038000, Load base: 0x000086fc, Size: 0x00000000, Max: 0x00000800, ABSOLUTE)

    **** No section assigned to this execution region ****


==============================================================================

Image component sizes


      Code (inc. data)   RO Data    RW Data    ZI Data      Debug   Object Name

      1158        112          0          6         12      21002   basic_rf.o
       996        110          0         24        328      16238   bmac.o
         0          0          0        196          0          0   cmsis_nvic.o
         0          0          0          0          0      21545   hal_wait.o
       832        172          4         40       1396      25513   main.o
      1092         72          0          4          0      11637   mrf24j40.o
       120         14          0          0          0        412   my_asm.o
       708         38          0         33        828       6877   nrk.o
       404         26          0          0          0      31660   nrk_cpu.o
         0          0          0          0          0       4382   nrk_eeprom.o
        48         18          0          2          0       3275   nrk_error.o
       284         32          0          4          0       3565   nrk_events.o
        32          6          0          0          0        640   nrk_idle_task.o
       660         42          0          8          0       1798   nrk_scheduler.o
         2          0          0          0          0        578   nrk_stack_check.o
       780         82          0          0          0       9032   nrk_task.o
        64          8          0          0          0       2138   nrk_time.o
       382         36          0          2          0      14869   nrk_timer.o
        12          4          0          0          0         60   stackheap.o
        40         12        196          0          0        220   startup_LPC17xx.o
       120         10          0          4          0         60   system_LPC17xx.o
      1116         34          0          0          0      16476   ulib.o

    ----------------------------------------------------------------------
      8878        828        232        332       2564     191977   Object Totals
         0          0         32          0          0          0   (incl. Generated)
        28          0          0          9          0          0   (incl. Padding)

    ----------------------------------------------------------------------

      Code (inc. data)   RO Data    RW Data    ZI Data      Debug   Library Member Name

        24          4          0          0          0         84   __2printf.o
        44          6          0          0          0         84   __2sprintf.o
        90          0          0          0          0          0   __dczerorl2.o
         8          0          0          0          0         68   __main.o
       392          4         17          0          0         92   __printf_flags_ss_wp.o
        14          0          0          0          0         68   __printf_wp.o
         0          0          0          0          0          0   __rtentry.o
        12          0          0          0          0          0   __rtentry2.o
         6          0          0          0          0          0   __rtentry4.o
        52          8          0          0          0          0   __scatter.o
        28          0          0          0          0          0   __scatter_zi.o
        28          0          0          0          0         68   _chval.o
        60          0          0          0          0         92   _mbrtowc.o
         6          0          0          0          0          0   _printf_a.o
         6          0          0          0          0          0   _printf_c.o
        44          0          0          0          0        108   _printf_char.o
        48          6          0          0          0         96   _printf_char_common.o
        36          4          0          0          0         80   _printf_char_file.o
        40          0          0          0          0         68   _printf_charcount.o
         6          0          0          0          0          0   _printf_d.o
       120         16          0          0          0         92   _printf_dec.o
         6          0          0          0          0          0   _printf_e.o
         6          0          0          0          0          0   _printf_f.o
      1054          0          0          0          0        216   _printf_fp_dec.o
       764          8         38          0          0        100   _printf_fp_hex.o
       128         16          0          0          0         84   _printf_fp_infnan.o
         6          0          0          0          0          0   _printf_g.o
       148          4         40          0          0        160   _printf_hex_int_ll_ptr.o
         6          0          0          0          0          0   _printf_i.o
       178          0          0          0          0         88   _printf_intcommon.o
        10          0          0          0          0          0   _printf_l.o
         6          0          0          0          0          0   _printf_lc.o
        10          0          0          0          0          0   _printf_ll.o
         6          0          0          0          0          0   _printf_lld.o
         6          0          0          0          0          0   _printf_lli.o
         6          0          0          0          0          0   _printf_llo.o
         6          0          0          0          0          0   _printf_llu.o
         6          0          0          0          0          0   _printf_llx.o
       124         16          0          0          0         92   _printf_longlong_dec.o
         6          0          0          0          0          0   _printf_ls.o
         6          0          0          0          0          0   _printf_n.o
         6          0          0          0          0          0   _printf_o.o
       112         10          0          0          0        124   _printf_oct_int_ll.o
         6          0          0          0          0          0   _printf_p.o
        78          0          0          0          0        108   _printf_pad.o
         0          0          0          0          0          0   _printf_percent.o
         4          0          0          0          0          0   _printf_percent_end.o
         6          0          0          0          0          0   _printf_s.o
        82          0          0          0          0         80   _printf_str.o
        36          0          0          0          0         84   _printf_truncate.o
         6          0          0          0          0          0   _printf_u.o
        44          0          0          0          0        108   _printf_wchar.o
       188          6          8          0          0         92   _printf_wctomb.o
         6          0          0          0          0          0   _printf_x.o
        22          0          0          0          0        100   _rserrno.o
       884          6          0          0          0        100   _scanf.o
       332          0          0          0          0         96   _scanf_int.o
       342          0          0          0          0        100   _scanf_longlong.o
       276          0          0          0          0        100   _scanf_mbtowc.o
       224          0          0          0          0         96   _scanf_str.o
        30          0          0          0          0         76   _scanf_wcharmap.o
       232          0          0          0          0        100   _scanf_wctomb.o
       208          0          0          0          0         96   _scanf_wstr.o
        64          0          0          0          0         84   _sgetc.o
        10          0          0          0          0         68   _sputc.o
        64          0          0          0          0         92   _wcrtomb.o
        22          0          0          0          0         80   abort.o
        46          0          0          0          0         84   aeabi_atexit.o
         0          0          4          0          0          0   aeabi_clocks.o
       128         42          0          0          0         76   assert.o
        24          6          0          0          0         80   assert_stdio.o
       228          4        148          0          0         96   bigflt0.o
      2152        136          0          0          0        960   btod.o
        66          0          0          0          0         84   cxa_finalize.o
        48         34          0          0          0         76   defsig_abrt_inner.o
        14          0          0          0          0         80   defsig_abrt_outer.o
        10          0          0          0          0         68   defsig_exit.o
        50          0          0          0          0         88   defsig_general.o
        80         58          0          0          0         76   defsig_rtmem_inner.o
        14          0          0          0          0         80   defsig_rtmem_outer.o
        52         38          0          0          0         76   defsig_rtred_inner.o
        14          0          0          0          0         80   defsig_rtred_outer.o
        76          0          0          0          0         88   fclose.o
         8          0          0          0          0         68   ferror.o
       100          4          0          0          0        120   fflush.o
       470          0          0          0          0         88   flsbuf.o
       236          4          0          0          0        128   fopen.o
        20          0          0          0          0         84   fprintf.o
        26          0          0          0          0         68   fputc.o
        34          0          0          0          0         80   fputs.o
       248          6          0          0          0         84   fseek.o
        66          0          0          0          0         76   ftell.o
        94          0          0          0          0         80   h1_alloc.o
        52          0          0          0          0         68   h1_extend.o
        78          0          0          0          0         80   h1_free.o
        14          0          0          0          0         84   h1_init.o
        80          6          0          4          0         96   heapauxa.o
         4          0          0          0          0        136   hguard.o
         0          0          0          0          0          0   indicate_semi.o
        36         10          0          0          0         80   init_aeabi.o
       138          0          0          0          0        168   init_alloc.o
       312         46          0          0          0        112   initio.o
        18          0          0          0          0         76   isspace.o
        44         10        272          0          0         76   lc_ctype_c.o
        44         10         28          0          0         76   lc_numeric_c.o
         2          0          0          0          0          0   libinit.o
        50          0          0          0          0          0   libinit2.o
         0          0          0          0          0          0   libshutdown2.o
        38          0          0          0          0         68   llshl.o
       138          0          0          0          0         80   lludiv10.o
       238          0          0          0          0        100   lludivv7m.o
         0          0          0          0          0          0   maybetermalloc1.o
       112         18          0          0        228        160   rand.o
        16          4          0          0          0         76   rt_ctype_table.o
         8          4          0          0          4         68   rt_ddtor_pointer_addr.o
         8          4          0          0          4         68   rt_eh_globals_addr.o
         8          4          0          0          4         68   rt_errno_addr.o
         8          4          0          0          4         68   rt_heap_descriptor.o
         8          4          0          0         20         68   rt_locale.o
        78          0          0          0          0         80   rt_memclr_w.o
        44          8          0          0          0         84   scanf_char.o
      1272         16          0          0          0        168   scanf_fp.o
       800         14          0          0          0        100   scanf_hexfp.o
       308         16          0          0          0        100   scanf_infnan.o
        70          0          0          0          0         80   setvbuf.o
        44          6          0          0          0         84   sprintf.o
        60          8          0          0          0         84   sscanf.o
       240          6          0          0          0        156   stdio.o
         0          0          0         12        252          0   stdio_streams.o
       128          0          0          0          0         68   strcmpv7m.o
        32          0          0          0          0         80   strcspn.o
        62          0          0          0          0         76   strlen.o
       150          0          0          0          0         80   strncmp.o
        28          0          0          0          0         80   strspn.o
       164         14          0          0          0        120   strtod.o
        26          0          0          0          0         80   strtof.o
        12          6          0          4          0         68   strtok.o
        68          4          0          0          0         84   strtok_int.o
        12          4          0          0          0         68   sys_exit.o
        14          0          0          0          0         76   sys_wrch.o
         2          0          0          0          0         68   use_no_semi.o
        22          0          0          0          0         76   exit.c.lpc1768.arm.o
       144          0          0          0          0        264   gpio_api.c.lpc1768.arm.o
       424        100          0          0          0        332   pinmap.c.lpc1768.arm.o
       216         36        180         28          0        144   pwmout_api.c.lpc1768.arm.o
        32         10          0          0          0         68   rtc_time.c.lpc1768.arm.o
        12          0          0          0          0         68   semihost_api.c.lpc1768.arm.o
       644        110        340          0          0        280   serial_api.c.lpc1768.arm.o
       148         16          0          0          0        240   timer_api.c.lpc1768.arm.o
        56         12          0          4          0         80   us_ticker_api.c.lpc1768.arm.o
       120          6          0          0          0         76   utils_api.c.lpc1768.arm.o
        50          0          0          0          0        144   wait_api.c.lpc1768.arm.o
         4          0          0          0          0         72   arm_bad_typeid_noexceptions.o
        80         12          0          0          0        104   arm_exceptions_globs.o
        60          0          0          0          0        108   arm_exceptions_mem.o
        26          0          0          0          0         76   arm_exceptions_terminate.o
         8          0          0          0          0         76   array_del.o
         8          0          0          0          0         76   delete.o
         0          0        193          0          0          0   lib_rtti_impl.o
      1270         42          0          0          0        780   rtti.o
         0          0         21          0          0          0   type_info_dtor.o
        32          0          0          0          0         80   type_info_eq.o
        98          4          0          0          0         92   d2f.o
        16          4          0          0          0         68   dcheck1.o
        24          0          0          0          0         68   dcmpi.o
       120          4          0          0          0         92   deqf.o
       120          4          0          0          0         92   dleqf.o
       156          4          0          0          0         92   dnaninf.o
        12          0          0          0          0         68   dretinf.o
       108          0          0          0          0         80   drleqf.o
        86          4          0          0          0         84   f2d.o
       430          8          0          0          0        168   faddsub_clz.o
        12          4          0          0          0         68   fcheck1.o
       388         76          0          0          0         96   fdiv.o
        54          4          0          0          0         84   ffix.o
        86          0          0          0          0        136   fflt_clz.o
       258          4          0          0          0         84   fmul.o
       140          4          0          0          0         84   fnaninf.o
         0          0         16          0          0          0   fpconst.o
        10          0          0          0          0         68   fretinf.o
         6          0          0          0          0         68   istatus.o
         4          0          0          0          0         68   printf1.o
         4          0          0          0          0         68   printf2.o
       100          0          0          0          0         68   retnan.o
        92          0          0          0          0         68   scalbn.o
        76          0          0          0          0         68   scalbnf.o
         4          0          0          0          0         68   scanf1.o
         8          0          0          0          0         84   scanf2.o
        48          0          0          0          0         68   trapv.o
         0          0          0          0          0          0   usenofp.o
        30          6          0          0          0        136   dunder.o
        40          0          0          0          0         68   fpclassify.o
        88          8          0          0          0         76   frexp.o
        20          0          0          0          0        136   funder.o
       138          0          0          0          0        160   ldexp.o
       204          4          0          0          0        168   narrow.o
        84          0          0          0          0         76   scalbnf.o
        20          0          0          0          0         76   strtof.o
       312         46        124         20          0        396   Base.cpp.lpc1768.arm.o
        56          4         54          0          0        264   DigitalIn.cpp.lpc1768.arm.o
        50          4         51          0          0        204   PwmOut.cpp.lpc1768.arm.o
       640         68        100          0         64        404   stdio.cpp.lpc1768.arm.o

    ----------------------------------------------------------------------
     23754       1282       1644         72        580      17712   Library Totals
        48          2         10          0          0          0   (incl. Padding)

    ----------------------------------------------------------------------

      Code (inc. data)   RO Data    RW Data    ZI Data      Debug   Library Name

     16208        672        555         20        516      10252   c_w.l
      1868        290        520         32          0       1772   capi.ar
      1488         54        214          0          0       1372   cpprt_w.l
      2460        124         16          0          0       2152   fz_ws.l
       624         18          0          0          0        896   m_ws.l
      1058        122        329         20         64       1268   mbed.ar

    ----------------------------------------------------------------------
     23754       1282       1644         72        580      17712   Library Totals

    ----------------------------------------------------------------------

==============================================================================


      Code (inc. data)   RO Data    RW Data    ZI Data      Debug   

     32632       2110       1876        404       3144     192913   Grand Totals
     32632       2110       1876         48       3144     192913   ELF Image Totals (compressed)
     32632       2110       1876         48          0          0   ROM Totals

==============================================================================

    Total RO  Size (Code + RO Data)                34508 (  33.70kB)
    Total RW  Size (RW Data + ZI Data)              3548 (   3.46kB)
    Total ROM Size (Code + RO Data + RW Data)      34556 (  33.75kB)

==============================================================================

